Archive member included to satisfy reference by file (symbol)

/Users/lucaschen/Library/Application Support/Code/User/globalStorage/vexrobotics.vexcode/sdk/cpp/V5/V5_20240802_15_00_00/vexv5/libv5rt.a(v5_startup.c.obj)
                              (vexStartup)
/Users/lucaschen/Library/Application Support/Code/User/globalStorage/vexrobotics.vexcode/sdk/cpp/V5/V5_20240802_15_00_00/vexv5/libv5rt.a(v5_util.c.obj)
                              /Users/lucaschen/Library/Application Support/Code/User/globalStorage/vexrobotics.vexcode/sdk/cpp/V5/V5_20240802_15_00_00/vexv5/libv5rt.a(v5_startup.c.obj) (vexStdlibVersionLinked)
/Users/lucaschen/Library/Application Support/Code/User/globalStorage/vexrobotics.vexcode/sdk/cpp/V5/V5_20240802_15_00_00/vexv5/libv5rt.a(v5_apijump.c.obj)
                              /Users/lucaschen/Library/Application Support/Code/User/globalStorage/vexrobotics.vexcode/sdk/cpp/V5/V5_20240802_15_00_00/vexv5/libv5rt.a(v5_startup.c.obj) (vexPrivateApiEnable)
/Users/lucaschen/Library/Application Support/Code/User/globalStorage/vexrobotics.vexcode/sdk/cpp/V5/V5_20240802_15_00_00/vexv5/libv5rt.a(v5_apiversions.c.obj)
                              /Users/lucaschen/Library/Application Support/Code/User/globalStorage/vexrobotics.vexcode/sdk/cpp/V5/V5_20240802_15_00_00/vexv5/libv5rt.a(v5_apijump.c.obj) (vexSystemVersion)
/Users/lucaschen/Library/Application Support/Code/User/globalStorage/vexrobotics.vexcode/sdk/cpp/V5/V5_20240802_15_00_00/vexv5/libv5rt.a(vex_global.cpp.obj)
                              build/src/main.o (vex::wait(double, vex::timeUnits))
/Users/lucaschen/Library/Application Support/Code/User/globalStorage/vexrobotics.vexcode/sdk/cpp/V5/V5_20240802_15_00_00/vexv5/libv5rt.a(vex_motor.cpp.obj)
                              build/src/main.o (vex::motor::~motor())
/Users/lucaschen/Library/Application Support/Code/User/globalStorage/vexrobotics.vexcode/sdk/cpp/V5/V5_20240802_15_00_00/vexv5/libv5rt.a(vex_imu.cpp.obj)
                              build/src/auton.o (vex::inertial::setRotation(double, vex::rotationUnits))
/Users/lucaschen/Library/Application Support/Code/User/globalStorage/vexrobotics.vexcode/sdk/cpp/V5/V5_20240802_15_00_00/vexv5/libv5rt.a(vex_rotation.cpp.obj)
                              build/src/main.o (vex::rotation::~rotation())
/Users/lucaschen/Library/Application Support/Code/User/globalStorage/vexrobotics.vexcode/sdk/cpp/V5/V5_20240802_15_00_00/vexv5/libv5rt.a(vex_optical.cpp.obj)
                              build/src/main.o (vex::optical::~optical())
/Users/lucaschen/Library/Application Support/Code/User/globalStorage/vexrobotics.vexcode/sdk/cpp/V5/V5_20240802_15_00_00/vexv5/libv5rt.a(vex_distance.cpp.obj)
                              build/src/main.o (vex::distance::~distance())
/Users/lucaschen/Library/Application Support/Code/User/globalStorage/vexrobotics.vexcode/sdk/cpp/V5/V5_20240802_15_00_00/vexv5/libv5rt.a(vex_controller.cpp.obj)
                              build/src/main.o (vex::controller::~controller())
/Users/lucaschen/Library/Application Support/Code/User/globalStorage/vexrobotics.vexcode/sdk/cpp/V5/V5_20240802_15_00_00/vexv5/libv5rt.a(vex_task.cpp.obj)
                              build/src/main.o (vex::task::task(int (*)()))
/Users/lucaschen/Library/Application Support/Code/User/globalStorage/vexrobotics.vexcode/sdk/cpp/V5/V5_20240802_15_00_00/vexv5/libv5rt.a(vex_thread.cpp.obj)
                              build/src/auton.o (vex::this_thread::sleep_for(unsigned long))
/Users/lucaschen/Library/Application Support/Code/User/globalStorage/vexrobotics.vexcode/sdk/cpp/V5/V5_20240802_15_00_00/vexv5/libv5rt.a(vex_event.cpp.obj)
                              /Users/lucaschen/Library/Application Support/Code/User/globalStorage/vexrobotics.vexcode/sdk/cpp/V5/V5_20240802_15_00_00/vexv5/libv5rt.a(vex_imu.cpp.obj) (vex::event::init(unsigned long, unsigned long, void (*)()))
/Users/lucaschen/Library/Application Support/Code/User/globalStorage/vexrobotics.vexcode/sdk/cpp/V5/V5_20240802_15_00_00/vexv5/libv5rt.a(vex_mevent.cpp.obj)
                              /Users/lucaschen/Library/Application Support/Code/User/globalStorage/vexrobotics.vexcode/sdk/cpp/V5/V5_20240802_15_00_00/vexv5/libv5rt.a(vex_controller.cpp.obj) (vex::mevent::mevent(unsigned long, unsigned long))
/Users/lucaschen/Library/Application Support/Code/User/globalStorage/vexrobotics.vexcode/sdk/cpp/V5/V5_20240802_15_00_00/vexv5/libv5rt.a(vex_brain.cpp.obj)
                              build/src/auton.o (vex::brain::timer(vex::timeUnits))
/Users/lucaschen/Library/Application Support/Code/User/globalStorage/vexrobotics.vexcode/sdk/cpp/V5/V5_20240802_15_00_00/vexv5/libv5rt.a(vex_competition.cpp.obj)
                              build/src/main.o (vex::competition::competition())
/Users/lucaschen/Library/Application Support/Code/User/globalStorage/vexrobotics.vexcode/sdk/cpp/V5/V5_20240802_15_00_00/vexv5/libv5rt.a(vex_triport.cpp.obj)
[...]
Memory Configuration

Name             Origin             Length             Attributes
ps7_ddr_0_S_AXI_BASEADDR 0x0000000003800000 0x0000000004800000
*default*        0x0000000000000000 0xffffffffffffffff

Linker script and memory map

                0x0000000000002000                _STACK_SIZE = DEFINED (_STACK_SIZE)?_STACK_SIZE:0x2000
                0x0000000000100000                _HEAP_SIZE = DEFINED (_HEAP_SIZE)?_HEAP_SIZE:0x100000
                0x0000000000000400                _ABORT_STACK_SIZE = DEFINED (_ABORT_STACK_SIZE)?_ABORT_STACK_SIZE:0x400
                0x0000000000000800                _SUPERVISOR_STACK_SIZE = DEFINED (_SUPERVISOR_STACK_SIZE)?_SUPERVISOR_STACK_SIZE:0x800
                0x0000000000000400                _IRQ_STACK_SIZE = DEFINED (_IRQ_STACK_SIZE)?_IRQ_STACK_SIZE:0x400
                0x0000000000000400                _FIQ_STACK_SIZE = DEFINED (_FIQ_STACK_SIZE)?_FIQ_STACK_SIZE:0x400
                0x0000000000000400                _UNDEF_STACK_SIZE = DEFINED (_UNDEF_STACK_SIZE)?_UNDEF_STACK_SIZE:0x400

.text           0x0000000003800000     0xea30
 *(.vectors)
 *(.boot_data)
 .boot_data     0x0000000003800000       0x20 /Users/lucaschen/Library/Application Support/Code/User/globalStorage/vexrobotics.vexcode/sdk/cpp/V5/V5_20240802_15_00_00/vexv5/libv5rt.a(v5_startup.c.obj)
                0x0000000003800000                vexCodeSig
                0x0000000000000020                . = 0x20
 *(.boot)
 .boot          0x0000000003800020       0xbc /Users/lucaschen/Library/Application Support/Code/User/globalStorage/vexrobotics.vexcode/sdk/cpp/V5/V5_20240802_15_00_00/vexv5/libv5rt.a(v5_startup.c.obj)
                0x0000000003800020                vexStartup
                0x0000000003800100                . = ALIGN (0x40)
 *fill*         0x00000000038000dc       0x24 
 *(.freertos_vectors)
 *(.text)
 *(.text.*)
 .text._ZN5robot9resetDataEv
                0x0000000003800100       0xe8 build/src/auton.o
                0x0000000003800100                robot::resetData()
 .text._Z13auto_settingsv
                0x00000000038001e8       0xac build/src/auton.o
                0x00000000038001e8                auto_settings()
 *fill*         0x0000000003800294        0x4 
 .text._Z8readWalliib
                0x0000000003800298      0x140 build/src/auton.o
                0x0000000003800298                readWall(int, int, bool)
 .text._ZN5robot6setPosEfff
                0x00000000038003d8      0x128 build/src/auton.o
                0x00000000038003d8                robot::setPos(float, float, float)
 .text._Z13bangbangDriveffbf
                0x0000000003800500      0x198 build/src/auton.o
                0x0000000003800500                bangbangDrive(float, float, bool, float)
 .text._Z22calculateTargetHeadingffbff
                0x0000000003800698      0x130 build/src/auton.o
                0x0000000003800698                calculateTargetHeading(float, float, bool, float, float)
 .text._Z12driveForwardffffff
                0x00000000038007c8      0x18c build/src/auton.o
                0x00000000038007c8                driveForward(float, float, float, float, float, float)
 *fill*         0x0000000003800954        0x4 
 .text._ZN8movement9straighthEffffffffff
                0x0000000003800958      0x158 build/src/auton.o
                0x0000000003800958                movement::straighth(float, float, float, float, float, float, float, float, float, float)
 .text._Z13driveBackwardffffff
                0x0000000003800ab0      0x198 build/src/auton.o
                0x0000000003800ab0                driveBackward(float, float, float, float, float, float)
 .text._ZN8movement4faceEffffff
                0x0000000003800c48       0xc4 build/src/auton.o
                0x0000000003800c48                movement::face(float, float, float, float, float, float)
 *fill*         0x0000000003800d0c        0x4 
 .text._ZN8movement9facePointEfffffffb
                0x0000000003800d10      0x198 build/src/auton.o
                0x0000000003800d10                movement::facePoint(float, float, float, float, float, float, float, bool)
 .text._ZN8movement12swingOnRightEffffff
                0x0000000003800ea8       0xd8 build/src/auton.o
                0x0000000003800ea8                movement::swingOnRight(float, float, float, float, float, float)
 .text._ZN8movement11swingOnLeftEffffff
                0x0000000003800f80       0xdc build/src/auton.o
                0x0000000003800f80                movement::swingOnLeft(float, float, float, float, float, float)
 .text._Z10straightToffbffff
                0x000000000380105c      0x29c build/src/auton.o
                0x000000000380105c                straightTo(float, float, bool, float, float, float, float)
 .text._Z14straightlineToffbffffff
                0x00000000038012f8       0x9c build/src/auton.o
                0x00000000038012f8                straightlineTo(float, float, bool, float, float, float, float, float, float)
 .text._Z6moveToffbff8TurnTypefffff
                0x0000000003801394      0x104 build/src/auton.o
                0x0000000003801394                moveTo(float, float, bool, float, float, TurnType, float, float, float, float, float)
 .text._ZN8movement3btoEfffffffff
                0x0000000003801498       0xe4 build/src/auton.o
                0x0000000003801498                movement::bto(float, float, float, float, float, float, float, float, float)
 .text._ZN8movement2toEffffffffff
                0x000000000380157c       0xec build/src/auton.o
                0x000000000380157c                movement::to(float, float, float, float, float, float, float, float, float, float)
 .text._Z4goToffbfffffff
                0x0000000003801668       0xc8 build/src/auton.o
                0x0000000003801668                goTo(float, float, bool, float, float, float, float, float, float, float)
 .text._ZN8movement9boomerangEfffbfffffffffffff
                0x0000000003801730      0x1ec build/src/auton.o
                0x0000000003801730                movement::boomerang(float, float, float, bool, float, float, float, float, float, float, float, float, float, float, float, float, float)
 *fill*         0x000000000380191c        0x4 
 .text._ZN8movement3arcEfffffffffbffff
                0x0000000003801920      0x45c build/src/auton.o
                0x0000000003801920                movement::arc(float, float, float, float, float, float, float, float, float, bool, float, float, float, float)
 .text._Z25delayedMatchloaderDropFcnv
                0x0000000003801d7c      0x170 build/src/auton.o
                0x0000000003801d7c                delayedMatchloaderDropFcn()
 .text._Z9SmallTestv
                0x0000000003801eec      0x120 build/src/auton.o
                0x0000000003801eec                SmallTest()
 .text._Z13HookProcedurev
                0x000000000380200c      0x20c build/src/auton.o
                0x000000000380200c                HookProcedure()
 .text._Z19setnextmovementtrueN3vex8axisTypeEddd
                0x0000000003802218       0x14 build/src/auton.o
                0x0000000003802218                setnextmovementtrue(vex::axisType, double, double, double)
 .text._Z5arpitv
                0x000000000380222c      0x764 build/src/auton.o
                0x000000000380222c                arpit()
 .text._Z4tenBb
                0x0000000003802990      0x8f4 build/src/auton.o
                0x0000000003802990                tenB(bool)
 .text._Z13hookInsuranceb
                0x0000000003803284      0x530 build/src/auton.o
                0x0000000003803284                hookInsurance(bool)
 .text._Z4SOLOv
                0x00000000038037b4      0xc7c build/src/auton.o
                0x00000000038037b4                SOLO()
 .text._Z10rightSplitv
                0x0000000003804430      0x65c build/src/auton.o
                0x0000000003804430                rightSplit()
 .text._Z7sixRushv
                0x0000000003804a8c       0x4c build/src/auton.o
                0x0000000003804a8c                sixRush()
 .text._Z12sixRushSplitv
                0x0000000003804ad8      0x17c build/src/auton.o
                0x0000000003804ad8                sixRushSplit()
 .text._ZN8movement18turnWaitConditionsEffff
                0x0000000003804c54      0x15c build/src/auton.o
                0x0000000003804c54                movement::turnWaitConditions(float, float, float, float)
 .text._ZN8movement5lWaitEf
                0x0000000003804db0       0x9c build/src/auton.o
                0x0000000003804db0                movement::lWait(float)
 .text._ZN8movement10computeArcEffffff
                0x0000000003804e4c       0xf8 build/src/auton.o
                0x0000000003804e4c                movement::computeArc(float, float, float, float, float, float)
 .text._ZN3vex11motor_groupC2IJNS_5motorES2_EEERS2_DpRT_
                0x0000000003804f44       0x44 build/src/main.o
                0x0000000003804f44                vex::motor_group::motor_group<vex::motor, vex::motor>(vex::motor&, vex::motor&, vex::motor&)
 .text._Z29controllerButtonMonitoringFcnv
                0x0000000003804f88      0xc70 build/src/main.o
                0x0000000003804f88                controllerButtonMonitoringFcn()
 .text._Z12midDescoreUpv
                0x0000000003805bf8       0x2c build/src/main.o
                0x0000000003805bf8                midDescoreUp()
 .text._Z14midDescoreDownv
                0x0000000003805c24       0x2c build/src/main.o
                0x0000000003805c24                midDescoreDown()
 .text._Z6hookUpv
                0x0000000003805c50       0x10 build/src/main.o
                0x0000000003805c50                hookUp()
 .text._Z8hookDownv
                0x0000000003805c60       0x10 build/src/main.o
                0x0000000003805c60                hookDown()
 .text._Z13matchloaderUpv
                0x0000000003805c70       0x2c build/src/main.o
                0x0000000003805c70                matchloaderUp()
 .text._Z15matchloaderDownv
                0x0000000003805c9c       0x2c build/src/main.o
                0x0000000003805c9c                matchloaderDown()
 .text._Z9intakeFcnv
                0x0000000003805cc8       0x78 build/src/main.o
                0x0000000003805cc8                intakeFcn()
 .text._Z8scoreFcnv
                0x0000000003805d40       0x78 build/src/main.o
                0x0000000003805d40                scoreFcn()
 .text._Z7spitFcnv
                0x0000000003805db8       0x78 build/src/main.o
                0x0000000003805db8                spitFcn()
 .text._Z10lowGoalFcnb
                0x0000000003805e30       0xa0 build/src/main.o
                0x0000000003805e30                lowGoalFcn(bool)
 .text._Z13magControlFcnv
                0x0000000003805ed0      0x2e0 build/src/main.o
                0x0000000003805ed0                magControlFcn()
 .text._Z13magMonitorFcnv
                0x00000000038061b0      0x188 build/src/main.o
                0x00000000038061b0                magMonitorFcn()
 .text._Z20delayedIntakeLiftFcnv
                0x0000000003806338       0x68 build/src/main.o
                0x0000000003806338                delayedIntakeLiftFcn()
 .text._Z20controllerScreenTaskv
                0x00000000038063a0      0x260 build/src/main.o
                0x00000000038063a0                controllerScreenTask()
 .text._Z18brainScreenTaskFcnv
                0x0000000003806600      0x138 build/src/main.o
                0x0000000003806600                brainScreenTaskFcn()
 .text._Z11vexcodeInitv
                0x0000000003806738      0x158 build/src/main.o
                0x0000000003806738                vexcodeInit()
 .text._Z9pre_autonv
                0x0000000003806890       0x74 build/src/main.o
                0x0000000003806890                pre_auton()
 .text._Z10autonomousv
                0x0000000003806904       0xf0 build/src/main.o
                0x0000000003806904                autonomous()
 *fill*         0x00000000038069f4        0x4 
 .text._Z14arcadeDriveFcnv
                0x00000000038069f8      0x248 build/src/main.o
                0x00000000038069f8                arcadeDriveFcn()
 .text._Z17curvatureDriveFcnv
                0x0000000003806c40      0x290 build/src/main.o
                0x0000000003806c40                curvatureDriveFcn()
 .text._Z11usercontrolv
                0x0000000003806ed0      0x5f0 build/src/main.o
                0x0000000003806ed0                usercontrol()
 .text.main     0x00000000038074c0       0x68 build/src/main.o
                0x00000000038074c0                main
 .text._GLOBAL__sub_I_main.cpp
                0x0000000003807528      0x830 build/src/main.o
 .text._Z11autonMotorsv
                0x0000000003807d58       0x30 build/src/threads.o
                0x0000000003807d58                autonMotors()
 .text._ZN8movement12movementloopEv
                0x0000000003807d88      0x3d8 build/src/threads.o
                0x0000000003807d88                movement::movementloop()
 .text._Z11collectDatav
                0x0000000003808160       0x34 build/src/threads.o
                0x0000000003808160                collectData()
 .text._ZN5robot11collectdataEv
                0x0000000003808194       0xc8 build/src/threads.o
                0x0000000003808194                robot::collectdata()
 *fill*         0x000000000380825c        0x4 
 .text._ZN5robot10updateOdomEv
                0x0000000003808260      0x140 build/src/threads.o
                0x0000000003808260                robot::updateOdom()
 .text._Z8dataSendv
                0x00000000038083a0       0x74 build/src/threads.o
                0x00000000038083a0                dataSend()
 *fill*         0x0000000003808414        0x4 
 .text._ZN8movement12spotTurnCalcEv
                0x0000000003808418       0xb0 build/src/threads.o
                0x0000000003808418                movement::spotTurnCalc()
 .text._ZN8movement19spotTurnCalctoPointEv
                0x00000000038084c8      0x178 build/src/threads.o
                0x00000000038084c8                movement::spotTurnCalctoPoint()
 .text._ZN8movement15swingOnLeftCalcEv
                0x0000000003808640       0xc8 build/src/threads.o
                0x0000000003808640                movement::swingOnLeftCalc()
 .text._ZN8movement22swingOnLefttoPointCalcEv
                0x0000000003808708      0x1a8 build/src/threads.o
                0x0000000003808708                movement::swingOnLefttoPointCalc()
 .text._ZN8movement16swingOnRightCalcEv
                0x00000000038088b0       0xc8 build/src/threads.o
                0x00000000038088b0                movement::swingOnRightCalc()
 .text._ZN8movement23swingOnRighttoPointCalcEv
                0x0000000003808978      0x1a8 build/src/threads.o
                0x0000000003808978                movement::swingOnRighttoPointCalc()
 .text._ZN8movement19straightheadingcalcEv
                0x0000000003808b20      0x118 build/src/threads.o
                0x0000000003808b20                movement::straightheadingcalc()
 .text._ZN8movement7PPSCalcEv
                0x0000000003808c38      0x2d8 build/src/threads.o
                0x0000000003808c38                movement::PPSCalc()
 .text._ZN8movement13simplePPSCalcEv
                0x0000000003808f10      0x2f8 build/src/threads.o
                0x0000000003808f10                movement::simplePPSCalc()
 .text._ZN8movement21simplePPSCalcBackwardEv
                0x0000000003809208      0x30c build/src/threads.o
                0x0000000003809208                movement::simplePPSCalcBackward()
 *fill*         0x0000000003809514        0x4 
 .text._ZN8movement15PPSCalcBackwardEv
                0x0000000003809518      0x294 build/src/threads.o
                0x0000000003809518                movement::PPSCalcBackward()
 *fill*         0x00000000038097ac        0x4 
 .text._ZN8movement13PPSBezierCalcEv
                0x00000000038097b0      0x258 build/src/threads.o
                0x00000000038097b0                movement::PPSBezierCalc()
 .text._ZN8movement19simplePPSBezierCalcEv
                0x0000000003809a08      0x240 build/src/threads.o
                0x0000000003809a08                movement::simplePPSBezierCalc()
 .text._ZN8movement22backwardsPPSBezierCalcEv
                0x0000000003809c48      0x258 build/src/threads.o
                0x0000000003809c48                movement::backwardsPPSBezierCalc()
 .text._ZN8movement27simplePPSBezierCalcBackwardEv
                0x0000000003809ea0      0x240 build/src/threads.o
                0x0000000003809ea0                movement::simplePPSBezierCalcBackward()
 .text._ZN8movement16straightlinecalcEv
                0x000000000380a0e0       0x80 build/src/threads.o
                0x000000000380a0e0                movement::straightlinecalc()
 .text._ZN8movement26straightheadingcalcToPointEv
                0x000000000380a160      0x1e8 build/src/threads.o
                0x000000000380a160                movement::straightheadingcalcToPoint()
 .text._ZN8movement13boomerangCalcEv
                0x000000000380a348      0x674 build/src/threads.o
                0x000000000380a348                movement::boomerangCalc()
 *fill*         0x000000000380a9bc        0x4 
 .text._ZN8movement7arcCalcEv
                0x000000000380a9c0      0x2c0 build/src/threads.o
                0x000000000380a9c0                movement::arcCalc()
 .text._ZN3PID9calculateEf
                0x000000000380ac80      0x1b8 build/src/threads.o
                0x000000000380ac80                PID::calculate(float)
 .text._ZN5robot13relativeangleEv
                0x000000000380ae38       0xc4 build/src/threads.o
                0x000000000380ae38                robot::relativeangle()
 *fill*         0x000000000380aefc        0x4 
 .text._ZN8movement13BLRSCurvatureEf
                0x000000000380af00      0x1f8 build/src/threads.o
                0x000000000380af00                movement::BLRSCurvature(float)
 .text._ZN5robot10cartesianXEv
                0x000000000380b0f8       0xa0 build/src/threads.o
                0x000000000380b0f8                robot::cartesianX()
 .text._ZN5robot10cartesianYEv
                0x000000000380b198       0xa0 build/src/threads.o
                0x000000000380b198                robot::cartesianY()
 .text._ZN5robot11bcartesianXEv
                0x000000000380b238       0xa0 build/src/threads.o
                0x000000000380b238                robot::bcartesianX()
 .text._ZN5robot11bcartesianYEv
                0x000000000380b2d8       0xa0 build/src/threads.o
                0x000000000380b2d8                robot::bcartesianY()
 .text._ZN8movement22BLRSCurvatureBackwardsEf
                0x000000000380b378      0x1b8 build/src/threads.o
                0x000000000380b378                movement::BLRSCurvatureBackwards(float)
 .text._ZN5robot9filterIMUEv
                0x000000000380b530      0x130 build/src/threads.o
                0x000000000380b530                robot::filterIMU()
 .text._GLOBAL__sub_I_threads.cpp
                0x000000000380b660       0x34 build/src/threads.o
 *fill*         0x000000000380b694        0x4 
 .text._Z6TO_RADd
                0x000000000380b698       0x20 build/src/util.o
                0x000000000380b698                TO_RAD(double)
 .text._Z6TO_DEGd
                0x000000000380b6b8       0x20 build/src/util.o
                0x000000000380b6b8                TO_DEG(double)
 .text._Z6signumf
                0x000000000380b6d8       0x1c build/src/util.o
                0x000000000380b6d8                signum(float)
 .text._Z5delayi
                0x000000000380b6f4       0x1c build/src/util.o
                0x000000000380b6f4                delay(int)
 .text._Z12voltagedriveff
                0x000000000380b710       0x70 build/src/util.o
                0x000000000380b710                voltagedrive(float, float)
 .text._Z9stopdrivei
                0x000000000380b780       0x68 build/src/util.o
                0x000000000380b780                stopdrive(int)
 .text._Z13drivestoppingi
                0x000000000380b7e8       0x68 build/src/util.o
                0x000000000380b7e8                drivestopping(int)
 .text.vexMain  0x000000000380b850       0xb0 /Users/lucaschen/Library/Application Support/Code/User/globalStorage/vexrobotics.vexcode/sdk/cpp/V5/V5_20240802_15_00_00/vexv5/libv5rt.a(v5_startup.c.obj)
                0x000000000380b850                vexMain
 .text.__vex_function_prolog
                0x000000000380b900       0x18 /Users/lucaschen/Library/Application Support/Code/User/globalStorage/vexrobotics.vexcode/sdk/cpp/V5/V5_20240802_15_00_00/vexv5/libv5rt.a(v5_startup.c.obj)
                0x000000000380b900                __vex_function_prolog
 .text._init    0x000000000380b918        0x4 /Users/lucaschen/Library/Application Support/Code/User/globalStorage/vexrobotics.vexcode/sdk/cpp/V5/V5_20240802_15_00_00/vexv5/libv5rt.a(v5_startup.c.obj)
                0x000000000380b918                _init
 .text._fini    0x000000000380b91c        0x4 /Users/lucaschen/Library/Application Support/Code/User/globalStorage/vexrobotics.vexcode/sdk/cpp/V5/V5_20240802_15_00_00/vexv5/libv5rt.a(v5_startup.c.obj)
                0x000000000380b91c                _fini
 .text.vexStdlibVersionLinked
                0x000000000380b920        0xc /Users/lucaschen/Library/Application Support/Code/User/globalStorage/vexrobotics.vexcode/sdk/cpp/V5/V5_20240802_15_00_00/vexv5/libv5rt.a(v5_util.c.obj)
                0x000000000380b920                vexStdlibVersionLinked
 .text.vexStdlibVersionVerify
                0x000000000380b92c       0x30 /Users/lucaschen/Library/Application Support/Code/User/globalStorage/vexrobotics.vexcode/sdk/cpp/V5/V5_20240802_15_00_00/vexv5/libv5rt.a(v5_util.c.obj)
                0x000000000380b92c                vexStdlibVersionVerify
 .text.vexPrivateApiEnable
                0x000000000380b95c       0x10 /Users/lucaschen/Library/Application Support/Code/User/globalStorage/vexrobotics.vexcode/sdk/cpp/V5/V5_20240802_15_00_00/vexv5/libv5rt.a(v5_apijump.c.obj)
                0x000000000380b95c                vexPrivateApiEnable
 .text.vexStdlibMismatchError
                0x000000000380b96c       0x3c /Users/lucaschen/Library/Application Support/Code/User/globalStorage/vexrobotics.vexcode/sdk/cpp/V5/V5_20240802_15_00_00/vexv5/libv5rt.a(v5_apijump.c.obj)
                0x000000000380b96c                vexStdlibMismatchError
 .text.vexTaskAdd
                0x000000000380b9a8       0x10 /Users/lucaschen/Library/Application Support/Code/User/globalStorage/vexrobotics.vexcode/sdk/cpp/V5/V5_20240802_15_00_00/vexv5/libv5rt.a(v5_apijump.c.obj)
                0x000000000380b9a8                vexTaskAdd
 .text.vexTasksRun
                0x000000000380b9b8       0x10 /Users/lucaschen/Library/Application Support/Code/User/globalStorage/vexrobotics.vexcode/sdk/cpp/V5/V5_20240802_15_00_00/vexv5/libv5rt.a(v5_apijump.c.obj)
                0x000000000380b9b8                vexTasksRun
 .text.vexTaskYield
                0x000000000380b9c8       0x10 /Users/lucaschen/Library/Application Support/Code/User/globalStorage/vexrobotics.vexcode/sdk/cpp/V5/V5_20240802_15_00_00/vexv5/libv5rt.a(v5_apijump.c.obj)
                0x000000000380b9c8                vexTaskYield
 .text.vexTaskCheckTimeslice
                0x000000000380b9d8       0x10 /Users/lucaschen/Library/Application Support/Code/User/globalStorage/vexrobotics.vexcode/sdk/cpp/V5/V5_20240802_15_00_00/vexv5/libv5rt.a(v5_apijump.c.obj)
                0x000000000380b9d8                vexTaskCheckTimeslice
 .text.vexTaskSleep
                0x000000000380b9e8       0x10 /Users/lucaschen/Library/Application Support/Code/User/globalStorage/vexrobotics.vexcode/sdk/cpp/V5/V5_20240802_15_00_00/vexv5/libv5rt.a(v5_apijump.c.obj)
                0x000000000380b9e8                vexTaskSleep
 .text.vexTasksDump
                0x000000000380b9f8       0x1c /Users/lucaschen/Library/Application Support/Code/User/globalStorage/vexrobotics.vexcode/sdk/cpp/V5/V5_20240802_15_00_00/vexv5/libv5rt.a(v5_apijump.c.obj)
                0x000000000380b9f8                vexTasksDump
 .text.vexTaskGetTaskIndex
                0x000000000380ba14       0x10 /Users/lucaschen/Library/Application Support/Code/User/globalStorage/vexrobotics.vexcode/sdk/cpp/V5/V5_20240802_15_00_00/vexv5/libv5rt.a(v5_apijump.c.obj)
                0x000000000380ba14                vexTaskGetTaskIndex
 .text.vexTaskStopAll
                0x000000000380ba24       0x10 /Users/lucaschen/Library/Application Support/Code/User/globalStorage/vexrobotics.vexcode/sdk/cpp/V5/V5_20240802_15_00_00/vexv5/libv5rt.a(v5_apijump.c.obj)
                0x000000000380ba24                vexTaskStopAll
 .text.vexTaskRemoveAllUser
                0x000000000380ba34       0x34 /Users/lucaschen/Library/Application Support/Code/User/globalStorage/vexrobotics.vexcode/sdk/cpp/V5/V5_20240802_15_00_00/vexv5/libv5rt.a(v5_apijump.c.obj)
                0x000000000380ba34                vexTaskRemoveAllUser
 .text.vexTaskCompletionIdSet
                0x000000000380ba68       0x10 /Users/lucaschen/Library/Application Support/Code/User/globalStorage/vexrobotics.vexcode/sdk/cpp/V5/V5_20240802_15_00_00/vexv5/libv5rt.a(v5_apijump.c.obj)
                0x000000000380ba68                vexTaskCompletionIdSet
 .text.vexTaskStopWithId
                0x000000000380ba78       0x10 /Users/lucaschen/Library/Application Support/Code/User/globalStorage/vexrobotics.vexcode/sdk/cpp/V5/V5_20240802_15_00_00/vexv5/libv5rt.a(v5_apijump.c.obj)
                0x000000000380ba78                vexTaskStopWithId
 .text.vexCriticalSection
                0x000000000380ba88       0x2c /Users/lucaschen/Library/Application Support/Code/User/globalStorage/vexrobotics.vexcode/sdk/cpp/V5/V5_20240802_15_00_00/vexv5/libv5rt.a(v5_apijump.c.obj)
                0x000000000380ba88                vexCriticalSection
 .text.vexEventAdd
                0x000000000380bab4       0x34 /Users/lucaschen/Library/Application Support/Code/User/globalStorage/vexrobotics.vexcode/sdk/cpp/V5/V5_20240802_15_00_00/vexv5/libv5rt.a(v5_apijump.c.obj)
                0x000000000380bab4                vexEventAdd
 .text.vexEventUserIndexGet
                0x000000000380bae8       0x1c /Users/lucaschen/Library/Application Support/Code/User/globalStorage/vexrobotics.vexcode/sdk/cpp/V5/V5_20240802_15_00_00/vexv5/libv5rt.a(v5_apijump.c.obj)
                0x000000000380bae8                vexEventUserIndexGet
 .text.vexEventAddWithArg
                0x000000000380bb04       0x3c /Users/lucaschen/Library/Application Support/Code/User/globalStorage/vexrobotics.vexcode/sdk/cpp/V5/V5_20240802_15_00_00/vexv5/libv5rt.a(v5_apijump.c.obj)
                0x000000000380bb04                vexEventAddWithArg
 .text.vexEventsCleanup
                0x000000000380bb40       0x2c /Users/lucaschen/Library/Application Support/Code/User/globalStorage/vexrobotics.vexcode/sdk/cpp/V5/V5_20240802_15_00_00/vexv5/libv5rt.a(v5_apijump.c.obj)
                0x000000000380bb40                vexEventsCleanup
 .text.vexDebug
                0x000000000380bb6c       0x38 /Users/lucaschen/Library/Application Support/Code/User/globalStorage/vexrobotics.vexcode/sdk/cpp/V5/V5_20240802_15_00_00/vexv5/libv5rt.a(v5_apijump.c.obj)
                0x000000000380bb6c                vexDebug
 .text.vex_sprintf
                0x000000000380bba4       0x40 /Users/lucaschen/Library/Application Support/Code/User/globalStorage/vexrobotics.vexcode/sdk/cpp/V5/V5_20240802_15_00_00/vexv5/libv5rt.a(v5_apijump.c.obj)
                0x000000000380bba4                vex_sprintf
 .text.vex_vsnprintf
                0x000000000380bbe4       0x3c /Users/lucaschen/Library/Application Support/Code/User/globalStorage/vexrobotics.vexcode/sdk/cpp/V5/V5_20240802_15_00_00/vexv5/libv5rt.a(v5_apijump.c.obj)
                0x000000000380bbe4                vex_vsnprintf
 .text.vexSystemTimeGet
                0x000000000380bc20       0x1c /Users/lucaschen/Library/Application Support/Code/User/globalStorage/vexrobotics.vexcode/sdk/cpp/V5/V5_20240802_15_00_00/vexv5/libv5rt.a(v5_apijump.c.obj)
                0x000000000380bc20                vexSystemTimeGet
 .text.vexSystemExitRequest
                0x000000000380bc3c       0x1c /Users/lucaschen/Library/Application Support/Code/User/globalStorage/vexrobotics.vexcode/sdk/cpp/V5/V5_20240802_15_00_00/vexv5/libv5rt.a(v5_apijump.c.obj)
                0x000000000380bc3c                vexSystemExitRequest
 .text.vexDeviceGetByIndex
                0x000000000380bc58       0x24 /Users/lucaschen/Library/Application Support/Code/User/globalStorage/vexrobotics.vexcode/sdk/cpp/V5/V5_20240802_15_00_00/vexv5/libv5rt.a(v5_apijump.c.obj)
                0x000000000380bc58                vexDeviceGetByIndex
 .text.vexControllerGet
                0x000000000380bc7c       0x2c /Users/lucaschen/Library/Application Support/Code/User/globalStorage/vexrobotics.vexcode/sdk/cpp/V5/V5_20240802_15_00_00/vexv5/libv5rt.a(v5_apijump.c.obj)
                0x000000000380bc7c                vexControllerGet
 .text.vexControllerTextSet
                0x000000000380bca8       0x74 /Users/lucaschen/Library/Application Support/Code/User/globalStorage/vexrobotics.vexcode/sdk/cpp/V5/V5_20240802_15_00_00/vexv5/libv5rt.a(v5_apijump.c.obj)
                0x000000000380bca8                vexControllerTextSet
 .text.vexDeviceAdiPortConfigSet
                0x000000000380bd1c       0x34 /Users/lucaschen/Library/Application Support/Code/User/globalStorage/vexrobotics.vexcode/sdk/cpp/V5/V5_20240802_15_00_00/vexv5/libv5rt.a(v5_apijump.c.obj)
                0x000000000380bd1c                vexDeviceAdiPortConfigSet
 .text.vexDeviceAdiPortConfigGet
                0x000000000380bd50       0x2c /Users/lucaschen/Library/Application Support/Code/User/globalStorage/vexrobotics.vexcode/sdk/cpp/V5/V5_20240802_15_00_00/vexv5/libv5rt.a(v5_apijump.c.obj)
                0x000000000380bd50                vexDeviceAdiPortConfigGet
 .text.vexDeviceAdiValueSet
                0x000000000380bd7c       0x34 /Users/lucaschen/Library/Application Support/Code/User/globalStorage/vexrobotics.vexcode/sdk/cpp/V5/V5_20240802_15_00_00/vexv5/libv5rt.a(v5_apijump.c.obj)
                0x000000000380bd7c                vexDeviceAdiValueSet
 .text.vexDeviceMotorVelocitySet
                0x000000000380bdb0       0x2c /Users/lucaschen/Library/Application Support/Code/User/globalStorage/vexrobotics.vexcode/sdk/cpp/V5/V5_20240802_15_00_00/vexv5/libv5rt.a(v5_apijump.c.obj)
                0x000000000380bdb0                vexDeviceMotorVelocitySet
 .text.vexDeviceMotorVoltageSet
                0x000000000380bddc       0x2c /Users/lucaschen/Library/Application Support/Code/User/globalStorage/vexrobotics.vexcode/sdk/cpp/V5/V5_20240802_15_00_00/vexv5/libv5rt.a(v5_apijump.c.obj)
                0x000000000380bddc                vexDeviceMotorVoltageSet
 .text.vexDeviceMotorActualVelocityGet
                0x000000000380be08       0x24 /Users/lucaschen/Library/Application Support/Code/User/globalStorage/vexrobotics.vexcode/sdk/cpp/V5/V5_20240802_15_00_00/vexv5/libv5rt.a(v5_apijump.c.obj)
                0x000000000380be08                vexDeviceMotorActualVelocityGet
 .text.vexDeviceMotorTemperatureGet
                0x000000000380be2c       0x24 /Users/lucaschen/Library/Application Support/Code/User/globalStorage/vexrobotics.vexcode/sdk/cpp/V5/V5_20240802_15_00_00/vexv5/libv5rt.a(v5_apijump.c.obj)
                0x000000000380be2c                vexDeviceMotorTemperatureGet
 .text.vexDeviceMotorReverseFlagSet
                0x000000000380be50       0x2c /Users/lucaschen/Library/Application Support/Code/User/globalStorage/vexrobotics.vexcode/sdk/cpp/V5/V5_20240802_15_00_00/vexv5/libv5rt.a(v5_apijump.c.obj)
                0x000000000380be50                vexDeviceMotorReverseFlagSet
 .text.vexDeviceMotorEncoderUnitsSet
                0x000000000380be7c       0x2c /Users/lucaschen/Library/Application Support/Code/User/globalStorage/vexrobotics.vexcode/sdk/cpp/V5/V5_20240802_15_00_00/vexv5/libv5rt.a(v5_apijump.c.obj)
                0x000000000380be7c                vexDeviceMotorEncoderUnitsSet
 .text.vexDeviceMotorBrakeModeSet
                0x000000000380bea8       0x2c /Users/lucaschen/Library/Application Support/Code/User/globalStorage/vexrobotics.vexcode/sdk/cpp/V5/V5_20240802_15_00_00/vexv5/libv5rt.a(v5_apijump.c.obj)
                0x000000000380bea8                vexDeviceMotorBrakeModeSet
 .text.vexDeviceMotorPositionSet
                0x000000000380bed4       0x34 /Users/lucaschen/Library/Application Support/Code/User/globalStorage/vexrobotics.vexcode/sdk/cpp/V5/V5_20240802_15_00_00/vexv5/libv5rt.a(v5_apijump.c.obj)
                0x000000000380bed4                vexDeviceMotorPositionSet
 .text.vexDeviceMotorPositionGet
                0x000000000380bf08       0x24 /Users/lucaschen/Library/Application Support/Code/User/globalStorage/vexrobotics.vexcode/sdk/cpp/V5/V5_20240802_15_00_00/vexv5/libv5rt.a(v5_apijump.c.obj)
                0x000000000380bf08                vexDeviceMotorPositionGet
 .text.vexDeviceMotorGearingSet
                0x000000000380bf2c       0x2c /Users/lucaschen/Library/Application Support/Code/User/globalStorage/vexrobotics.vexcode/sdk/cpp/V5/V5_20240802_15_00_00/vexv5/libv5rt.a(v5_apijump.c.obj)
                0x000000000380bf2c                vexDeviceMotorGearingSet
 .text.vexDeviceMotorGearingGet
                0x000000000380bf58       0x24 /Users/lucaschen/Library/Application Support/Code/User/globalStorage/vexrobotics.vexcode/sdk/cpp/V5/V5_20240802_15_00_00/vexv5/libv5rt.a(v5_apijump.c.obj)
                0x000000000380bf58                vexDeviceMotorGearingGet
 .text.vexDeviceImuReset
                0x000000000380bf7c       0x24 /Users/lucaschen/Library/Application Support/Code/User/globalStorage/vexrobotics.vexcode/sdk/cpp/V5/V5_20240802_15_00_00/vexv5/libv5rt.a(v5_apijump.c.obj)
                0x000000000380bf7c                vexDeviceImuReset
 .text.vexDeviceImuHeadingGet
                0x000000000380bfa0       0x24 /Users/lucaschen/Library/Application Support/Code/User/globalStorage/vexrobotics.vexcode/sdk/cpp/V5/V5_20240802_15_00_00/vexv5/libv5rt.a(v5_apijump.c.obj)
                0x000000000380bfa0                vexDeviceImuHeadingGet
 .text.vexDeviceImuDegreesGet
                0x000000000380bfc4       0x24 /Users/lucaschen/Library/Application Support/Code/User/globalStorage/vexrobotics.vexcode/sdk/cpp/V5/V5_20240802_15_00_00/vexv5/libv5rt.a(v5_apijump.c.obj)
                0x000000000380bfc4                vexDeviceImuDegreesGet
 .text.vexDeviceImuStatusGet
                0x000000000380bfe8       0x24 /Users/lucaschen/Library/Application Support/Code/User/globalStorage/vexrobotics.vexcode/sdk/cpp/V5/V5_20240802_15_00_00/vexv5/libv5rt.a(v5_apijump.c.obj)
                0x000000000380bfe8                vexDeviceImuStatusGet
 .text.vexDeviceImuCollisionDataGet
                0x000000000380c00c       0x2c /Users/lucaschen/Library/Application Support/Code/User/globalStorage/vexrobotics.vexcode/sdk/cpp/V5/V5_20240802_15_00_00/vexv5/libv5rt.a(v5_apijump.c.obj)
                0x000000000380c00c                vexDeviceImuCollisionDataGet
 .text.vexDeviceAbsEncPositionSet
                0x000000000380c038       0x2c /Users/lucaschen/Library/Application Support/Code/User/globalStorage/vexrobotics.vexcode/sdk/cpp/V5/V5_20240802_15_00_00/vexv5/libv5rt.a(v5_apijump.c.obj)
                0x000000000380c038                vexDeviceAbsEncPositionSet
 .text.vexDeviceAbsEncPositionGet
                0x000000000380c064       0x24 /Users/lucaschen/Library/Application Support/Code/User/globalStorage/vexrobotics.vexcode/sdk/cpp/V5/V5_20240802_15_00_00/vexv5/libv5rt.a(v5_apijump.c.obj)
                0x000000000380c064                vexDeviceAbsEncPositionGet
 .text.vexDeviceAbsEncAngleGet
                0x000000000380c088       0x24 /Users/lucaschen/Library/Application Support/Code/User/globalStorage/vexrobotics.vexcode/sdk/cpp/V5/V5_20240802_15_00_00/vexv5/libv5rt.a(v5_apijump.c.obj)
                0x000000000380c088                vexDeviceAbsEncAngleGet
 .text.vexDeviceAbsEncReverseFlagSet
                0x000000000380c0ac       0x2c /Users/lucaschen/Library/Application Support/Code/User/globalStorage/vexrobotics.vexcode/sdk/cpp/V5/V5_20240802_15_00_00/vexv5/libv5rt.a(v5_apijump.c.obj)
                0x000000000380c0ac                vexDeviceAbsEncReverseFlagSet
 .text.vexDeviceOpticalHueGet
                0x000000000380c0d8       0x24 /Users/lucaschen/Library/Application Support/Code/User/globalStorage/vexrobotics.vexcode/sdk/cpp/V5/V5_20240802_15_00_00/vexv5/libv5rt.a(v5_apijump.c.obj)
                0x000000000380c0d8                vexDeviceOpticalHueGet
 .text.vexDeviceOpticalLedPwmSet
                0x000000000380c0fc       0x2c /Users/lucaschen/Library/Application Support/Code/User/globalStorage/vexrobotics.vexcode/sdk/cpp/V5/V5_20240802_15_00_00/vexv5/libv5rt.a(v5_apijump.c.obj)
                0x000000000380c0fc                vexDeviceOpticalLedPwmSet
 .text.vexDeviceOpticalGestureEnable
                0x000000000380c128       0x24 /Users/lucaschen/Library/Application Support/Code/User/globalStorage/vexrobotics.vexcode/sdk/cpp/V5/V5_20240802_15_00_00/vexv5/libv5rt.a(v5_apijump.c.obj)
                0x000000000380c128                vexDeviceOpticalGestureEnable
 .text.vexDeviceOpticalGestureDisable
                0x000000000380c14c       0x24 /Users/lucaschen/Library/Application Support/Code/User/globalStorage/vexrobotics.vexcode/sdk/cpp/V5/V5_20240802_15_00_00/vexv5/libv5rt.a(v5_apijump.c.obj)
                0x000000000380c14c                vexDeviceOpticalGestureDisable
 .text.vexDeviceOpticalProximityThreshold
                0x000000000380c170       0x2c /Users/lucaschen/Library/Application Support/Code/User/globalStorage/vexrobotics.vexcode/sdk/cpp/V5/V5_20240802_15_00_00/vexv5/libv5rt.a(v5_apijump.c.obj)
                0x000000000380c170                vexDeviceOpticalProximityThreshold
 .text.vexDeviceOpticalIntegrationTimeSet
                0x000000000380c19c       0x34 /Users/lucaschen/Library/Application Support/Code/User/globalStorage/vexrobotics.vexcode/sdk/cpp/V5/V5_20240802_15_00_00/vexv5/libv5rt.a(v5_apijump.c.obj)
                0x000000000380c19c                vexDeviceOpticalIntegrationTimeSet
 .text.vexDeviceDistanceDistanceGet
                0x000000000380c1d0       0x24 /Users/lucaschen/Library/Application Support/Code/User/globalStorage/vexrobotics.vexcode/sdk/cpp/V5/V5_20240802_15_00_00/vexv5/libv5rt.a(v5_apijump.c.obj)
                0x000000000380c1d0                vexDeviceDistanceDistanceGet
 .text.vexDisplayForegroundColor
                0x000000000380c1f4       0x24 /Users/lucaschen/Library/Application Support/Code/User/globalStorage/vexrobotics.vexcode/sdk/cpp/V5/V5_20240802_15_00_00/vexv5/libv5rt.a(v5_apijump.c.obj)
                0x000000000380c1f4                vexDisplayForegroundColor
 .text.vexDisplayBackgroundColor
                0x000000000380c218       0x24 /Users/lucaschen/Library/Application Support/Code/User/globalStorage/vexrobotics.vexcode/sdk/cpp/V5/V5_20240802_15_00_00/vexv5/libv5rt.a(v5_apijump.c.obj)
                0x000000000380c218                vexDisplayBackgroundColor
 .text.vexDisplayVPrintf
                0x000000000380c23c       0x50 /Users/lucaschen/Library/Application Support/Code/User/globalStorage/vexrobotics.vexcode/sdk/cpp/V5/V5_20240802_15_00_00/vexv5/libv5rt.a(v5_apijump.c.obj)
                0x000000000380c23c                vexDisplayVPrintf
 .text.vexDisplayTextReference
                0x000000000380c28c       0x24 /Users/lucaschen/Library/Application Support/Code/User/globalStorage/vexrobotics.vexcode/sdk/cpp/V5/V5_20240802_15_00_00/vexv5/libv5rt.a(v5_apijump.c.obj)
                0x000000000380c28c                vexDisplayTextReference
 .text.vexDisplayTextSize
                0x000000000380c2b0       0x2c /Users/lucaschen/Library/Application Support/Code/User/globalStorage/vexrobotics.vexcode/sdk/cpp/V5/V5_20240802_15_00_00/vexv5/libv5rt.a(v5_apijump.c.obj)
                0x000000000380c2b0                vexDisplayTextSize
 .text.vexDisplayFontNamedSet
                0x000000000380c2dc       0x24 /Users/lucaschen/Library/Application Support/Code/User/globalStorage/vexrobotics.vexcode/sdk/cpp/V5/V5_20240802_15_00_00/vexv5/libv5rt.a(v5_apijump.c.obj)
                0x000000000380c2dc                vexDisplayFontNamedSet
 .text.vexSystemStdlibImpureDataAddr
                0x000000000380c300       0x28 /Users/lucaschen/Library/Application Support/Code/User/globalStorage/vexrobotics.vexcode/sdk/cpp/V5/V5_20240802_15_00_00/vexv5/libv5rt.a(v5_apijump.c.obj)
                0x000000000380c300                vexSystemStdlibImpureDataAddr
 .text.vexSystemStdlibImpureDataSize
                0x000000000380c328       0x28 /Users/lucaschen/Library/Application Support/Code/User/globalStorage/vexrobotics.vexcode/sdk/cpp/V5/V5_20240802_15_00_00/vexv5/libv5rt.a(v5_apijump.c.obj)
                0x000000000380c328                vexSystemStdlibImpureDataSize
 .text.vexSystemSaveUserData
                0x000000000380c350       0x3c /Users/lucaschen/Library/Application Support/Code/User/globalStorage/vexrobotics.vexcode/sdk/cpp/V5/V5_20240802_15_00_00/vexv5/libv5rt.a(v5_apijump.c.obj)
                0x000000000380c350                vexSystemSaveUserData
 .text.vexDisplayThemeIdGet
                0x000000000380c38c       0x38 /Users/lucaschen/Library/Application Support/Code/User/globalStorage/vexrobotics.vexcode/sdk/cpp/V5/V5_20240802_15_00_00/vexv5/libv5rt.a(v5_apijump.c.obj)
                0x000000000380c38c                vexDisplayThemeIdGet
 .text.vexCompetitionStatus
                0x000000000380c3c4       0x1c /Users/lucaschen/Library/Application Support/Code/User/globalStorage/vexrobotics.vexcode/sdk/cpp/V5/V5_20240802_15_00_00/vexv5/libv5rt.a(v5_apijump.c.obj)
                0x000000000380c3c4                vexCompetitionStatus
 .text.vexDeviceEventMaskSet
                0x000000000380c3e0       0x48 /Users/lucaschen/Library/Application Support/Code/User/globalStorage/vexrobotics.vexcode/sdk/cpp/V5/V5_20240802_15_00_00/vexv5/libv5rt.a(v5_apijump.c.obj)
                0x000000000380c3e0                vexDeviceEventMaskSet
 .text.vexDeviceEventMaskGet
                0x000000000380c428       0x3c /Users/lucaschen/Library/Application Support/Code/User/globalStorage/vexrobotics.vexcode/sdk/cpp/V5/V5_20240802_15_00_00/vexv5/libv5rt.a(v5_apijump.c.obj)
                0x000000000380c428                vexDeviceEventMaskGet
 .text.vexDeviceEventDataGet
                0x000000000380c464       0x3c /Users/lucaschen/Library/Application Support/Code/User/globalStorage/vexrobotics.vexcode/sdk/cpp/V5/V5_20240802_15_00_00/vexv5/libv5rt.a(v5_apijump.c.obj)
                0x000000000380c464                vexDeviceEventDataGet
 .text.vexSystemVersion
                0x000000000380c4a0       0x10 /Users/lucaschen/Library/Application Support/Code/User/globalStorage/vexrobotics.vexcode/sdk/cpp/V5/V5_20240802_15_00_00/vexv5/libv5rt.a(v5_apiversions.c.obj)
                0x000000000380c4a0                vexSystemVersion
 .text.vexStdlibVersion
                0x000000000380c4b0       0x10 /Users/lucaschen/Library/Application Support/Code/User/globalStorage/vexrobotics.vexcode/sdk/cpp/V5/V5_20240802_15_00_00/vexv5/libv5rt.a(v5_apiversions.c.obj)
                0x000000000380c4b0                vexStdlibVersion
 .text._ZN3vex4waitEdNS_9timeUnitsE
                0x000000000380c4c0       0x30 /Users/lucaschen/Library/Application Support/Code/User/globalStorage/vexrobotics.vexcode/sdk/cpp/V5/V5_20240802_15_00_00/vexv5/libv5rt.a(vex_global.cpp.obj)
                0x000000000380c4c0                vex::wait(double, vex::timeUnits)
 .text._ZN3vex5motorD2Ev
                0x000000000380c4f0       0x20 /Users/lucaschen/Library/Application Support/Code/User/globalStorage/vexrobotics.vexcode/sdk/cpp/V5/V5_20240802_15_00_00/vexv5/libv5rt.a(vex_motor.cpp.obj)
                0x000000000380c4f0                vex::motor::~motor()
                0x000000000380c4f0                vex::motor::~motor()
 .text._ZN3vex5motorD0Ev
                0x000000000380c510       0x1c /Users/lucaschen/Library/Application Support/Code/User/globalStorage/vexrobotics.vexcode/sdk/cpp/V5/V5_20240802_15_00_00/vexv5/libv5rt.a(vex_motor.cpp.obj)
                0x000000000380c510                vex::motor::~motor()
 .text._ZN3vex5motor9installedEv
                0x000000000380c52c       0x18 /Users/lucaschen/Library/Application Support/Code/User/globalStorage/vexrobotics.vexcode/sdk/cpp/V5/V5_20240802_15_00_00/vexv5/libv5rt.a(vex_motor.cpp.obj)
                0x000000000380c52c                vex::motor::installed()
 .text._ZN3vex5motor15defaultStoppingENS_9brakeTypeE
                0x000000000380c544       0x30 /Users/lucaschen/Library/Application Support/Code/User/globalStorage/vexrobotics.vexcode/sdk/cpp/V5/V5_20240802_15_00_00/vexv5/libv5rt.a(vex_motor.cpp.obj)
                0x000000000380c544                vex::motor::defaultStopping(vex::brakeType)
 .text._ZN3vex5motor11setStoppingENS_9brakeTypeE
                0x000000000380c574        0x4 /Users/lucaschen/Library/Application Support/Code/User/globalStorage/vexrobotics.vexcode/sdk/cpp/V5/V5_20240802_15_00_00/vexv5/libv5rt.a(vex_motor.cpp.obj)
                0x000000000380c574                vex::motor::setStopping(vex::brakeType)
 .text._ZN3vex5motorC2El
                0x000000000380c578       0x78 /Users/lucaschen/Library/Application Support/Code/User/globalStorage/vexrobotics.vexcode/sdk/cpp/V5/V5_20240802_15_00_00/vexv5/libv5rt.a(vex_motor.cpp.obj)
                0x000000000380c578                vex::motor::motor(long)
                0x000000000380c578                vex::motor::motor(long)
 .text._ZN3vex5motorC2ElNS_11gearSettingEb
                0x000000000380c5f0       0x34 /Users/lucaschen/Library/Application Support/Code/User/globalStorage/vexrobotics.vexcode/sdk/cpp/V5/V5_20240802_15_00_00/vexv5/libv5rt.a(vex_motor.cpp.obj)
                0x000000000380c5f0                vex::motor::motor(long, vex::gearSetting, bool)
                0x000000000380c5f0                vex::motor::motor(long, vex::gearSetting, bool)
 *fill*         0x000000000380c624        0x4 
 .text._ZN3vex5motor4spinENS_13directionTypeEdNS_12voltageUnitsE
                0x000000000380c628       0x50 /Users/lucaschen/Library/Application Support/Code/User/globalStorage/vexrobotics.vexcode/sdk/cpp/V5/V5_20240802_15_00_00/vexv5/libv5rt.a(vex_motor.cpp.obj)
                0x000000000380c628                vex::motor::spin(vex::directionType, double, vex::voltageUnits)
 .text._ZN3vex5motor4stopENS_9brakeTypeE
                0x000000000380c678       0x30 /Users/lucaschen/Library/Application Support/Code/User/globalStorage/vexrobotics.vexcode/sdk/cpp/V5/V5_20240802_15_00_00/vexv5/libv5rt.a(vex_motor.cpp.obj)
                0x000000000380c678                vex::motor::stop(vex::brakeType)
 .text._ZN3vex5motor11temperatureENS_16temperatureUnitsE
                0x000000000380c6a8       0x40 /Users/lucaschen/Library/Application Support/Code/User/globalStorage/vexrobotics.vexcode/sdk/cpp/V5/V5_20240802_15_00_00/vexv5/libv5rt.a(vex_motor.cpp.obj)
                0x000000000380c6a8                vex::motor::temperature(vex::temperatureUnits)
 .text._ZN3vex5motor16velocityToScaledEdNS_13velocityUnitsE
                0x000000000380c6e8       0x5c /Users/lucaschen/Library/Application Support/Code/User/globalStorage/vexrobotics.vexcode/sdk/cpp/V5/V5_20240802_15_00_00/vexv5/libv5rt.a(vex_motor.cpp.obj)
                0x000000000380c6e8                vex::motor::velocityToScaled(double, vex::velocityUnits)
 .text._ZN3vex5motor8velocityENS_13velocityUnitsE
                0x000000000380c744       0x30 /Users/lucaschen/Library/Application Support/Code/User/globalStorage/vexrobotics.vexcode/sdk/cpp/V5/V5_20240802_15_00_00/vexv5/libv5rt.a(vex_motor.cpp.obj)
                0x000000000380c744                vex::motor::velocity(vex::velocityUnits)
 .text._ZN3vex5motor5valueEv
                0x000000000380c774       0x1c /Users/lucaschen/Library/Application Support/Code/User/globalStorage/vexrobotics.vexcode/sdk/cpp/V5/V5_20240802_15_00_00/vexv5/libv5rt.a(vex_motor.cpp.obj)
                0x000000000380c774                vex::motor::value()
 .text._ZN3vex5motor16scaledToVelocityEdNS_13velocityUnitsE
                0x000000000380c790       0xa4 /Users/lucaschen/Library/Application Support/Code/User/globalStorage/vexrobotics.vexcode/sdk/cpp/V5/V5_20240802_15_00_00/vexv5/libv5rt.a(vex_motor.cpp.obj)
                0x000000000380c790                vex::motor::scaledToVelocity(double, vex::velocityUnits)
 .text._ZN3vex5motor4spinENS_13directionTypeEdNS_13velocityUnitsE
                0x000000000380c834       0x5c /Users/lucaschen/Library/Application Support/Code/User/globalStorage/vexrobotics.vexcode/sdk/cpp/V5/V5_20240802_15_00_00/vexv5/libv5rt.a(vex_motor.cpp.obj)
                0x000000000380c834                vex::motor::spin(vex::directionType, double, vex::velocityUnits)
 .text._ZN3vex5motor16setRotationUnitsENS_13rotationUnitsE
                0x000000000380c890       0x1c /Users/lucaschen/Library/Application Support/Code/User/globalStorage/vexrobotics.vexcode/sdk/cpp/V5/V5_20240802_15_00_00/vexv5/libv5rt.a(vex_motor.cpp.obj)
                0x000000000380c890                vex::motor::setRotationUnits(vex::rotationUnits)
 .text._ZN3vex5motor11setPositionEdNS_13rotationUnitsE
                0x000000000380c8ac       0x44 /Users/lucaschen/Library/Application Support/Code/User/globalStorage/vexrobotics.vexcode/sdk/cpp/V5/V5_20240802_15_00_00/vexv5/libv5rt.a(vex_motor.cpp.obj)
                0x000000000380c8ac                vex::motor::setPosition(double, vex::rotationUnits)
 .text._ZN3vex5motor8positionENS_13rotationUnitsE
                0x000000000380c8f0       0x44 /Users/lucaschen/Library/Application Support/Code/User/globalStorage/vexrobotics.vexcode/sdk/cpp/V5/V5_20240802_15_00_00/vexv5/libv5rt.a(vex_motor.cpp.obj)
                0x000000000380c8f0                vex::motor::position(vex::rotationUnits)
 .text._ZN3vex8inertial11getTurnTypeEv
                0x000000000380c934        0x8 /Users/lucaschen/Library/Application Support/Code/User/globalStorage/vexrobotics.vexcode/sdk/cpp/V5/V5_20240802_15_00_00/vexv5/libv5rt.a(vex_imu.cpp.obj)
                0x000000000380c934                vex::inertial::getTurnType()
 .text._ZThn16_N3vex8inertial11getTurnTypeEv
                0x000000000380c93c        0x8 /Users/lucaschen/Library/Application Support/Code/User/globalStorage/vexrobotics.vexcode/sdk/cpp/V5/V5_20240802_15_00_00/vexv5/libv5rt.a(vex_imu.cpp.obj)
                0x000000000380c93c                non-virtual thunk to vex::inertial::getTurnType()
 *fill*         0x000000000380c944        0x4 
 .text._ZN3vex8inertial10setHeadingEdNS_13rotationUnitsE
                0x000000000380c948       0x58 /Users/lucaschen/Library/Application Support/Code/User/globalStorage/vexrobotics.vexcode/sdk/cpp/V5/V5_20240802_15_00_00/vexv5/libv5rt.a(vex_imu.cpp.obj)
                0x000000000380c948                vex::inertial::setHeading(double, vex::rotationUnits)
 .text._ZThn16_N3vex8inertial10setHeadingEdNS_13rotationUnitsE
                0x000000000380c9a0        0x8 /Users/lucaschen/Library/Application Support/Code/User/globalStorage/vexrobotics.vexcode/sdk/cpp/V5/V5_20240802_15_00_00/vexv5/libv5rt.a(vex_imu.cpp.obj)
                0x000000000380c9a0                non-virtual thunk to vex::inertial::setHeading(double, vex::rotationUnits)
 .text._ZN3vex8inertial11setRotationEdNS_13rotationUnitsE
                0x000000000380c9a8       0x58 /Users/lucaschen/Library/Application Support/Code/User/globalStorage/vexrobotics.vexcode/sdk/cpp/V5/V5_20240802_15_00_00/vexv5/libv5rt.a(vex_imu.cpp.obj)
                0x000000000380c9a8                vex::inertial::setRotation(double, vex::rotationUnits)
 .text._ZThn16_N3vex8inertial11setRotationEdNS_13rotationUnitsE
                0x000000000380ca00        0x8 /Users/lucaschen/Library/Application Support/Code/User/globalStorage/vexrobotics.vexcode/sdk/cpp/V5/V5_20240802_15_00_00/vexv5/libv5rt.a(vex_imu.cpp.obj)
                0x000000000380ca00                non-virtual thunk to vex::inertial::setRotation(double, vex::rotationUnits)
 .text._ZN3vex8inertialD2Ev
                0x000000000380ca08       0x20 /Users/lucaschen/Library/Application Support/Code/User/globalStorage/vexrobotics.vexcode/sdk/cpp/V5/V5_20240802_15_00_00/vexv5/libv5rt.a(vex_imu.cpp.obj)
                0x000000000380ca08                vex::inertial::~inertial()
                0x000000000380ca08                vex::inertial::~inertial()
 .text._ZThn16_N3vex8inertialD1Ev
                0x000000000380ca28        0x8 /Users/lucaschen/Library/Application Support/Code/User/globalStorage/vexrobotics.vexcode/sdk/cpp/V5/V5_20240802_15_00_00/vexv5/libv5rt.a(vex_imu.cpp.obj)
                0x000000000380ca28                non-virtual thunk to vex::inertial::~inertial()
 .text._ZN3vex8inertialD0Ev
                0x000000000380ca30       0x1c /Users/lucaschen/Library/Application Support/Code/User/globalStorage/vexrobotics.vexcode/sdk/cpp/V5/V5_20240802_15_00_00/vexv5/libv5rt.a(vex_imu.cpp.obj)
                0x000000000380ca30                vex::inertial::~inertial()
 .text._ZThn16_N3vex8inertialD0Ev
                0x000000000380ca4c        0x8 /Users/lucaschen/Library/Application Support/Code/User/globalStorage/vexrobotics.vexcode/sdk/cpp/V5/V5_20240802_15_00_00/vexv5/libv5rt.a(vex_imu.cpp.obj)
                0x000000000380ca4c                non-virtual thunk to vex::inertial::~inertial()
 .text._ZN3vex8inertial9installedEv
                0x000000000380ca54       0x18 /Users/lucaschen/Library/Application Support/Code/User/globalStorage/vexrobotics.vexcode/sdk/cpp/V5/V5_20240802_15_00_00/vexv5/libv5rt.a(vex_imu.cpp.obj)
                0x000000000380ca54                vex::inertial::installed()
 .text._ZN3vex8inertial5angleENS_13rotationUnitsE
                0x000000000380ca6c       0x6c /Users/lucaschen/Library/Application Support/Code/User/globalStorage/vexrobotics.vexcode/sdk/cpp/V5/V5_20240802_15_00_00/vexv5/libv5rt.a(vex_imu.cpp.obj)
                0x000000000380ca6c                vex::inertial::angle(vex::rotationUnits)
 .text._ZThn16_N3vex8inertial5angleENS_13rotationUnitsE
                0x000000000380cad8        0x8 /Users/lucaschen/Library/Application Support/Code/User/globalStorage/vexrobotics.vexcode/sdk/cpp/V5/V5_20240802_15_00_00/vexv5/libv5rt.a(vex_imu.cpp.obj)
                0x000000000380cad8                non-virtual thunk to vex::inertial::angle(vex::rotationUnits)
 .text._ZN3vex8inertial7headingENS_13rotationUnitsE
                0x000000000380cae0        0x4 /Users/lucaschen/Library/Application Support/Code/User/globalStorage/vexrobotics.vexcode/sdk/cpp/V5/V5_20240802_15_00_00/vexv5/libv5rt.a(vex_imu.cpp.obj)
                0x000000000380cae0                vex::inertial::heading(vex::rotationUnits)
 .text._ZThn16_N3vex8inertial7headingENS_13rotationUnitsE
                0x000000000380cae4        0x8 /Users/lucaschen/Library/Application Support/Code/User/globalStorage/vexrobotics.vexcode/sdk/cpp/V5/V5_20240802_15_00_00/vexv5/libv5rt.a(vex_imu.cpp.obj)
                0x000000000380cae4                non-virtual thunk to vex::inertial::heading(vex::rotationUnits)
 .text._ZN3vex8inertial5valueEv
                0x000000000380caec       0x1c /Users/lucaschen/Library/Application Support/Code/User/globalStorage/vexrobotics.vexcode/sdk/cpp/V5/V5_20240802_15_00_00/vexv5/libv5rt.a(vex_imu.cpp.obj)
                0x000000000380caec                vex::inertial::value()
 .text._ZN3vex8inertial8rotationENS_13rotationUnitsE
                0x000000000380cb08       0x48 /Users/lucaschen/Library/Application Support/Code/User/globalStorage/vexrobotics.vexcode/sdk/cpp/V5/V5_20240802_15_00_00/vexv5/libv5rt.a(vex_imu.cpp.obj)
                0x000000000380cb08                vex::inertial::rotation(vex::rotationUnits)
 .text._ZThn16_N3vex8inertial8rotationENS_13rotationUnitsE
                0x000000000380cb50        0x8 /Users/lucaschen/Library/Application Support/Code/User/globalStorage/vexrobotics.vexcode/sdk/cpp/V5/V5_20240802_15_00_00/vexv5/libv5rt.a(vex_imu.cpp.obj)
                0x000000000380cb50                non-virtual thunk to vex::inertial::rotation(vex::rotationUnits)
 .text._ZN3vex8inertial13isCalibratingEv
                0x000000000380cb58       0x38 /Users/lucaschen/Library/Application Support/Code/User/globalStorage/vexrobotics.vexcode/sdk/cpp/V5/V5_20240802_15_00_00/vexv5/libv5rt.a(vex_imu.cpp.obj)
                0x000000000380cb58                vex::inertial::isCalibrating()
 .text._ZThn16_N3vex8inertial13isCalibratingEv
                0x000000000380cb90        0x8 /Users/lucaschen/Library/Application Support/Code/User/globalStorage/vexrobotics.vexcode/sdk/cpp/V5/V5_20240802_15_00_00/vexv5/libv5rt.a(vex_imu.cpp.obj)
                0x000000000380cb90                non-virtual thunk to vex::inertial::isCalibrating()
 .text._ZN3vex8inertial22_collisionEventHandlerEPv
                0x000000000380cb98       0x68 /Users/lucaschen/Library/Application Support/Code/User/globalStorage/vexrobotics.vexcode/sdk/cpp/V5/V5_20240802_15_00_00/vexv5/libv5rt.a(vex_imu.cpp.obj)
                0x000000000380cb98                vex::inertial::_collisionEventHandler(void*)
 .text._ZN3vex8inertialC2ElNS_8turnTypeE
                0x000000000380cc00       0x4c /Users/lucaschen/Library/Application Support/Code/User/globalStorage/vexrobotics.vexcode/sdk/cpp/V5/V5_20240802_15_00_00/vexv5/libv5rt.a(vex_imu.cpp.obj)
                0x000000000380cc00                vex::inertial::inertial(long, vex::turnType)
                0x000000000380cc00                vex::inertial::inertial(long, vex::turnType)
 .text._ZN3vex8inertial13resetRotationEv
                0x000000000380cc4c       0x20 /Users/lucaschen/Library/Application Support/Code/User/globalStorage/vexrobotics.vexcode/sdk/cpp/V5/V5_20240802_15_00_00/vexv5/libv5rt.a(vex_imu.cpp.obj)
                0x000000000380cc4c                vex::inertial::resetRotation()
 .text._ZN3vex8inertial16startCalibrationEl
                0x000000000380cc6c       0x20 /Users/lucaschen/Library/Application Support/Code/User/globalStorage/vexrobotics.vexcode/sdk/cpp/V5/V5_20240802_15_00_00/vexv5/libv5rt.a(vex_imu.cpp.obj)
                0x000000000380cc6c                vex::inertial::startCalibration(long)
 .text._ZN3vex8inertial9calibrateEl
                0x000000000380cc8c        0xc /Users/lucaschen/Library/Application Support/Code/User/globalStorage/vexrobotics.vexcode/sdk/cpp/V5/V5_20240802_15_00_00/vexv5/libv5rt.a(vex_imu.cpp.obj)
                0x000000000380cc8c                vex::inertial::calibrate(long)
                0x000000000380cc90                non-virtual thunk to vex::inertial::calibrate(long)
 .text._ZN3vex8inertial9collisionEPFvNS_8axisTypeEdddE
                0x000000000380cc98       0x1c /Users/lucaschen/Library/Application Support/Code/User/globalStorage/vexrobotics.vexcode/sdk/cpp/V5/V5_20240802_15_00_00/vexv5/libv5rt.a(vex_imu.cpp.obj)
                0x000000000380cc98                vex::inertial::collision(void (*)(vex::axisType, double, double, double))
 .text._ZN3vex8rotationD2Ev
                0x000000000380ccb4       0x20 /Users/lucaschen/Library/Application Support/Code/User/globalStorage/vexrobotics.vexcode/sdk/cpp/V5/V5_20240802_15_00_00/vexv5/libv5rt.a(vex_rotation.cpp.obj)
                0x000000000380ccb4                vex::rotation::~rotation()
                0x000000000380ccb4                vex::rotation::~rotation()
 .text._ZN3vex8rotationD0Ev
                0x000000000380ccd4       0x1c /Users/lucaschen/Library/Application Support/Code/User/globalStorage/vexrobotics.vexcode/sdk/cpp/V5/V5_20240802_15_00_00/vexv5/libv5rt.a(vex_rotation.cpp.obj)
                0x000000000380ccd4                vex::rotation::~rotation()
 .text._ZN3vex8rotation9installedEv
                0x000000000380ccf0       0x18 /Users/lucaschen/Library/Application Support/Code/User/globalStorage/vexrobotics.vexcode/sdk/cpp/V5/V5_20240802_15_00_00/vexv5/libv5rt.a(vex_rotation.cpp.obj)
                0x000000000380ccf0                vex::rotation::installed()
 .text._ZN3vex8rotation5valueEv
                0x000000000380cd08        0x8 /Users/lucaschen/Library/Application Support/Code/User/globalStorage/vexrobotics.vexcode/sdk/cpp/V5/V5_20240802_15_00_00/vexv5/libv5rt.a(vex_rotation.cpp.obj)
                0x000000000380cd08                vex::rotation::value()
 .text._ZN3vex8rotationC2Elb
                0x000000000380cd10       0x30 /Users/lucaschen/Library/Application Support/Code/User/globalStorage/vexrobotics.vexcode/sdk/cpp/V5/V5_20240802_15_00_00/vexv5/libv5rt.a(vex_rotation.cpp.obj)
                0x000000000380cd10                vex::rotation::rotation(long, bool)
                0x000000000380cd10                vex::rotation::rotation(long, bool)
 .text._ZN3vex8rotation11setPositionEdNS_13rotationUnitsE
                0x000000000380cd40       0x48 /Users/lucaschen/Library/Application Support/Code/User/globalStorage/vexrobotics.vexcode/sdk/cpp/V5/V5_20240802_15_00_00/vexv5/libv5rt.a(vex_rotation.cpp.obj)
                0x000000000380cd40                vex::rotation::setPosition(double, vex::rotationUnits)
 .text._ZN3vex8rotation8positionENS_13rotationUnitsE
                0x000000000380cd88       0x50 /Users/lucaschen/Library/Application Support/Code/User/globalStorage/vexrobotics.vexcode/sdk/cpp/V5/V5_20240802_15_00_00/vexv5/libv5rt.a(vex_rotation.cpp.obj)
                0x000000000380cd88                vex::rotation::position(vex::rotationUnits)
 .text._ZN3vex7opticalD2Ev
                0x000000000380cdd8       0x20 /Users/lucaschen/Library/Application Support/Code/User/globalStorage/vexrobotics.vexcode/sdk/cpp/V5/V5_20240802_15_00_00/vexv5/libv5rt.a(vex_optical.cpp.obj)
                0x000000000380cdd8                vex::optical::~optical()
                0x000000000380cdd8                vex::optical::~optical()
 .text._ZN3vex7opticalD0Ev
                0x000000000380cdf8       0x1c /Users/lucaschen/Library/Application Support/Code/User/globalStorage/vexrobotics.vexcode/sdk/cpp/V5/V5_20240802_15_00_00/vexv5/libv5rt.a(vex_optical.cpp.obj)
                0x000000000380cdf8                vex::optical::~optical()
 .text._ZN3vex7optical9installedEv
                0x000000000380ce14       0x18 /Users/lucaschen/Library/Application Support/Code/User/globalStorage/vexrobotics.vexcode/sdk/cpp/V5/V5_20240802_15_00_00/vexv5/libv5rt.a(vex_optical.cpp.obj)
                0x000000000380ce14                vex::optical::installed()
 .text._ZN3vex7optical3hueEv
                0x000000000380ce2c        0x8 /Users/lucaschen/Library/Application Support/Code/User/globalStorage/vexrobotics.vexcode/sdk/cpp/V5/V5_20240802_15_00_00/vexv5/libv5rt.a(vex_optical.cpp.obj)
                0x000000000380ce2c                vex::optical::hue()
 .text._ZN3vex7optical5valueEv
                0x000000000380ce34       0x18 /Users/lucaschen/Library/Application Support/Code/User/globalStorage/vexrobotics.vexcode/sdk/cpp/V5/V5_20240802_15_00_00/vexv5/libv5rt.a(vex_optical.cpp.obj)
                0x000000000380ce34                vex::optical::value()
 .text._ZN3vex7optical8setLightENS_8ledStateE
                0x000000000380ce4c       0x18 /Users/lucaschen/Library/Application Support/Code/User/globalStorage/vexrobotics.vexcode/sdk/cpp/V5/V5_20240802_15_00_00/vexv5/libv5rt.a(vex_optical.cpp.obj)
                0x000000000380ce4c                vex::optical::setLight(vex::ledState)
 .text._ZN3vex7optical13setLightPowerElNS_12percentUnitsE
                0x000000000380ce64       0x2c /Users/lucaschen/Library/Application Support/Code/User/globalStorage/vexrobotics.vexcode/sdk/cpp/V5/V5_20240802_15_00_00/vexv5/libv5rt.a(vex_optical.cpp.obj)
                0x000000000380ce64                vex::optical::setLightPower(long, vex::percentUnits)
 .text._ZN3vex7optical13gestureEnableEv
                0x000000000380ce90        0x8 /Users/lucaschen/Library/Application Support/Code/User/globalStorage/vexrobotics.vexcode/sdk/cpp/V5/V5_20240802_15_00_00/vexv5/libv5rt.a(vex_optical.cpp.obj)
                0x000000000380ce90                vex::optical::gestureEnable()
 .text._ZN3vex7optical14gestureDisableEv
                0x000000000380ce98        0x8 /Users/lucaschen/Library/Application Support/Code/User/globalStorage/vexrobotics.vexcode/sdk/cpp/V5/V5_20240802_15_00_00/vexv5/libv5rt.a(vex_optical.cpp.obj)
                0x000000000380ce98                vex::optical::gestureDisable()
 .text._ZN3vex7opticalC2Elb
                0x000000000380cea0       0x54 /Users/lucaschen/Library/Application Support/Code/User/globalStorage/vexrobotics.vexcode/sdk/cpp/V5/V5_20240802_15_00_00/vexv5/libv5rt.a(vex_optical.cpp.obj)
                0x000000000380cea0                vex::optical::optical(long, bool)
                0x000000000380cea0                vex::optical::optical(long, bool)
 .text._ZN3vex7optical15integrationTimeEd
                0x000000000380cef4        0x8 /Users/lucaschen/Library/Application Support/Code/User/globalStorage/vexrobotics.vexcode/sdk/cpp/V5/V5_20240802_15_00_00/vexv5/libv5rt.a(vex_optical.cpp.obj)
                0x000000000380cef4                vex::optical::integrationTime(double)
 .text._ZN3vex8distanceD2Ev
                0x000000000380cefc       0x20 /Users/lucaschen/Library/Application Support/Code/User/globalStorage/vexrobotics.vexcode/sdk/cpp/V5/V5_20240802_15_00_00/vexv5/libv5rt.a(vex_distance.cpp.obj)
                0x000000000380cefc                vex::distance::~distance()
                0x000000000380cefc                vex::distance::~distance()
 .text._ZN3vex8distanceD0Ev
                0x000000000380cf1c       0x1c /Users/lucaschen/Library/Application Support/Code/User/globalStorage/vexrobotics.vexcode/sdk/cpp/V5/V5_20240802_15_00_00/vexv5/libv5rt.a(vex_distance.cpp.obj)
                0x000000000380cf1c                vex::distance::~distance()
 .text._ZN3vex8distance9installedEv
                0x000000000380cf38       0x18 /Users/lucaschen/Library/Application Support/Code/User/globalStorage/vexrobotics.vexcode/sdk/cpp/V5/V5_20240802_15_00_00/vexv5/libv5rt.a(vex_distance.cpp.obj)
                0x000000000380cf38                vex::distance::installed()
 .text._ZN3vex8distance5valueEv
                0x000000000380cf50        0x8 /Users/lucaschen/Library/Application Support/Code/User/globalStorage/vexrobotics.vexcode/sdk/cpp/V5/V5_20240802_15_00_00/vexv5/libv5rt.a(vex_distance.cpp.obj)
                0x000000000380cf50                vex::distance::value()
 .text._ZN3vex8distanceC2El
                0x000000000380cf58       0x20 /Users/lucaschen/Library/Application Support/Code/User/globalStorage/vexrobotics.vexcode/sdk/cpp/V5/V5_20240802_15_00_00/vexv5/libv5rt.a(vex_distance.cpp.obj)
                0x000000000380cf58                vex::distance::distance(long)
                0x000000000380cf58                vex::distance::distance(long)
 .text._ZN3vex8distance14objectDistanceENS_13distanceUnitsE
                0x000000000380cf78       0x48 /Users/lucaschen/Library/Application Support/Code/User/globalStorage/vexrobotics.vexcode/sdk/cpp/V5/V5_20240802_15_00_00/vexv5/libv5rt.a(vex_distance.cpp.obj)
                0x000000000380cf78                vex::distance::objectDistance(vex::distanceUnits)
 .text._ZN3vex10controllerD2Ev
                0x000000000380cfc0        0x4 /Users/lucaschen/Library/Application Support/Code/User/globalStorage/vexrobotics.vexcode/sdk/cpp/V5/V5_20240802_15_00_00/vexv5/libv5rt.a(vex_controller.cpp.obj)
                0x000000000380cfc0                vex::controller::~controller()
                0x000000000380cfc0                vex::controller::~controller()
 .text._ZN3vex10controller5valueE19_V5_ControllerIndex
                0x000000000380cfc4        0x8 /Users/lucaschen/Library/Application Support/Code/User/globalStorage/vexrobotics.vexcode/sdk/cpp/V5/V5_20240802_15_00_00/vexv5/libv5rt.a(vex_controller.cpp.obj)
                0x000000000380cfc4                vex::controller::value(_V5_ControllerIndex)
 .text._ZN3vex10controller6rumbleEPKc
                0x000000000380cfcc       0x4c /Users/lucaschen/Library/Application Support/Code/User/globalStorage/vexrobotics.vexcode/sdk/cpp/V5/V5_20240802_15_00_00/vexv5/libv5rt.a(vex_controller.cpp.obj)
                0x000000000380cfcc                vex::controller::rumble(char const*)
 .text._ZNK3vex10controller6button8pressingEv
                0x000000000380d018       0xc8 /Users/lucaschen/Library/Application Support/Code/User/globalStorage/vexrobotics.vexcode/sdk/cpp/V5/V5_20240802_15_00_00/vexv5/libv5rt.a(vex_controller.cpp.obj)
                0x000000000380d018                vex::controller::button::pressing() const
 .text._ZNK3vex10controller6button21_buttonToPressedEventEv
                0x000000000380d0e0       0x20 /Users/lucaschen/Library/Application Support/Code/User/globalStorage/vexrobotics.vexcode/sdk/cpp/V5/V5_20240802_15_00_00/vexv5/libv5rt.a(vex_controller.cpp.obj)
                0x000000000380d0e0                vex::controller::button::_buttonToPressedEvent() const
 .text._ZNK3vex10controller6button22_buttonToReleasedEventEv
                0x000000000380d100       0x20 /Users/lucaschen/Library/Application Support/Code/User/globalStorage/vexrobotics.vexcode/sdk/cpp/V5/V5_20240802_15_00_00/vexv5/libv5rt.a(vex_controller.cpp.obj)
                0x000000000380d100                vex::controller::button::_buttonToReleasedEvent() const
 .text._ZN3vex10controller6buttonC2ENS0_11tButtonTypeEPS0_
                0x000000000380d120       0x48 /Users/lucaschen/Library/Application Support/Code/User/globalStorage/vexrobotics.vexcode/sdk/cpp/V5/V5_20240802_15_00_00/vexv5/libv5rt.a(vex_controller.cpp.obj)
                0x000000000380d120                vex::controller::button::button(vex::controller::tButtonType, vex::controller*)
                0x000000000380d120                vex::controller::button::button(vex::controller::tButtonType, vex::controller*)
 .text._ZNK3vex10controller4axis5valueEv
                0x000000000380d168       0x58 /Users/lucaschen/Library/Application Support/Code/User/globalStorage/vexrobotics.vexcode/sdk/cpp/V5/V5_20240802_15_00_00/vexv5/libv5rt.a(vex_controller.cpp.obj)
                0x000000000380d168                vex::controller::axis::value() const
 .text._ZNK3vex10controller4axis8positionENS_12percentUnitsE
                0x000000000380d1c0       0x1c /Users/lucaschen/Library/Application Support/Code/User/globalStorage/vexrobotics.vexcode/sdk/cpp/V5/V5_20240802_15_00_00/vexv5/libv5rt.a(vex_controller.cpp.obj)
                0x000000000380d1c0                vex::controller::axis::position(vex::percentUnits) const
 .text._ZNK3vex10controller4axis23_joystickToChangedEventEv
                0x000000000380d1dc       0x20 /Users/lucaschen/Library/Application Support/Code/User/globalStorage/vexrobotics.vexcode/sdk/cpp/V5/V5_20240802_15_00_00/vexv5/libv5rt.a(vex_controller.cpp.obj)
                0x000000000380d1dc                vex::controller::axis::_joystickToChangedEvent() const
 .text._ZN3vex10controller4axisC2ENS0_9tAxisTypeEPS0_
                0x000000000380d1fc       0x2c /Users/lucaschen/Library/Application Support/Code/User/globalStorage/vexrobotics.vexcode/sdk/cpp/V5/V5_20240802_15_00_00/vexv5/libv5rt.a(vex_controller.cpp.obj)
                0x000000000380d1fc                vex::controller::axis::axis(vex::controller::tAxisType, vex::controller*)
                0x000000000380d1fc                vex::controller::axis::axis(vex::controller::tAxisType, vex::controller*)
 .text._ZN3vex10controllerC2ENS_14controllerTypeE
                0x000000000380d228      0x16c /Users/lucaschen/Library/Application Support/Code/User/globalStorage/vexrobotics.vexcode/sdk/cpp/V5/V5_20240802_15_00_00/vexv5/libv5rt.a(vex_controller.cpp.obj)
                0x000000000380d228                vex::controller::controller(vex::controllerType)
                0x000000000380d228                vex::controller::controller(vex::controllerType)
 .text._ZN3vex10controller3lcd15getControllerIdEv
                0x000000000380d394       0x10 /Users/lucaschen/Library/Application Support/Code/User/globalStorage/vexrobotics.vexcode/sdk/cpp/V5/V5_20240802_15_00_00/vexv5/libv5rt.a(vex_controller.cpp.obj)
                0x000000000380d394                vex::controller::lcd::getControllerId()
 .text._ZN3vex10controller3lcd9setCursorEll
                0x000000000380d3a4       0x40 /Users/lucaschen/Library/Application Support/Code/User/globalStorage/vexrobotics.vexcode/sdk/cpp/V5/V5_20240802_15_00_00/vexv5/libv5rt.a(vex_controller.cpp.obj)
                0x000000000380d3a4                vex::controller::lcd::setCursor(long, long)
 .text._ZN3vex10controller3lcd5printEPKcz
                0x000000000380d3e4       0x80 /Users/lucaschen/Library/Application Support/Code/User/globalStorage/vexrobotics.vexcode/sdk/cpp/V5/V5_20240802_15_00_00/vexv5/libv5rt.a(vex_controller.cpp.obj)
                0x000000000380d3e4                vex::controller::lcd::print(char const*, ...)
 .text._ZN3vex10controller3lcd9clearLineEi
                0x000000000380d464       0x80 /Users/lucaschen/Library/Application Support/Code/User/globalStorage/vexrobotics.vexcode/sdk/cpp/V5/V5_20240802_15_00_00/vexv5/libv5rt.a(vex_controller.cpp.obj)
                0x000000000380d464                vex::controller::lcd::clearLine(int)
 .text._ZN3vex10controller3lcd11clearScreenEv
                0x000000000380d4e4       0x5c /Users/lucaschen/Library/Application Support/Code/User/globalStorage/vexrobotics.vexcode/sdk/cpp/V5/V5_20240802_15_00_00/vexv5/libv5rt.a(vex_controller.cpp.obj)
                0x000000000380d4e4                vex::controller::lcd::clearScreen()
 .text._ZN3vex4taskC2EPFivE
                0x000000000380d540       0x5c /Users/lucaschen/Library/Application Support/Code/User/globalStorage/vexrobotics.vexcode/sdk/cpp/V5/V5_20240802_15_00_00/vexv5/libv5rt.a(vex_task.cpp.obj)
                0x000000000380d540                vex::task::task(int (*)())
                0x000000000380d540                vex::task::task(int (*)())
 .text._ZN3vex4taskD2Ev
                0x000000000380d59c        0x4 /Users/lucaschen/Library/Application Support/Code/User/globalStorage/vexrobotics.vexcode/sdk/cpp/V5/V5_20240802_15_00_00/vexv5/libv5rt.a(vex_task.cpp.obj)
                0x000000000380d59c                vex::task::~task()
                0x000000000380d59c                vex::task::~task()
 .text._ZN3vex4task4stopEPvi
                0x000000000380d5a0       0x1c /Users/lucaschen/Library/Application Support/Code/User/globalStorage/vexrobotics.vexcode/sdk/cpp/V5/V5_20240802_15_00_00/vexv5/libv5rt.a(vex_task.cpp.obj)
                0x000000000380d5a0                vex::task::stop(void*, int)
 .text._ZN3vex4task6_indexEPFivE
                0x000000000380d5bc       0x14 /Users/lucaschen/Library/Application Support/Code/User/globalStorage/vexrobotics.vexcode/sdk/cpp/V5/V5_20240802_15_00_00/vexv5/libv5rt.a(vex_task.cpp.obj)
                0x000000000380d5bc                vex::task::_index(int (*)())
 .text._ZN3vex4task8_stopAllEv
                0x000000000380d5d0       0x3c /Users/lucaschen/Library/Application Support/Code/User/globalStorage/vexrobotics.vexcode/sdk/cpp/V5/V5_20240802_15_00_00/vexv5/libv5rt.a(vex_task.cpp.obj)
                0x000000000380d5d0                vex::task::_stopAll()
 .text._ZN3vex11this_thread9sleep_forEm
                0x000000000380d60c        0x4 /Users/lucaschen/Library/Application Support/Code/User/globalStorage/vexrobotics.vexcode/sdk/cpp/V5/V5_20240802_15_00_00/vexv5/libv5rt.a(vex_thread.cpp.obj)
                0x000000000380d60c                vex::this_thread::sleep_for(unsigned long)
 .text._ZN3vex5event4initEmmPFvvE
                0x000000000380d610        0x4 /Users/lucaschen/Library/Application Support/Code/User/globalStorage/vexrobotics.vexcode/sdk/cpp/V5/V5_20240802_15_00_00/vexv5/libv5rt.a(vex_event.cpp.obj)
                0x000000000380d610                vex::event::init(unsigned long, unsigned long, void (*)())
 .text._ZN3vex5event4initEmmPFvPvES1_
                0x000000000380d614        0x4 /Users/lucaschen/Library/Application Support/Code/User/globalStorage/vexrobotics.vexcode/sdk/cpp/V5/V5_20240802_15_00_00/vexv5/libv5rt.a(vex_event.cpp.obj)
                0x000000000380d614                vex::event::init(unsigned long, unsigned long, void (*)(void*), void*)
 .text._ZN3vex5event9userindexEv
                0x000000000380d618        0x4 /Users/lucaschen/Library/Application Support/Code/User/globalStorage/vexrobotics.vexcode/sdk/cpp/V5/V5_20240802_15_00_00/vexv5/libv5rt.a(vex_event.cpp.obj)
                0x000000000380d618                vex::event::userindex()
 .text._ZZN3vex6meventC4EmmENUlvE_4_FUNEv
                0x000000000380d61c        0x4 /Users/lucaschen/Library/Application Support/Code/User/globalStorage/vexrobotics.vexcode/sdk/cpp/V5/V5_20240802_15_00_00/vexv5/libv5rt.a(vex_mevent.cpp.obj)
 .text._ZN3vex6meventC2Emm
                0x000000000380d620       0x70 /Users/lucaschen/Library/Application Support/Code/User/globalStorage/vexrobotics.vexcode/sdk/cpp/V5/V5_20240802_15_00_00/vexv5/libv5rt.a(vex_mevent.cpp.obj)
                0x000000000380d620                vex::mevent::mevent(unsigned long, unsigned long)
                0x000000000380d620                vex::mevent::mevent(unsigned long, unsigned long)
 .text._ZN3vex5brain9_getIndexEv
                0x000000000380d690       0x10 /Users/lucaschen/Library/Application Support/Code/User/globalStorage/vexrobotics.vexcode/sdk/cpp/V5/V5_20240802_15_00_00/vexv5/libv5rt.a(vex_brain.cpp.obj)
                0x000000000380d690                vex::brain::_getIndex()
 .text._ZN3vex5brain5timerENS_9timeUnitsE
                0x000000000380d6a0        0x8 /Users/lucaschen/Library/Application Support/Code/User/globalStorage/vexrobotics.vexcode/sdk/cpp/V5/V5_20240802_15_00_00/vexv5/libv5rt.a(vex_brain.cpp.obj)
                0x000000000380d6a0                vex::brain::timer(vex::timeUnits)
 .text._ZN3vex5brain3lcd9setCursorEll
                0x000000000380d6a8       0x44 /Users/lucaschen/Library/Application Support/Code/User/globalStorage/vexrobotics.vexcode/sdk/cpp/V5/V5_20240802_15_00_00/vexv5/libv5rt.a(vex_brain.cpp.obj)
                0x000000000380d6a8                vex::brain::lcd::setCursor(long, long)
 .text._ZN3vex5brain3lcd7setFontENS_8fontTypeE
                0x000000000380d6ec      0x23c /Users/lucaschen/Library/Application Support/Code/User/globalStorage/vexrobotics.vexcode/sdk/cpp/V5/V5_20240802_15_00_00/vexv5/libv5rt.a(vex_brain.cpp.obj)
                0x000000000380d6ec                vex::brain::lcd::setFont(vex::fontType)
 .text._ZN3vex5brain3lcdC2Ev
                0x000000000380d928       0x94 /Users/lucaschen/Library/Application Support/Code/User/globalStorage/vexrobotics.vexcode/sdk/cpp/V5/V5_20240802_15_00_00/vexv5/libv5rt.a(vex_brain.cpp.obj)
                0x000000000380d928                vex::brain::lcd::lcd()
                0x000000000380d928                vex::brain::lcd::lcd()
 .text._ZN3vex5brainC2Ev
                0x000000000380d9bc       0x3c /Users/lucaschen/Library/Application Support/Code/User/globalStorage/vexrobotics.vexcode/sdk/cpp/V5/V5_20240802_15_00_00/vexv5/libv5rt.a(vex_brain.cpp.obj)
                0x000000000380d9bc                vex::brain::brain()
                0x000000000380d9bc                vex::brain::brain()
 .text._ZN3vex5brain3lcd7printAtEllPKcz
                0x000000000380d9f8       0x54 /Users/lucaschen/Library/Application Support/Code/User/globalStorage/vexrobotics.vexcode/sdk/cpp/V5/V5_20240802_15_00_00/vexv5/libv5rt.a(vex_brain.cpp.obj)
                0x000000000380d9f8                vex::brain::lcd::printAt(long, long, char const*, ...)
 .text._ZN3vex5brainD2Ev
                0x000000000380da4c       0x20 /Users/lucaschen/Library/Application Support/Code/User/globalStorage/vexrobotics.vexcode/sdk/cpp/V5/V5_20240802_15_00_00/vexv5/libv5rt.a(vex_brain.cpp.obj)
                0x000000000380da4c                vex::brain::~brain()
                0x000000000380da4c                vex::brain::~brain()
 .text._ZN3vex11competition8_disableEPv
                0x000000000380da6c       0xa4 /Users/lucaschen/Library/Application Support/Code/User/globalStorage/vexrobotics.vexcode/sdk/cpp/V5/V5_20240802_15_00_00/vexv5/libv5rt.a(vex_competition.cpp.obj)
                0x000000000380da6c                vex::competition::_disable(void*)
 .text._ZN3vex11competition11_autonomousEv
                0x000000000380db10       0x80 /Users/lucaschen/Library/Application Support/Code/User/globalStorage/vexrobotics.vexcode/sdk/cpp/V5/V5_20240802_15_00_00/vexv5/libv5rt.a(vex_competition.cpp.obj)
                0x000000000380db10                vex::competition::_autonomous()
 .text._ZN3vex11competition14_drivercontrolEv
                0x000000000380db90       0x80 /Users/lucaschen/Library/Application Support/Code/User/globalStorage/vexrobotics.vexcode/sdk/cpp/V5/V5_20240802_15_00_00/vexv5/libv5rt.a(vex_competition.cpp.obj)
                0x000000000380db90                vex::competition::_drivercontrol()
 .text._ZN3vex11competitionC2Ev
                0x000000000380dc10      0x13c /Users/lucaschen/Library/Application Support/Code/User/globalStorage/vexrobotics.vexcode/sdk/cpp/V5/V5_20240802_15_00_00/vexv5/libv5rt.a(vex_competition.cpp.obj)
                0x000000000380dc10                vex::competition::competition()
                0x000000000380dc10                vex::competition::competition()
 .text._ZN3vex11competitionD2Ev
                0x000000000380dd4c        0x4 /Users/lucaschen/Library/Application Support/Code/User/globalStorage/vexrobotics.vexcode/sdk/cpp/V5/V5_20240802_15_00_00/vexv5/libv5rt.a(vex_competition.cpp.obj)
                0x000000000380dd4c                vex::competition::~competition()
                0x000000000380dd4c                vex::competition::~competition()
 .text._ZN3vex11competition10autonomousEPFvvE
                0x000000000380dd50       0x44 /Users/lucaschen/Library/Application Support/Code/User/globalStorage/vexrobotics.vexcode/sdk/cpp/V5/V5_20240802_15_00_00/vexv5/libv5rt.a(vex_competition.cpp.obj)
                0x000000000380dd50                vex::competition::autonomous(void (*)())
 .text._ZN3vex11competition13drivercontrolEPFvvE
                0x000000000380dd94       0x44 /Users/lucaschen/Library/Application Support/Code/User/globalStorage/vexrobotics.vexcode/sdk/cpp/V5/V5_20240802_15_00_00/vexv5/libv5rt.a(vex_competition.cpp.obj)
                0x000000000380dd94                vex::competition::drivercontrol(void (*)())
 .text._ZN3vex11competition15isDriverControlEv
                0x000000000380ddd8       0x14 /Users/lucaschen/Library/Application Support/Code/User/globalStorage/vexrobotics.vexcode/sdk/cpp/V5/V5_20240802_15_00_00/vexv5/libv5rt.a(vex_competition.cpp.obj)
                0x000000000380ddd8                vex::competition::isDriverControl()
 .text._ZN3vex11competition12isAutonomousEv
                0x000000000380ddec       0x14 /Users/lucaschen/Library/Application Support/Code/User/globalStorage/vexrobotics.vexcode/sdk/cpp/V5/V5_20240802_15_00_00/vexv5/libv5rt.a(vex_competition.cpp.obj)
                0x000000000380ddec                vex::competition::isAutonomous()
 .text._ZN3vex7triportD2Ev
                0x000000000380de00       0x38 /Users/lucaschen/Library/Application Support/Code/User/globalStorage/vexrobotics.vexcode/sdk/cpp/V5/V5_20240802_15_00_00/vexv5/libv5rt.a(vex_triport.cpp.obj)
                0x000000000380de00                vex::triport::~triport()
                0x000000000380de00                vex::triport::~triport()
 .text._ZN3vex7triportD0Ev
                0x000000000380de38       0x1c /Users/lucaschen/Library/Application Support/Code/User/globalStorage/vexrobotics.vexcode/sdk/cpp/V5/V5_20240802_15_00_00/vexv5/libv5rt.a(vex_triport.cpp.obj)
                0x000000000380de38                vex::triport::~triport()
 .text._ZN3vex7triport9installedEv
                0x000000000380de54       0x18 /Users/lucaschen/Library/Application Support/Code/User/globalStorage/vexrobotics.vexcode/sdk/cpp/V5/V5_20240802_15_00_00/vexv5/libv5rt.a(vex_triport.cpp.obj)
                0x000000000380de54                vex::triport::installed()
 .text._ZN3vex7triport4portC2ElPS0_
                0x000000000380de6c       0x74 /Users/lucaschen/Library/Application Support/Code/User/globalStorage/vexrobotics.vexcode/sdk/cpp/V5/V5_20240802_15_00_00/vexv5/libv5rt.a(vex_triport.cpp.obj)
                0x000000000380de6c                vex::triport::port::port(long, vex::triport*)
                0x000000000380de6c                vex::triport::port::port(long, vex::triport*)
 .text._ZN3vex7triportC2El
                0x000000000380dee0       0xf0 /Users/lucaschen/Library/Application Support/Code/User/globalStorage/vexrobotics.vexcode/sdk/cpp/V5/V5_20240802_15_00_00/vexv5/libv5rt.a(vex_triport.cpp.obj)
                0x000000000380dee0                vex::triport::triport(long)
                0x000000000380dee0                vex::triport::triport(long)
 .text._ZN3vex7triport4port4typeENS_11triportTypeE
                0x000000000380dfd0       0x30 /Users/lucaschen/Library/Application Support/Code/User/globalStorage/vexrobotics.vexcode/sdk/cpp/V5/V5_20240802_15_00_00/vexv5/libv5rt.a(vex_triport.cpp.obj)
                0x000000000380dfd0                vex::triport::port::type(vex::triportType)
 .text._ZN3vex7triport4port4typeEv
                0x000000000380e000       0x38 /Users/lucaschen/Library/Application Support/Code/User/globalStorage/vexrobotics.vexcode/sdk/cpp/V5/V5_20240802_15_00_00/vexv5/libv5rt.a(vex_triport.cpp.obj)
                0x000000000380e000                vex::triport::port::type()
 .text._ZN3vex7triport4port5valueEl
                0x000000000380e038       0x18 /Users/lucaschen/Library/Application Support/Code/User/globalStorage/vexrobotics.vexcode/sdk/cpp/V5/V5_20240802_15_00_00/vexv5/libv5rt.a(vex_triport.cpp.obj)
                0x000000000380e038                vex::triport::port::value(long)
 .text._ZN3vex11__trideviceC2ERNS_7triport4portENS_11triportTypeE
                0x000000000380e050       0x5c /Users/lucaschen/Library/Application Support/Code/User/globalStorage/vexrobotics.vexcode/sdk/cpp/V5/V5_20240802_15_00_00/vexv5/libv5rt.a(vex_triport.cpp.obj)
                0x000000000380e050                vex::__tridevice::__tridevice(vex::triport::port&, vex::triportType)
                0x000000000380e050                vex::__tridevice::__tridevice(vex::triport::port&, vex::triportType)
 .text._ZN3vex11digital_outC2ERNS_7triport4portE
                0x000000000380e0ac       0x18 /Users/lucaschen/Library/Application Support/Code/User/globalStorage/vexrobotics.vexcode/sdk/cpp/V5/V5_20240802_15_00_00/vexv5/libv5rt.a(vex_triport.cpp.obj)
                0x000000000380e0ac                vex::digital_out::digital_out(vex::triport::port&)
                0x000000000380e0ac                vex::digital_out::digital_out(vex::triport::port&)
 .text._ZN3vex11digital_outD2Ev
                0x000000000380e0c4        0x4 /Users/lucaschen/Library/Application Support/Code/User/globalStorage/vexrobotics.vexcode/sdk/cpp/V5/V5_20240802_15_00_00/vexv5/libv5rt.a(vex_triport.cpp.obj)
                0x000000000380e0c4                vex::digital_out::~digital_out()
                0x000000000380e0c4                vex::digital_out::~digital_out()
 .text._ZN3vex11digital_out3setEb
                0x000000000380e0c8        0x8 /Users/lucaschen/Library/Application Support/Code/User/globalStorage/vexrobotics.vexcode/sdk/cpp/V5/V5_20240802_15_00_00/vexv5/libv5rt.a(vex_triport.cpp.obj)
                0x000000000380e0c8                vex::digital_out::set(bool)
 .text._ZN3vex5colorD2Ev
                0x000000000380e0d0        0x4 /Users/lucaschen/Library/Application Support/Code/User/globalStorage/vexrobotics.vexcode/sdk/cpp/V5/V5_20240802_15_00_00/vexv5/libv5rt.a(vex_color.cpp.obj)
                0x000000000380e0d0                vex::color::~color()
                0x000000000380e0d0                vex::color::~color()
 .text.startup._GLOBAL__sub_I__ZN3vex5color5blackE
                0x000000000380e0d4      0x164 /Users/lucaschen/Library/Application Support/Code/User/globalStorage/vexrobotics.vexcode/sdk/cpp/V5/V5_20240802_15_00_00/vexv5/libv5rt.a(vex_color.cpp.obj)
 .text._ZN3vex5timerD2Ev
                0x000000000380e238        0x4 /Users/lucaschen/Library/Application Support/Code/User/globalStorage/vexrobotics.vexcode/sdk/cpp/V5/V5_20240802_15_00_00/vexv5/libv5rt.a(vex_timer.cpp.obj)
                0x000000000380e238                vex::timer::~timer()
                0x000000000380e238                vex::timer::~timer()
 .text._ZN3vex5timer5clearEv
                0x000000000380e23c       0x1c /Users/lucaschen/Library/Application Support/Code/User/globalStorage/vexrobotics.vexcode/sdk/cpp/V5/V5_20240802_15_00_00/vexv5/libv5rt.a(vex_timer.cpp.obj)
                0x000000000380e23c                vex::timer::clear()
 .text._ZN3vex5timerC2Ev
                0x000000000380e258       0x14 /Users/lucaschen/Library/Application Support/Code/User/globalStorage/vexrobotics.vexcode/sdk/cpp/V5/V5_20240802_15_00_00/vexv5/libv5rt.a(vex_timer.cpp.obj)
                0x000000000380e258                vex::timer::timer()
                0x000000000380e258                vex::timer::timer()
 *fill*         0x000000000380e26c        0x4 
 .text._ZNK3vex5timer4timeENS_9timeUnitsE
                0x000000000380e270       0x40 /Users/lucaschen/Library/Application Support/Code/User/globalStorage/vexrobotics.vexcode/sdk/cpp/V5/V5_20240802_15_00_00/vexv5/libv5rt.a(vex_timer.cpp.obj)
                0x000000000380e270                vex::timer::time(vex::timeUnits) const
 .text._ZN3vex5timer6systemEv
                0x000000000380e2b0        0x4 /Users/lucaschen/Library/Application Support/Code/User/globalStorage/vexrobotics.vexcode/sdk/cpp/V5/V5_20240802_15_00_00/vexv5/libv5rt.a(vex_timer.cpp.obj)
                0x000000000380e2b0                vex::timer::system()
 .text._ZN3vex11motor_group18motor_group_motorsC2Ev
                0x000000000380e2b4       0x28 /Users/lucaschen/Library/Application Support/Code/User/globalStorage/vexrobotics.vexcode/sdk/cpp/V5/V5_20240802_15_00_00/vexv5/libv5rt.a(vex_motorgroup.cpp.obj)
                0x000000000380e2b4                vex::motor_group::motor_group_motors::motor_group_motors()
                0x000000000380e2b4                vex::motor_group::motor_group_motors::motor_group_motors()
 .text._ZN3vex11motor_groupC2Ev
                0x000000000380e2dc       0x1c /Users/lucaschen/Library/Application Support/Code/User/globalStorage/vexrobotics.vexcode/sdk/cpp/V5/V5_20240802_15_00_00/vexv5/libv5rt.a(vex_motorgroup.cpp.obj)
                0x000000000380e2dc                vex::motor_group::motor_group()
                0x000000000380e2dc                vex::motor_group::motor_group()
 .text._ZN3vex11motor_groupD2Ev
                0x000000000380e2f8        0x4 /Users/lucaschen/Library/Application Support/Code/User/globalStorage/vexrobotics.vexcode/sdk/cpp/V5/V5_20240802_15_00_00/vexv5/libv5rt.a(vex_motorgroup.cpp.obj)
                0x000000000380e2f8                vex::motor_group::~motor_group()
                0x000000000380e2f8                vex::motor_group::~motor_group()
 .text._ZN3vex11motor_group9_addMotorERNS_5motorE
                0x000000000380e2fc       0x20 /Users/lucaschen/Library/Application Support/Code/User/globalStorage/vexrobotics.vexcode/sdk/cpp/V5/V5_20240802_15_00_00/vexv5/libv5rt.a(vex_motorgroup.cpp.obj)
                0x000000000380e2fc                vex::motor_group::_addMotor(vex::motor&)
 .text._ZN3vex11motor_group11setStoppingENS_9brakeTypeE
                0x000000000380e31c       0x38 /Users/lucaschen/Library/Application Support/Code/User/globalStorage/vexrobotics.vexcode/sdk/cpp/V5/V5_20240802_15_00_00/vexv5/libv5rt.a(vex_motorgroup.cpp.obj)
                0x000000000380e31c                vex::motor_group::setStopping(vex::brakeType)
 .text._ZN3vex11motor_group4spinENS_13directionTypeEdNS_12voltageUnitsE
                0x000000000380e354       0x54 /Users/lucaschen/Library/Application Support/Code/User/globalStorage/vexrobotics.vexcode/sdk/cpp/V5/V5_20240802_15_00_00/vexv5/libv5rt.a(vex_motorgroup.cpp.obj)
                0x000000000380e354                vex::motor_group::spin(vex::directionType, double, vex::voltageUnits)
 .text._ZN3vex11motor_group4stopENS_9brakeTypeE
                0x000000000380e3a8       0x38 /Users/lucaschen/Library/Application Support/Code/User/globalStorage/vexrobotics.vexcode/sdk/cpp/V5/V5_20240802_15_00_00/vexv5/libv5rt.a(vex_motorgroup.cpp.obj)
                0x000000000380e3a8                vex::motor_group::stop(vex::brakeType)
 .text.vexAdiPortConfigSet
                0x000000000380e3e0       0x28 /Users/lucaschen/Library/Application Support/Code/User/globalStorage/vexrobotics.vexcode/sdk/cpp/V5/V5_20240802_15_00_00/vexv5/libv5rt.a(v5_apiuser.c.obj)
                0x000000000380e3e0                vexAdiPortConfigSet
 .text.vexAdiPortConfigGet
                0x000000000380e408       0x28 /Users/lucaschen/Library/Application Support/Code/User/globalStorage/vexrobotics.vexcode/sdk/cpp/V5/V5_20240802_15_00_00/vexv5/libv5rt.a(v5_apiuser.c.obj)
                0x000000000380e408                vexAdiPortConfigGet
 .text.vexAdiValueSet
                0x000000000380e430       0x28 /Users/lucaschen/Library/Application Support/Code/User/globalStorage/vexrobotics.vexcode/sdk/cpp/V5/V5_20240802_15_00_00/vexv5/libv5rt.a(v5_apiuser.c.obj)
                0x000000000380e430                vexAdiValueSet
 .text.vexMotorVelocitySet
                0x000000000380e458       0x20 /Users/lucaschen/Library/Application Support/Code/User/globalStorage/vexrobotics.vexcode/sdk/cpp/V5/V5_20240802_15_00_00/vexv5/libv5rt.a(v5_apiuser.c.obj)
                0x000000000380e458                vexMotorVelocitySet
 .text.vexMotorVoltageSet