Archive member included to satisfy reference by file (symbol)

/Users/lucaschen/Library/Application Support/Code/User/globalStorage/vexrobotics.vexcode/sdk/cpp/V5/V5_20240802_15_00_00/vexv5/libv5rt.a(v5_startup.c.obj)
                              (vexStartup)
/Users/lucaschen/Library/Application Support/Code/User/globalStorage/vexrobotics.vexcode/sdk/cpp/V5/V5_20240802_15_00_00/vexv5/libv5rt.a(v5_util.c.obj)
                              /Users/lucaschen/Library/Application Support/Code/User/globalStorage/vexrobotics.vexcode/sdk/cpp/V5/V5_20240802_15_00_00/vexv5/libv5rt.a(v5_startup.c.obj) (vexStdlibVersionLinked)
/Users/lucaschen/Library/Application Support/Code/User/globalStorage/vexrobotics.vexcode/sdk/cpp/V5/V5_20240802_15_00_00/vexv5/libv5rt.a(v5_apijump.c.obj)
                              /Users/lucaschen/Library/Application Support/Code/User/globalStorage/vexrobotics.vexcode/sdk/cpp/V5/V5_20240802_15_00_00/vexv5/libv5rt.a(v5_startup.c.obj) (vexPrivateApiEnable)
/Users/lucaschen/Library/Application Support/Code/User/globalStorage/vexrobotics.vexcode/sdk/cpp/V5/V5_20240802_15_00_00/vexv5/libv5rt.a(v5_apiversions.c.obj)
                              /Users/lucaschen/Library/Application Support/Code/User/globalStorage/vexrobotics.vexcode/sdk/cpp/V5/V5_20240802_15_00_00/vexv5/libv5rt.a(v5_apijump.c.obj) (vexSystemVersion)
/Users/lucaschen/Library/Application Support/Code/User/globalStorage/vexrobotics.vexcode/sdk/cpp/V5/V5_20240802_15_00_00/vexv5/libv5rt.a(vex_global.cpp.obj)
                              build/src/main.o (vex::wait(double, vex::timeUnits))
/Users/lucaschen/Library/Application Support/Code/User/globalStorage/vexrobotics.vexcode/sdk/cpp/V5/V5_20240802_15_00_00/vexv5/libv5rt.a(vex_motor.cpp.obj)
                              build/src/main.o (vex::motor::~motor())
/Users/lucaschen/Library/Application Support/Code/User/globalStorage/vexrobotics.vexcode/sdk/cpp/V5/V5_20240802_15_00_00/vexv5/libv5rt.a(vex_imu.cpp.obj)
                              build/src/auton.o (vex::inertial::setRotation(double, vex::rotationUnits))
/Users/lucaschen/Library/Application Support/Code/User/globalStorage/vexrobotics.vexcode/sdk/cpp/V5/V5_20240802_15_00_00/vexv5/libv5rt.a(vex_rotation.cpp.obj)
                              build/src/main.o (vex::rotation::~rotation())
/Users/lucaschen/Library/Application Support/Code/User/globalStorage/vexrobotics.vexcode/sdk/cpp/V5/V5_20240802_15_00_00/vexv5/libv5rt.a(vex_optical.cpp.obj)
                              build/src/main.o (vex::optical::~optical())
/Users/lucaschen/Library/Application Support/Code/User/globalStorage/vexrobotics.vexcode/sdk/cpp/V5/V5_20240802_15_00_00/vexv5/libv5rt.a(vex_distance.cpp.obj)
                              build/src/main.o (vex::distance::~distance())
/Users/lucaschen/Library/Application Support/Code/User/globalStorage/vexrobotics.vexcode/sdk/cpp/V5/V5_20240802_15_00_00/vexv5/libv5rt.a(vex_controller.cpp.obj)
                              build/src/main.o (vex::controller::~controller())
/Users/lucaschen/Library/Application Support/Code/User/globalStorage/vexrobotics.vexcode/sdk/cpp/V5/V5_20240802_15_00_00/vexv5/libv5rt.a(vex_task.cpp.obj)
                              build/src/main.o (vex::task::task(int (*)()))
/Users/lucaschen/Library/Application Support/Code/User/globalStorage/vexrobotics.vexcode/sdk/cpp/V5/V5_20240802_15_00_00/vexv5/libv5rt.a(vex_thread.cpp.obj)
                              build/src/auton.o (vex::this_thread::sleep_for(unsigned long))
/Users/lucaschen/Library/Application Support/Code/User/globalStorage/vexrobotics.vexcode/sdk/cpp/V5/V5_20240802_15_00_00/vexv5/libv5rt.a(vex_event.cpp.obj)
                              /Users/lucaschen/Library/Application Support/Code/User/globalStorage/vexrobotics.vexcode/sdk/cpp/V5/V5_20240802_15_00_00/vexv5/libv5rt.a(vex_imu.cpp.obj) (vex::event::init(unsigned long, unsigned long, void (*)()))
/Users/lucaschen/Library/Application Support/Code/User/globalStorage/vexrobotics.vexcode/sdk/cpp/V5/V5_20240802_15_00_00/vexv5/libv5rt.a(vex_mevent.cpp.obj)
                              /Users/lucaschen/Library/Application Support/Code/User/globalStorage/vexrobotics.vexcode/sdk/cpp/V5/V5_20240802_15_00_00/vexv5/libv5rt.a(vex_controller.cpp.obj) (vex::mevent::mevent(unsigned long, unsigned long))
/Users/lucaschen/Library/Application Support/Code/User/globalStorage/vexrobotics.vexcode/sdk/cpp/V5/V5_20240802_15_00_00/vexv5/libv5rt.a(vex_brain.cpp.obj)
                              build/src/auton.o (vex::brain::timer(vex::timeUnits))
/Users/lucaschen/Library/Application Support/Code/User/globalStorage/vexrobotics.vexcode/sdk/cpp/V5/V5_20240802_15_00_00/vexv5/libv5rt.a(vex_competition.cpp.obj)
                              build/src/main.o (vex::competition::competition())
/Users/lucaschen/Library/Application Support/Code/User/globalStorage/vexrobotics.vexcode/sdk/cpp/V5/V5_20240802_15_00_00/vexv5/libv5rt.a(vex_triport.cpp.obj)
[...]
Memory Configuration

Name             Origin             Length             Attributes
ps7_ddr_0_S_AXI_BASEADDR 0x0000000003800000 0x0000000004800000
*default*        0x0000000000000000 0xffffffffffffffff

Linker script and memory map

                0x0000000000002000                _STACK_SIZE = DEFINED (_STACK_SIZE)?_STACK_SIZE:0x2000
                0x0000000000100000                _HEAP_SIZE = DEFINED (_HEAP_SIZE)?_HEAP_SIZE:0x100000
                0x0000000000000400                _ABORT_STACK_SIZE = DEFINED (_ABORT_STACK_SIZE)?_ABORT_STACK_SIZE:0x400
                0x0000000000000800                _SUPERVISOR_STACK_SIZE = DEFINED (_SUPERVISOR_STACK_SIZE)?_SUPERVISOR_STACK_SIZE:0x800
                0x0000000000000400                _IRQ_STACK_SIZE = DEFINED (_IRQ_STACK_SIZE)?_IRQ_STACK_SIZE:0x400
                0x0000000000000400                _FIQ_STACK_SIZE = DEFINED (_FIQ_STACK_SIZE)?_FIQ_STACK_SIZE:0x400
                0x0000000000000400                _UNDEF_STACK_SIZE = DEFINED (_UNDEF_STACK_SIZE)?_UNDEF_STACK_SIZE:0x400

.text           0x0000000003800000     0xe080
 *(.vectors)
 *(.boot_data)
 .boot_data     0x0000000003800000       0x20 /Users/lucaschen/Library/Application Support/Code/User/globalStorage/vexrobotics.vexcode/sdk/cpp/V5/V5_20240802_15_00_00/vexv5/libv5rt.a(v5_startup.c.obj)
                0x0000000003800000                vexCodeSig
                0x0000000000000020                . = 0x20
 *(.boot)
 .boot          0x0000000003800020       0xbc /Users/lucaschen/Library/Application Support/Code/User/globalStorage/vexrobotics.vexcode/sdk/cpp/V5/V5_20240802_15_00_00/vexv5/libv5rt.a(v5_startup.c.obj)
                0x0000000003800020                vexStartup
                0x0000000003800100                . = ALIGN (0x40)
 *fill*         0x00000000038000dc       0x24 
 *(.freertos_vectors)
 *(.text)
 *(.text.*)
 .text._ZN5robot9resetDataEv
                0x0000000003800100       0xe8 build/src/auton.o
                0x0000000003800100                robot::resetData()
 .text._Z13auto_settingsv
                0x00000000038001e8       0xac build/src/auton.o
                0x00000000038001e8                auto_settings()
 *fill*         0x0000000003800294        0x4 
 .text._Z8readWalliib
                0x0000000003800298      0x140 build/src/auton.o
                0x0000000003800298                readWall(int, int, bool)
 .text._ZN5robot6setPosEfff
                0x00000000038003d8      0x128 build/src/auton.o
                0x00000000038003d8                robot::setPos(float, float, float)
 .text._Z13bangbangDriveffbf
                0x0000000003800500      0x198 build/src/auton.o
                0x0000000003800500                bangbangDrive(float, float, bool, float)
 .text._Z22calculateTargetHeadingffbff
                0x0000000003800698      0x130 build/src/auton.o
                0x0000000003800698                calculateTargetHeading(float, float, bool, float, float)
 .text._Z12driveForwardffffff
                0x00000000038007c8      0x18c build/src/auton.o
                0x00000000038007c8                driveForward(float, float, float, float, float, float)
 *fill*         0x0000000003800954        0x4 
 .text._ZN8movement9straighthEffffffffff
                0x0000000003800958      0x158 build/src/auton.o
                0x0000000003800958                movement::straighth(float, float, float, float, float, float, float, float, float, float)
 .text._Z13driveBackwardffffff
                0x0000000003800ab0      0x198 build/src/auton.o
                0x0000000003800ab0                driveBackward(float, float, float, float, float, float)
 .text._ZN8movement4faceEffffff
                0x0000000003800c48       0xc4 build/src/auton.o
                0x0000000003800c48                movement::face(float, float, float, float, float, float)
 *fill*         0x0000000003800d0c        0x4 
 .text._ZN8movement9facePointEfffffffb
                0x0000000003800d10      0x198 build/src/auton.o
                0x0000000003800d10                movement::facePoint(float, float, float, float, float, float, float, bool)
 .text._ZN8movement11swingOnLeftEffffff
                0x0000000003800ea8       0xdc build/src/auton.o
                0x0000000003800ea8                movement::swingOnLeft(float, float, float, float, float, float)
 .text._Z10straightToffbffff
                0x0000000003800f84      0x29c build/src/auton.o
                0x0000000003800f84                straightTo(float, float, bool, float, float, float, float)
 .text._Z14straightlineToffbffffff
                0x0000000003801220       0x9c build/src/auton.o
                0x0000000003801220                straightlineTo(float, float, bool, float, float, float, float, float, float)
 .text._Z6moveToffbff8TurnTypefffff
                0x00000000038012bc      0x104 build/src/auton.o
                0x00000000038012bc                moveTo(float, float, bool, float, float, TurnType, float, float, float, float, float)
 .text._ZN8movement3btoEfffffffff
                0x00000000038013c0       0xe4 build/src/auton.o
                0x00000000038013c0                movement::bto(float, float, float, float, float, float, float, float, float)
 .text._ZN8movement2toEffffffffff
                0x00000000038014a4       0xec build/src/auton.o
                0x00000000038014a4                movement::to(float, float, float, float, float, float, float, float, float, float)
 .text._Z4goToffbfffffff
                0x0000000003801590       0xc8 build/src/auton.o
                0x0000000003801590                goTo(float, float, bool, float, float, float, float, float, float, float)
 .text._ZN8movement9boomerangEfffbfffffffffffff
                0x0000000003801658      0x1ec build/src/auton.o
                0x0000000003801658                movement::boomerang(float, float, float, bool, float, float, float, float, float, float, float, float, float, float, float, float, float)
 .text._Z25delayedMatchloaderDropFcnv
                0x0000000003801844      0x124 build/src/auton.o
                0x0000000003801844                delayedMatchloaderDropFcn()
 .text._Z9SmallTestv
                0x0000000003801968      0x110 build/src/auton.o
                0x0000000003801968                SmallTest()
 .text._Z13HookProcedurev
                0x0000000003801a78      0x20c build/src/auton.o
                0x0000000003801a78                HookProcedure()
 .text._Z19setnextmovementtrueN3vex8axisTypeEddd
                0x0000000003801c84       0x14 build/src/auton.o
                0x0000000003801c84                setnextmovementtrue(vex::axisType, double, double, double)
 .text._Z5arpitv
                0x0000000003801c98      0x764 build/src/auton.o
                0x0000000003801c98                arpit()
 *fill*         0x00000000038023fc        0x4 
 .text._Z4tenBb
                0x0000000003802400      0x8f4 build/src/auton.o
                0x0000000003802400                tenB(bool)
 .text._Z13hookInsuranceb
                0x0000000003802cf4      0x530 build/src/auton.o
                0x0000000003802cf4                hookInsurance(bool)
 .text._Z4SOLOv
                0x0000000003803224      0xc7c build/src/auton.o
                0x0000000003803224                SOLO()
 .text._Z10rightSplitv
                0x0000000003803ea0      0x65c build/src/auton.o
                0x0000000003803ea0                rightSplit()
 .text._Z7sixRushv
                0x00000000038044fc       0x4c build/src/auton.o
                0x00000000038044fc                sixRush()
 .text._Z12sixRushSplitv
                0x0000000003804548      0x17c build/src/auton.o
                0x0000000003804548                sixRushSplit()
 .text._Z9leaveGoalv
                0x00000000038046c4       0x58 build/src/auton.o
                0x00000000038046c4                leaveGoal()
 .text._ZN8movement18turnWaitConditionsEffff
                0x000000000380471c      0x15c build/src/auton.o
                0x000000000380471c                movement::turnWaitConditions(float, float, float, float)
 .text._ZN8movement5lWaitEf
                0x0000000003804878       0x9c build/src/auton.o
                0x0000000003804878                movement::lWait(float)
 .text._ZN3vex11motor_groupC2IJNS_5motorES2_EEERS2_DpRT_
                0x0000000003804914       0x44 build/src/main.o
                0x0000000003804914                vex::motor_group::motor_group<vex::motor, vex::motor>(vex::motor&, vex::motor&, vex::motor&)
 .text._Z29controllerButtonMonitoringFcnv
                0x0000000003804958      0x22c build/src/main.o
                0x0000000003804958                controllerButtonMonitoringFcn()
 .text._Z12midDescoreUpv
                0x0000000003804b84       0x2c build/src/main.o
                0x0000000003804b84                midDescoreUp()
 .text._Z14midDescoreDownv
                0x0000000003804bb0       0x2c build/src/main.o
                0x0000000003804bb0                midDescoreDown()
 .text._Z6hookUpv
                0x0000000003804bdc       0x10 build/src/main.o
                0x0000000003804bdc                hookUp()
 .text._Z8hookDownv
                0x0000000003804bec       0x10 build/src/main.o
                0x0000000003804bec                hookDown()
 .text._Z13matchloaderUpv
                0x0000000003804bfc       0x10 build/src/main.o
                0x0000000003804bfc                matchloaderUp()
 .text._Z15matchloaderDownv
                0x0000000003804c0c       0x10 build/src/main.o
                0x0000000003804c0c                matchloaderDown()
 .text._Z15coastAllRollersv
                0x0000000003804c1c       0x48 build/src/main.o
                0x0000000003804c1c                coastAllRollers()
 *fill*         0x0000000003804c64        0x4 
 .text._Z9intakeFcnv
                0x0000000003804c68       0x78 build/src/main.o
                0x0000000003804c68                intakeFcn()
 .text._Z7spitFcnv
                0x0000000003804ce0       0x78 build/src/main.o
                0x0000000003804ce0                spitFcn()
 .text._Z10lowGoalFcnv
                0x0000000003804d58       0x78 build/src/main.o
                0x0000000003804d58                lowGoalFcn()
 .text._Z10midGoalFcni
                0x0000000003804dd0       0xb8 build/src/main.o
                0x0000000003804dd0                midGoalFcn(int)
 .text._Z13magControlFcnv
                0x0000000003804e88      0x90c build/src/main.o
                0x0000000003804e88                magControlFcn()
 .text._Z13magMonitorFcnv
                0x0000000003805794      0x1e4 build/src/main.o
                0x0000000003805794                magMonitorFcn()
 .text._Z20delayedIntakeLiftFcnv
                0x0000000003805978       0x68 build/src/main.o
                0x0000000003805978                delayedIntakeLiftFcn()
 .text._Z20controllerScreenTaskv
                0x00000000038059e0      0x260 build/src/main.o
                0x00000000038059e0                controllerScreenTask()
 .text._Z18brainScreenTaskFcnv
                0x0000000003805c40      0x138 build/src/main.o
                0x0000000003805c40                brainScreenTaskFcn()
 .text._Z11vexcodeInitv
                0x0000000003805d78      0x138 build/src/main.o
                0x0000000003805d78                vexcodeInit()
 .text._Z9pre_autonv
                0x0000000003805eb0       0x74 build/src/main.o
                0x0000000003805eb0                pre_auton()
 .text._Z10autonomousv
                0x0000000003805f24       0xe4 build/src/main.o
                0x0000000003805f24                autonomous()
 .text._Z14arcadeDriveFcnv
                0x0000000003806008      0x248 build/src/main.o
                0x0000000003806008                arcadeDriveFcn()
 .text._Z17curvatureDriveFcnv
                0x0000000003806250      0x290 build/src/main.o
                0x0000000003806250                curvatureDriveFcn()
 .text._Z11usercontrolv
                0x00000000038064e0      0x510 build/src/main.o
                0x00000000038064e0                usercontrol()
 .text.main     0x00000000038069f0       0x68 build/src/main.o
                0x00000000038069f0                main
 .text._GLOBAL__sub_I_main.cpp
                0x0000000003806a58      0x898 build/src/main.o
 .text._Z11autonMotorsv
                0x00000000038072f0       0x30 build/src/threads.o
                0x00000000038072f0                autonMotors()
 .text._ZN8movement12movementloopEv
                0x0000000003807320      0x3d8 build/src/threads.o
                0x0000000003807320                movement::movementloop()
 .text._Z11collectDatav
                0x00000000038076f8       0x34 build/src/threads.o
                0x00000000038076f8                collectData()
 .text._ZN5robot11collectdataEv
                0x000000000380772c       0xc8 build/src/threads.o
                0x000000000380772c                robot::collectdata()
 *fill*         0x00000000038077f4        0x4 
 .text._ZN5robot10updateOdomEv
                0x00000000038077f8      0x140 build/src/threads.o
                0x00000000038077f8                robot::updateOdom()
 .text._Z8dataSendv
                0x0000000003807938       0x74 build/src/threads.o
                0x0000000003807938                dataSend()
 *fill*         0x00000000038079ac        0x4 
 .text._ZN8movement12spotTurnCalcEv
                0x00000000038079b0       0xb0 build/src/threads.o
                0x00000000038079b0                movement::spotTurnCalc()
 .text._ZN8movement19spotTurnCalctoPointEv
                0x0000000003807a60      0x178 build/src/threads.o
                0x0000000003807a60                movement::spotTurnCalctoPoint()
 .text._ZN8movement15swingOnLeftCalcEv
                0x0000000003807bd8       0xc8 build/src/threads.o
                0x0000000003807bd8                movement::swingOnLeftCalc()
 .text._ZN8movement22swingOnLefttoPointCalcEv
                0x0000000003807ca0      0x1a8 build/src/threads.o
                0x0000000003807ca0                movement::swingOnLefttoPointCalc()
 .text._ZN8movement16swingOnRightCalcEv
                0x0000000003807e48       0xc8 build/src/threads.o
                0x0000000003807e48                movement::swingOnRightCalc()
 .text._ZN8movement23swingOnRighttoPointCalcEv
                0x0000000003807f10      0x1a8 build/src/threads.o
                0x0000000003807f10                movement::swingOnRighttoPointCalc()
 .text._ZN8movement19straightheadingcalcEv
                0x00000000038080b8      0x118 build/src/threads.o
                0x00000000038080b8                movement::straightheadingcalc()
 .text._ZN8movement7PPSCalcEv
                0x00000000038081d0      0x2d8 build/src/threads.o
                0x00000000038081d0                movement::PPSCalc()
 .text._ZN8movement13simplePPSCalcEv
                0x00000000038084a8      0x2f8 build/src/threads.o
                0x00000000038084a8                movement::simplePPSCalc()
 .text._ZN8movement21simplePPSCalcBackwardEv
                0x00000000038087a0      0x30c build/src/threads.o
                0x00000000038087a0                movement::simplePPSCalcBackward()
 *fill*         0x0000000003808aac        0x4 
 .text._ZN8movement15PPSCalcBackwardEv
                0x0000000003808ab0      0x294 build/src/threads.o
                0x0000000003808ab0                movement::PPSCalcBackward()
 *fill*         0x0000000003808d44        0x4 
 .text._ZN8movement13PPSBezierCalcEv
                0x0000000003808d48      0x258 build/src/threads.o
                0x0000000003808d48                movement::PPSBezierCalc()
 .text._ZN8movement19simplePPSBezierCalcEv
                0x0000000003808fa0      0x240 build/src/threads.o
                0x0000000003808fa0                movement::simplePPSBezierCalc()
 .text._ZN8movement22backwardsPPSBezierCalcEv
                0x00000000038091e0      0x258 build/src/threads.o
                0x00000000038091e0                movement::backwardsPPSBezierCalc()
 .text._ZN8movement27simplePPSBezierCalcBackwardEv
                0x0000000003809438      0x240 build/src/threads.o
                0x0000000003809438                movement::simplePPSBezierCalcBackward()
 .text._ZN8movement16straightlinecalcEv
                0x0000000003809678       0x80 build/src/threads.o
                0x0000000003809678                movement::straightlinecalc()
 .text._ZN8movement26straightheadingcalcToPointEv
                0x00000000038096f8      0x1e8 build/src/threads.o
                0x00000000038096f8                movement::straightheadingcalcToPoint()
 .text._ZN8movement13boomerangCalcEv
                0x00000000038098e0      0x674 build/src/threads.o
                0x00000000038098e0                movement::boomerangCalc()
 *fill*         0x0000000003809f54        0x4 
 .text._ZN8movement7arcCalcEv
                0x0000000003809f58      0x2c0 build/src/threads.o
                0x0000000003809f58                movement::arcCalc()
 .text._ZN3PID9calculateEf
                0x000000000380a218      0x1b8 build/src/threads.o
                0x000000000380a218                PID::calculate(float)
 .text._ZN5robot13relativeangleEv
                0x000000000380a3d0       0xc4 build/src/threads.o
                0x000000000380a3d0                robot::relativeangle()
 *fill*         0x000000000380a494        0x4 
 .text._ZN8movement13BLRSCurvatureEf
                0x000000000380a498      0x1f8 build/src/threads.o
                0x000000000380a498                movement::BLRSCurvature(float)
 .text._ZN5robot10cartesianXEv
                0x000000000380a690       0xa0 build/src/threads.o
                0x000000000380a690                robot::cartesianX()
 .text._ZN5robot10cartesianYEv
                0x000000000380a730       0xa0 build/src/threads.o
                0x000000000380a730                robot::cartesianY()
 .text._ZN5robot11bcartesianXEv
                0x000000000380a7d0       0xa0 build/src/threads.o
                0x000000000380a7d0                robot::bcartesianX()
 .text._ZN5robot11bcartesianYEv
                0x000000000380a870       0xa0 build/src/threads.o
                0x000000000380a870                robot::bcartesianY()
 .text._ZN8movement22BLRSCurvatureBackwardsEf
                0x000000000380a910      0x1b8 build/src/threads.o
                0x000000000380a910                movement::BLRSCurvatureBackwards(float)
 .text._ZN5robot9filterIMUEv
                0x000000000380aac8      0x130 build/src/threads.o
                0x000000000380aac8                robot::filterIMU()
 .text._GLOBAL__sub_I_threads.cpp
                0x000000000380abf8       0x34 build/src/threads.o
 *fill*         0x000000000380ac2c        0x4 
 .text._Z6TO_RADd
                0x000000000380ac30       0x20 build/src/util.o
                0x000000000380ac30                TO_RAD(double)
 .text._Z6TO_DEGd
                0x000000000380ac50       0x20 build/src/util.o
                0x000000000380ac50                TO_DEG(double)
 .text._Z6signumf
                0x000000000380ac70       0x1c build/src/util.o
                0x000000000380ac70                signum(float)
 .text._Z5delayi
                0x000000000380ac8c       0x1c build/src/util.o
                0x000000000380ac8c                delay(int)
 .text._Z12voltagedriveff
                0x000000000380aca8       0x70 build/src/util.o
                0x000000000380aca8                voltagedrive(float, float)
 .text._Z9stopdrivei
                0x000000000380ad18       0x68 build/src/util.o
                0x000000000380ad18                stopdrive(int)
 .text._Z13drivestoppingi
                0x000000000380ad80       0x68 build/src/util.o
                0x000000000380ad80                drivestopping(int)
 .text.vexMain  0x000000000380ade8       0xb0 /Users/lucaschen/Library/Application Support/Code/User/globalStorage/vexrobotics.vexcode/sdk/cpp/V5/V5_20240802_15_00_00/vexv5/libv5rt.a(v5_startup.c.obj)
                0x000000000380ade8                vexMain
 .text.__vex_function_prolog
                0x000000000380ae98       0x18 /Users/lucaschen/Library/Application Support/Code/User/globalStorage/vexrobotics.vexcode/sdk/cpp/V5/V5_20240802_15_00_00/vexv5/libv5rt.a(v5_startup.c.obj)
                0x000000000380ae98                __vex_function_prolog
 .text._init    0x000000000380aeb0        0x4 /Users/lucaschen/Library/Application Support/Code/User/globalStorage/vexrobotics.vexcode/sdk/cpp/V5/V5_20240802_15_00_00/vexv5/libv5rt.a(v5_startup.c.obj)
                0x000000000380aeb0                _init
 .text._fini    0x000000000380aeb4        0x4 /Users/lucaschen/Library/Application Support/Code/User/globalStorage/vexrobotics.vexcode/sdk/cpp/V5/V5_20240802_15_00_00/vexv5/libv5rt.a(v5_startup.c.obj)
                0x000000000380aeb4                _fini
 .text.vexStdlibVersionLinked
                0x000000000380aeb8        0xc /Users/lucaschen/Library/Application Support/Code/User/globalStorage/vexrobotics.vexcode/sdk/cpp/V5/V5_20240802_15_00_00/vexv5/libv5rt.a(v5_util.c.obj)
                0x000000000380aeb8                vexStdlibVersionLinked
 .text.vexStdlibVersionVerify
                0x000000000380aec4       0x30 /Users/lucaschen/Library/Application Support/Code/User/globalStorage/vexrobotics.vexcode/sdk/cpp/V5/V5_20240802_15_00_00/vexv5/libv5rt.a(v5_util.c.obj)
                0x000000000380aec4                vexStdlibVersionVerify
 .text.vexPrivateApiEnable
                0x000000000380aef4       0x10 /Users/lucaschen/Library/Application Support/Code/User/globalStorage/vexrobotics.vexcode/sdk/cpp/V5/V5_20240802_15_00_00/vexv5/libv5rt.a(v5_apijump.c.obj)
                0x000000000380aef4                vexPrivateApiEnable
 .text.vexStdlibMismatchError
                0x000000000380af04       0x3c /Users/lucaschen/Library/Application Support/Code/User/globalStorage/vexrobotics.vexcode/sdk/cpp/V5/V5_20240802_15_00_00/vexv5/libv5rt.a(v5_apijump.c.obj)
                0x000000000380af04                vexStdlibMismatchError
 .text.vexTaskAdd
                0x000000000380af40       0x10 /Users/lucaschen/Library/Application Support/Code/User/globalStorage/vexrobotics.vexcode/sdk/cpp/V5/V5_20240802_15_00_00/vexv5/libv5rt.a(v5_apijump.c.obj)
                0x000000000380af40                vexTaskAdd
 .text.vexTasksRun
                0x000000000380af50       0x10 /Users/lucaschen/Library/Application Support/Code/User/globalStorage/vexrobotics.vexcode/sdk/cpp/V5/V5_20240802_15_00_00/vexv5/libv5rt.a(v5_apijump.c.obj)
                0x000000000380af50                vexTasksRun
 .text.vexTaskYield
                0x000000000380af60       0x10 /Users/lucaschen/Library/Application Support/Code/User/globalStorage/vexrobotics.vexcode/sdk/cpp/V5/V5_20240802_15_00_00/vexv5/libv5rt.a(v5_apijump.c.obj)
                0x000000000380af60                vexTaskYield
 .text.vexTaskCheckTimeslice
                0x000000000380af70       0x10 /Users/lucaschen/Library/Application Support/Code/User/globalStorage/vexrobotics.vexcode/sdk/cpp/V5/V5_20240802_15_00_00/vexv5/libv5rt.a(v5_apijump.c.obj)
                0x000000000380af70                vexTaskCheckTimeslice
 .text.vexTaskSleep
                0x000000000380af80       0x10 /Users/lucaschen/Library/Application Support/Code/User/globalStorage/vexrobotics.vexcode/sdk/cpp/V5/V5_20240802_15_00_00/vexv5/libv5rt.a(v5_apijump.c.obj)
                0x000000000380af80                vexTaskSleep
 .text.vexTasksDump
                0x000000000380af90       0x1c /Users/lucaschen/Library/Application Support/Code/User/globalStorage/vexrobotics.vexcode/sdk/cpp/V5/V5_20240802_15_00_00/vexv5/libv5rt.a(v5_apijump.c.obj)
                0x000000000380af90                vexTasksDump
 .text.vexTaskGetTaskIndex
                0x000000000380afac       0x10 /Users/lucaschen/Library/Application Support/Code/User/globalStorage/vexrobotics.vexcode/sdk/cpp/V5/V5_20240802_15_00_00/vexv5/libv5rt.a(v5_apijump.c.obj)
                0x000000000380afac                vexTaskGetTaskIndex
 .text.vexTaskStopAll
                0x000000000380afbc       0x10 /Users/lucaschen/Library/Application Support/Code/User/globalStorage/vexrobotics.vexcode/sdk/cpp/V5/V5_20240802_15_00_00/vexv5/libv5rt.a(v5_apijump.c.obj)
                0x000000000380afbc                vexTaskStopAll
 .text.vexTaskRemoveAllUser
                0x000000000380afcc       0x34 /Users/lucaschen/Library/Application Support/Code/User/globalStorage/vexrobotics.vexcode/sdk/cpp/V5/V5_20240802_15_00_00/vexv5/libv5rt.a(v5_apijump.c.obj)
                0x000000000380afcc                vexTaskRemoveAllUser
 .text.vexTaskCompletionIdSet
                0x000000000380b000       0x10 /Users/lucaschen/Library/Application Support/Code/User/globalStorage/vexrobotics.vexcode/sdk/cpp/V5/V5_20240802_15_00_00/vexv5/libv5rt.a(v5_apijump.c.obj)
                0x000000000380b000                vexTaskCompletionIdSet
 .text.vexTaskStopWithId
                0x000000000380b010       0x10 /Users/lucaschen/Library/Application Support/Code/User/globalStorage/vexrobotics.vexcode/sdk/cpp/V5/V5_20240802_15_00_00/vexv5/libv5rt.a(v5_apijump.c.obj)
                0x000000000380b010                vexTaskStopWithId
 .text.vexCriticalSection
                0x000000000380b020       0x2c /Users/lucaschen/Library/Application Support/Code/User/globalStorage/vexrobotics.vexcode/sdk/cpp/V5/V5_20240802_15_00_00/vexv5/libv5rt.a(v5_apijump.c.obj)
                0x000000000380b020                vexCriticalSection
 .text.vexEventAdd
                0x000000000380b04c       0x34 /Users/lucaschen/Library/Application Support/Code/User/globalStorage/vexrobotics.vexcode/sdk/cpp/V5/V5_20240802_15_00_00/vexv5/libv5rt.a(v5_apijump.c.obj)
                0x000000000380b04c                vexEventAdd
 .text.vexEventUserIndexGet
                0x000000000380b080       0x1c /Users/lucaschen/Library/Application Support/Code/User/globalStorage/vexrobotics.vexcode/sdk/cpp/V5/V5_20240802_15_00_00/vexv5/libv5rt.a(v5_apijump.c.obj)
                0x000000000380b080                vexEventUserIndexGet
 .text.vexEventAddWithArg
                0x000000000380b09c       0x3c /Users/lucaschen/Library/Application Support/Code/User/globalStorage/vexrobotics.vexcode/sdk/cpp/V5/V5_20240802_15_00_00/vexv5/libv5rt.a(v5_apijump.c.obj)
                0x000000000380b09c                vexEventAddWithArg
 .text.vexEventsCleanup
                0x000000000380b0d8       0x2c /Users/lucaschen/Library/Application Support/Code/User/globalStorage/vexrobotics.vexcode/sdk/cpp/V5/V5_20240802_15_00_00/vexv5/libv5rt.a(v5_apijump.c.obj)
                0x000000000380b0d8                vexEventsCleanup
 .text.vexDebug
                0x000000000380b104       0x38 /Users/lucaschen/Library/Application Support/Code/User/globalStorage/vexrobotics.vexcode/sdk/cpp/V5/V5_20240802_15_00_00/vexv5/libv5rt.a(v5_apijump.c.obj)
                0x000000000380b104                vexDebug
 .text.vex_sprintf
                0x000000000380b13c       0x40 /Users/lucaschen/Library/Application Support/Code/User/globalStorage/vexrobotics.vexcode/sdk/cpp/V5/V5_20240802_15_00_00/vexv5/libv5rt.a(v5_apijump.c.obj)
                0x000000000380b13c                vex_sprintf
 .text.vex_vsnprintf
                0x000000000380b17c       0x3c /Users/lucaschen/Library/Application Support/Code/User/globalStorage/vexrobotics.vexcode/sdk/cpp/V5/V5_20240802_15_00_00/vexv5/libv5rt.a(v5_apijump.c.obj)
                0x000000000380b17c                vex_vsnprintf
 .text.vexSystemTimeGet
                0x000000000380b1b8       0x1c /Users/lucaschen/Library/Application Support/Code/User/globalStorage/vexrobotics.vexcode/sdk/cpp/V5/V5_20240802_15_00_00/vexv5/libv5rt.a(v5_apijump.c.obj)
                0x000000000380b1b8                vexSystemTimeGet
 .text.vexSystemExitRequest
                0x000000000380b1d4       0x1c /Users/lucaschen/Library/Application Support/Code/User/globalStorage/vexrobotics.vexcode/sdk/cpp/V5/V5_20240802_15_00_00/vexv5/libv5rt.a(v5_apijump.c.obj)
                0x000000000380b1d4                vexSystemExitRequest
 .text.vexDeviceGetByIndex
                0x000000000380b1f0       0x24 /Users/lucaschen/Library/Application Support/Code/User/globalStorage/vexrobotics.vexcode/sdk/cpp/V5/V5_20240802_15_00_00/vexv5/libv5rt.a(v5_apijump.c.obj)
                0x000000000380b1f0                vexDeviceGetByIndex
 .text.vexControllerGet
                0x000000000380b214       0x2c /Users/lucaschen/Library/Application Support/Code/User/globalStorage/vexrobotics.vexcode/sdk/cpp/V5/V5_20240802_15_00_00/vexv5/libv5rt.a(v5_apijump.c.obj)
                0x000000000380b214                vexControllerGet
 .text.vexControllerTextSet
                0x000000000380b240       0x74 /Users/lucaschen/Library/Application Support/Code/User/globalStorage/vexrobotics.vexcode/sdk/cpp/V5/V5_20240802_15_00_00/vexv5/libv5rt.a(v5_apijump.c.obj)
                0x000000000380b240                vexControllerTextSet
 .text.vexDeviceAdiPortConfigSet
                0x000000000380b2b4       0x34 /Users/lucaschen/Library/Application Support/Code/User/globalStorage/vexrobotics.vexcode/sdk/cpp/V5/V5_20240802_15_00_00/vexv5/libv5rt.a(v5_apijump.c.obj)
                0x000000000380b2b4                vexDeviceAdiPortConfigSet
 .text.vexDeviceAdiPortConfigGet
                0x000000000380b2e8       0x2c /Users/lucaschen/Library/Application Support/Code/User/globalStorage/vexrobotics.vexcode/sdk/cpp/V5/V5_20240802_15_00_00/vexv5/libv5rt.a(v5_apijump.c.obj)
                0x000000000380b2e8                vexDeviceAdiPortConfigGet
 .text.vexDeviceAdiValueSet
                0x000000000380b314       0x34 /Users/lucaschen/Library/Application Support/Code/User/globalStorage/vexrobotics.vexcode/sdk/cpp/V5/V5_20240802_15_00_00/vexv5/libv5rt.a(v5_apijump.c.obj)
                0x000000000380b314                vexDeviceAdiValueSet
 .text.vexDeviceAdiValueGet
                0x000000000380b348       0x2c /Users/lucaschen/Library/Application Support/Code/User/globalStorage/vexrobotics.vexcode/sdk/cpp/V5/V5_20240802_15_00_00/vexv5/libv5rt.a(v5_apijump.c.obj)
                0x000000000380b348                vexDeviceAdiValueGet
 .text.vexDeviceMotorVelocitySet
                0x000000000380b374       0x2c /Users/lucaschen/Library/Application Support/Code/User/globalStorage/vexrobotics.vexcode/sdk/cpp/V5/V5_20240802_15_00_00/vexv5/libv5rt.a(v5_apijump.c.obj)
                0x000000000380b374                vexDeviceMotorVelocitySet
 .text.vexDeviceMotorVoltageSet
                0x000000000380b3a0       0x2c /Users/lucaschen/Library/Application Support/Code/User/globalStorage/vexrobotics.vexcode/sdk/cpp/V5/V5_20240802_15_00_00/vexv5/libv5rt.a(v5_apijump.c.obj)
                0x000000000380b3a0                vexDeviceMotorVoltageSet
 .text.vexDeviceMotorActualVelocityGet
                0x000000000380b3cc       0x24 /Users/lucaschen/Library/Application Support/Code/User/globalStorage/vexrobotics.vexcode/sdk/cpp/V5/V5_20240802_15_00_00/vexv5/libv5rt.a(v5_apijump.c.obj)
                0x000000000380b3cc                vexDeviceMotorActualVelocityGet
 .text.vexDeviceMotorTemperatureGet
                0x000000000380b3f0       0x24 /Users/lucaschen/Library/Application Support/Code/User/globalStorage/vexrobotics.vexcode/sdk/cpp/V5/V5_20240802_15_00_00/vexv5/libv5rt.a(v5_apijump.c.obj)
                0x000000000380b3f0                vexDeviceMotorTemperatureGet
 .text.vexDeviceMotorReverseFlagSet
                0x000000000380b414       0x2c /Users/lucaschen/Library/Application Support/Code/User/globalStorage/vexrobotics.vexcode/sdk/cpp/V5/V5_20240802_15_00_00/vexv5/libv5rt.a(v5_apijump.c.obj)
                0x000000000380b414                vexDeviceMotorReverseFlagSet
 .text.vexDeviceMotorEncoderUnitsSet
                0x000000000380b440       0x2c /Users/lucaschen/Library/Application Support/Code/User/globalStorage/vexrobotics.vexcode/sdk/cpp/V5/V5_20240802_15_00_00/vexv5/libv5rt.a(v5_apijump.c.obj)
                0x000000000380b440                vexDeviceMotorEncoderUnitsSet
 .text.vexDeviceMotorBrakeModeSet
                0x000000000380b46c       0x2c /Users/lucaschen/Library/Application Support/Code/User/globalStorage/vexrobotics.vexcode/sdk/cpp/V5/V5_20240802_15_00_00/vexv5/libv5rt.a(v5_apijump.c.obj)
                0x000000000380b46c                vexDeviceMotorBrakeModeSet
 .text.vexDeviceMotorPositionSet
                0x000000000380b498       0x34 /Users/lucaschen/Library/Application Support/Code/User/globalStorage/vexrobotics.vexcode/sdk/cpp/V5/V5_20240802_15_00_00/vexv5/libv5rt.a(v5_apijump.c.obj)
                0x000000000380b498                vexDeviceMotorPositionSet
 .text.vexDeviceMotorPositionGet
                0x000000000380b4cc       0x24 /Users/lucaschen/Library/Application Support/Code/User/globalStorage/vexrobotics.vexcode/sdk/cpp/V5/V5_20240802_15_00_00/vexv5/libv5rt.a(v5_apijump.c.obj)
                0x000000000380b4cc                vexDeviceMotorPositionGet
 .text.vexDeviceMotorGearingSet
                0x000000000380b4f0       0x2c /Users/lucaschen/Library/Application Support/Code/User/globalStorage/vexrobotics.vexcode/sdk/cpp/V5/V5_20240802_15_00_00/vexv5/libv5rt.a(v5_apijump.c.obj)
                0x000000000380b4f0                vexDeviceMotorGearingSet
 .text.vexDeviceMotorGearingGet
                0x000000000380b51c       0x24 /Users/lucaschen/Library/Application Support/Code/User/globalStorage/vexrobotics.vexcode/sdk/cpp/V5/V5_20240802_15_00_00/vexv5/libv5rt.a(v5_apijump.c.obj)
                0x000000000380b51c                vexDeviceMotorGearingGet
 .text.vexDeviceImuReset
                0x000000000380b540       0x24 /Users/lucaschen/Library/Application Support/Code/User/globalStorage/vexrobotics.vexcode/sdk/cpp/V5/V5_20240802_15_00_00/vexv5/libv5rt.a(v5_apijump.c.obj)
                0x000000000380b540                vexDeviceImuReset
 .text.vexDeviceImuHeadingGet
                0x000000000380b564       0x24 /Users/lucaschen/Library/Application Support/Code/User/globalStorage/vexrobotics.vexcode/sdk/cpp/V5/V5_20240802_15_00_00/vexv5/libv5rt.a(v5_apijump.c.obj)
                0x000000000380b564                vexDeviceImuHeadingGet
 .text.vexDeviceImuDegreesGet
                0x000000000380b588       0x24 /Users/lucaschen/Library/Application Support/Code/User/globalStorage/vexrobotics.vexcode/sdk/cpp/V5/V5_20240802_15_00_00/vexv5/libv5rt.a(v5_apijump.c.obj)
                0x000000000380b588                vexDeviceImuDegreesGet
 .text.vexDeviceImuStatusGet
                0x000000000380b5ac       0x24 /Users/lucaschen/Library/Application Support/Code/User/globalStorage/vexrobotics.vexcode/sdk/cpp/V5/V5_20240802_15_00_00/vexv5/libv5rt.a(v5_apijump.c.obj)
                0x000000000380b5ac                vexDeviceImuStatusGet
 .text.vexDeviceImuCollisionDataGet
                0x000000000380b5d0       0x2c /Users/lucaschen/Library/Application Support/Code/User/globalStorage/vexrobotics.vexcode/sdk/cpp/V5/V5_20240802_15_00_00/vexv5/libv5rt.a(v5_apijump.c.obj)
                0x000000000380b5d0                vexDeviceImuCollisionDataGet
 .text.vexDeviceAbsEncPositionSet
                0x000000000380b5fc       0x2c /Users/lucaschen/Library/Application Support/Code/User/globalStorage/vexrobotics.vexcode/sdk/cpp/V5/V5_20240802_15_00_00/vexv5/libv5rt.a(v5_apijump.c.obj)
                0x000000000380b5fc                vexDeviceAbsEncPositionSet
 .text.vexDeviceAbsEncPositionGet
                0x000000000380b628       0x24 /Users/lucaschen/Library/Application Support/Code/User/globalStorage/vexrobotics.vexcode/sdk/cpp/V5/V5_20240802_15_00_00/vexv5/libv5rt.a(v5_apijump.c.obj)
                0x000000000380b628                vexDeviceAbsEncPositionGet
 .text.vexDeviceAbsEncAngleGet
                0x000000000380b64c       0x24 /Users/lucaschen/Library/Application Support/Code/User/globalStorage/vexrobotics.vexcode/sdk/cpp/V5/V5_20240802_15_00_00/vexv5/libv5rt.a(v5_apijump.c.obj)
                0x000000000380b64c                vexDeviceAbsEncAngleGet
 .text.vexDeviceAbsEncReverseFlagSet
                0x000000000380b670       0x2c /Users/lucaschen/Library/Application Support/Code/User/globalStorage/vexrobotics.vexcode/sdk/cpp/V5/V5_20240802_15_00_00/vexv5/libv5rt.a(v5_apijump.c.obj)
                0x000000000380b670                vexDeviceAbsEncReverseFlagSet
 .text.vexDeviceOpticalHueGet
                0x000000000380b69c       0x24 /Users/lucaschen/Library/Application Support/Code/User/globalStorage/vexrobotics.vexcode/sdk/cpp/V5/V5_20240802_15_00_00/vexv5/libv5rt.a(v5_apijump.c.obj)
                0x000000000380b69c                vexDeviceOpticalHueGet
 .text.vexDeviceOpticalLedPwmSet
                0x000000000380b6c0       0x2c /Users/lucaschen/Library/Application Support/Code/User/globalStorage/vexrobotics.vexcode/sdk/cpp/V5/V5_20240802_15_00_00/vexv5/libv5rt.a(v5_apijump.c.obj)
                0x000000000380b6c0                vexDeviceOpticalLedPwmSet
 .text.vexDeviceOpticalGestureEnable
                0x000000000380b6ec       0x24 /Users/lucaschen/Library/Application Support/Code/User/globalStorage/vexrobotics.vexcode/sdk/cpp/V5/V5_20240802_15_00_00/vexv5/libv5rt.a(v5_apijump.c.obj)
                0x000000000380b6ec                vexDeviceOpticalGestureEnable
 .text.vexDeviceOpticalGestureDisable
                0x000000000380b710       0x24 /Users/lucaschen/Library/Application Support/Code/User/globalStorage/vexrobotics.vexcode/sdk/cpp/V5/V5_20240802_15_00_00/vexv5/libv5rt.a(v5_apijump.c.obj)
                0x000000000380b710                vexDeviceOpticalGestureDisable
 .text.vexDeviceOpticalProximityThreshold
                0x000000000380b734       0x2c /Users/lucaschen/Library/Application Support/Code/User/globalStorage/vexrobotics.vexcode/sdk/cpp/V5/V5_20240802_15_00_00/vexv5/libv5rt.a(v5_apijump.c.obj)
                0x000000000380b734                vexDeviceOpticalProximityThreshold
 .text.vexDeviceOpticalIntegrationTimeSet
                0x000000000380b760       0x34 /Users/lucaschen/Library/Application Support/Code/User/globalStorage/vexrobotics.vexcode/sdk/cpp/V5/V5_20240802_15_00_00/vexv5/libv5rt.a(v5_apijump.c.obj)
                0x000000000380b760                vexDeviceOpticalIntegrationTimeSet
 .text.vexDeviceDistanceDistanceGet
                0x000000000380b794       0x24 /Users/lucaschen/Library/Application Support/Code/User/globalStorage/vexrobotics.vexcode/sdk/cpp/V5/V5_20240802_15_00_00/vexv5/libv5rt.a(v5_apijump.c.obj)
                0x000000000380b794                vexDeviceDistanceDistanceGet
 .text.vexDisplayForegroundColor
                0x000000000380b7b8       0x24 /Users/lucaschen/Library/Application Support/Code/User/globalStorage/vexrobotics.vexcode/sdk/cpp/V5/V5_20240802_15_00_00/vexv5/libv5rt.a(v5_apijump.c.obj)
                0x000000000380b7b8                vexDisplayForegroundColor
 .text.vexDisplayBackgroundColor
                0x000000000380b7dc       0x24 /Users/lucaschen/Library/Application Support/Code/User/globalStorage/vexrobotics.vexcode/sdk/cpp/V5/V5_20240802_15_00_00/vexv5/libv5rt.a(v5_apijump.c.obj)
                0x000000000380b7dc                vexDisplayBackgroundColor
 .text.vexDisplayVPrintf
                0x000000000380b800       0x50 /Users/lucaschen/Library/Application Support/Code/User/globalStorage/vexrobotics.vexcode/sdk/cpp/V5/V5_20240802_15_00_00/vexv5/libv5rt.a(v5_apijump.c.obj)
                0x000000000380b800                vexDisplayVPrintf
 .text.vexDisplayTextReference
                0x000000000380b850       0x24 /Users/lucaschen/Library/Application Support/Code/User/globalStorage/vexrobotics.vexcode/sdk/cpp/V5/V5_20240802_15_00_00/vexv5/libv5rt.a(v5_apijump.c.obj)
                0x000000000380b850                vexDisplayTextReference
 .text.vexDisplayTextSize
                0x000000000380b874       0x2c /Users/lucaschen/Library/Application Support/Code/User/globalStorage/vexrobotics.vexcode/sdk/cpp/V5/V5_20240802_15_00_00/vexv5/libv5rt.a(v5_apijump.c.obj)
                0x000000000380b874                vexDisplayTextSize
 .text.vexDisplayFontNamedSet
                0x000000000380b8a0       0x24 /Users/lucaschen/Library/Application Support/Code/User/globalStorage/vexrobotics.vexcode/sdk/cpp/V5/V5_20240802_15_00_00/vexv5/libv5rt.a(v5_apijump.c.obj)
                0x000000000380b8a0                vexDisplayFontNamedSet
 .text.vexSystemStdlibImpureDataAddr
                0x000000000380b8c4       0x28 /Users/lucaschen/Library/Application Support/Code/User/globalStorage/vexrobotics.vexcode/sdk/cpp/V5/V5_20240802_15_00_00/vexv5/libv5rt.a(v5_apijump.c.obj)
                0x000000000380b8c4                vexSystemStdlibImpureDataAddr
 .text.vexSystemStdlibImpureDataSize
                0x000000000380b8ec       0x28 /Users/lucaschen/Library/Application Support/Code/User/globalStorage/vexrobotics.vexcode/sdk/cpp/V5/V5_20240802_15_00_00/vexv5/libv5rt.a(v5_apijump.c.obj)
                0x000000000380b8ec                vexSystemStdlibImpureDataSize
 .text.vexSystemSaveUserData
                0x000000000380b914       0x3c /Users/lucaschen/Library/Application Support/Code/User/globalStorage/vexrobotics.vexcode/sdk/cpp/V5/V5_20240802_15_00_00/vexv5/libv5rt.a(v5_apijump.c.obj)
                0x000000000380b914                vexSystemSaveUserData
 .text.vexDisplayThemeIdGet
                0x000000000380b950       0x38 /Users/lucaschen/Library/Application Support/Code/User/globalStorage/vexrobotics.vexcode/sdk/cpp/V5/V5_20240802_15_00_00/vexv5/libv5rt.a(v5_apijump.c.obj)
                0x000000000380b950                vexDisplayThemeIdGet
 .text.vexCompetitionStatus
                0x000000000380b988       0x1c /Users/lucaschen/Library/Application Support/Code/User/globalStorage/vexrobotics.vexcode/sdk/cpp/V5/V5_20240802_15_00_00/vexv5/libv5rt.a(v5_apijump.c.obj)
                0x000000000380b988                vexCompetitionStatus
 .text.vexDeviceEventMaskSet
                0x000000000380b9a4       0x48 /Users/lucaschen/Library/Application Support/Code/User/globalStorage/vexrobotics.vexcode/sdk/cpp/V5/V5_20240802_15_00_00/vexv5/libv5rt.a(v5_apijump.c.obj)
                0x000000000380b9a4                vexDeviceEventMaskSet
 .text.vexDeviceEventMaskGet
                0x000000000380b9ec       0x3c /Users/lucaschen/Library/Application Support/Code/User/globalStorage/vexrobotics.vexcode/sdk/cpp/V5/V5_20240802_15_00_00/vexv5/libv5rt.a(v5_apijump.c.obj)
                0x000000000380b9ec                vexDeviceEventMaskGet
 .text.vexDeviceEventDataGet
                0x000000000380ba28       0x3c /Users/lucaschen/Library/Application Support/Code/User/globalStorage/vexrobotics.vexcode/sdk/cpp/V5/V5_20240802_15_00_00/vexv5/libv5rt.a(v5_apijump.c.obj)
                0x000000000380ba28                vexDeviceEventDataGet
 .text.vexSystemVersion
                0x000000000380ba64       0x10 /Users/lucaschen/Library/Application Support/Code/User/globalStorage/vexrobotics.vexcode/sdk/cpp/V5/V5_20240802_15_00_00/vexv5/libv5rt.a(v5_apiversions.c.obj)
                0x000000000380ba64                vexSystemVersion
 .text.vexStdlibVersion
                0x000000000380ba74       0x10 /Users/lucaschen/Library/Application Support/Code/User/globalStorage/vexrobotics.vexcode/sdk/cpp/V5/V5_20240802_15_00_00/vexv5/libv5rt.a(v5_apiversions.c.obj)
                0x000000000380ba74                vexStdlibVersion
 *fill*         0x000000000380ba84        0x4 
 .text._ZN3vex4waitEdNS_9timeUnitsE
                0x000000000380ba88       0x30 /Users/lucaschen/Library/Application Support/Code/User/globalStorage/vexrobotics.vexcode/sdk/cpp/V5/V5_20240802_15_00_00/vexv5/libv5rt.a(vex_global.cpp.obj)
                0x000000000380ba88                vex::wait(double, vex::timeUnits)
 .text._ZN3vex5motorD2Ev
                0x000000000380bab8       0x20 /Users/lucaschen/Library/Application Support/Code/User/globalStorage/vexrobotics.vexcode/sdk/cpp/V5/V5_20240802_15_00_00/vexv5/libv5rt.a(vex_motor.cpp.obj)
                0x000000000380bab8                vex::motor::~motor()
                0x000000000380bab8                vex::motor::~motor()
 .text._ZN3vex5motorD0Ev
                0x000000000380bad8       0x1c /Users/lucaschen/Library/Application Support/Code/User/globalStorage/vexrobotics.vexcode/sdk/cpp/V5/V5_20240802_15_00_00/vexv5/libv5rt.a(vex_motor.cpp.obj)
                0x000000000380bad8                vex::motor::~motor()
 .text._ZN3vex5motor9installedEv
                0x000000000380baf4       0x18 /Users/lucaschen/Library/Application Support/Code/User/globalStorage/vexrobotics.vexcode/sdk/cpp/V5/V5_20240802_15_00_00/vexv5/libv5rt.a(vex_motor.cpp.obj)
                0x000000000380baf4                vex::motor::installed()
 .text._ZN3vex5motor15defaultStoppingENS_9brakeTypeE
                0x000000000380bb0c       0x30 /Users/lucaschen/Library/Application Support/Code/User/globalStorage/vexrobotics.vexcode/sdk/cpp/V5/V5_20240802_15_00_00/vexv5/libv5rt.a(vex_motor.cpp.obj)
                0x000000000380bb0c                vex::motor::defaultStopping(vex::brakeType)
 .text._ZN3vex5motor11setStoppingENS_9brakeTypeE
                0x000000000380bb3c        0x4 /Users/lucaschen/Library/Application Support/Code/User/globalStorage/vexrobotics.vexcode/sdk/cpp/V5/V5_20240802_15_00_00/vexv5/libv5rt.a(vex_motor.cpp.obj)
                0x000000000380bb3c                vex::motor::setStopping(vex::brakeType)
 .text._ZN3vex5motorC2El
                0x000000000380bb40       0x78 /Users/lucaschen/Library/Application Support/Code/User/globalStorage/vexrobotics.vexcode/sdk/cpp/V5/V5_20240802_15_00_00/vexv5/libv5rt.a(vex_motor.cpp.obj)
                0x000000000380bb40                vex::motor::motor(long)
                0x000000000380bb40                vex::motor::motor(long)
 .text._ZN3vex5motorC2ElNS_11gearSettingEb
                0x000000000380bbb8       0x34 /Users/lucaschen/Library/Application Support/Code/User/globalStorage/vexrobotics.vexcode/sdk/cpp/V5/V5_20240802_15_00_00/vexv5/libv5rt.a(vex_motor.cpp.obj)
                0x000000000380bbb8                vex::motor::motor(long, vex::gearSetting, bool)
                0x000000000380bbb8                vex::motor::motor(long, vex::gearSetting, bool)
 *fill*         0x000000000380bbec        0x4 
 .text._ZN3vex5motor4spinENS_13directionTypeEdNS_12voltageUnitsE
                0x000000000380bbf0       0x50 /Users/lucaschen/Library/Application Support/Code/User/globalStorage/vexrobotics.vexcode/sdk/cpp/V5/V5_20240802_15_00_00/vexv5/libv5rt.a(vex_motor.cpp.obj)
                0x000000000380bbf0                vex::motor::spin(vex::directionType, double, vex::voltageUnits)
 .text._ZN3vex5motor4stopENS_9brakeTypeE
                0x000000000380bc40       0x30 /Users/lucaschen/Library/Application Support/Code/User/globalStorage/vexrobotics.vexcode/sdk/cpp/V5/V5_20240802_15_00_00/vexv5/libv5rt.a(vex_motor.cpp.obj)
                0x000000000380bc40                vex::motor::stop(vex::brakeType)
 .text._ZN3vex5motor11temperatureENS_16temperatureUnitsE
                0x000000000380bc70       0x40 /Users/lucaschen/Library/Application Support/Code/User/globalStorage/vexrobotics.vexcode/sdk/cpp/V5/V5_20240802_15_00_00/vexv5/libv5rt.a(vex_motor.cpp.obj)
                0x000000000380bc70                vex::motor::temperature(vex::temperatureUnits)
 .text._ZN3vex5motor16velocityToScaledEdNS_13velocityUnitsE
                0x000000000380bcb0       0x5c /Users/lucaschen/Library/Application Support/Code/User/globalStorage/vexrobotics.vexcode/sdk/cpp/V5/V5_20240802_15_00_00/vexv5/libv5rt.a(vex_motor.cpp.obj)
                0x000000000380bcb0                vex::motor::velocityToScaled(double, vex::velocityUnits)
 .text._ZN3vex5motor8velocityENS_13velocityUnitsE
                0x000000000380bd0c       0x30 /Users/lucaschen/Library/Application Support/Code/User/globalStorage/vexrobotics.vexcode/sdk/cpp/V5/V5_20240802_15_00_00/vexv5/libv5rt.a(vex_motor.cpp.obj)
                0x000000000380bd0c                vex::motor::velocity(vex::velocityUnits)
 .text._ZN3vex5motor5valueEv
                0x000000000380bd3c       0x1c /Users/lucaschen/Library/Application Support/Code/User/globalStorage/vexrobotics.vexcode/sdk/cpp/V5/V5_20240802_15_00_00/vexv5/libv5rt.a(vex_motor.cpp.obj)
                0x000000000380bd3c                vex::motor::value()
 .text._ZN3vex5motor16scaledToVelocityEdNS_13velocityUnitsE
                0x000000000380bd58       0xa4 /Users/lucaschen/Library/Application Support/Code/User/globalStorage/vexrobotics.vexcode/sdk/cpp/V5/V5_20240802_15_00_00/vexv5/libv5rt.a(vex_motor.cpp.obj)
                0x000000000380bd58                vex::motor::scaledToVelocity(double, vex::velocityUnits)
 .text._ZN3vex5motor4spinENS_13directionTypeEdNS_13velocityUnitsE
                0x000000000380bdfc       0x5c /Users/lucaschen/Library/Application Support/Code/User/globalStorage/vexrobotics.vexcode/sdk/cpp/V5/V5_20240802_15_00_00/vexv5/libv5rt.a(vex_motor.cpp.obj)
                0x000000000380bdfc                vex::motor::spin(vex::directionType, double, vex::velocityUnits)
 .text._ZN3vex5motor11setVelocityEdNS_13velocityUnitsE
                0x000000000380be58       0x54 /Users/lucaschen/Library/Application Support/Code/User/globalStorage/vexrobotics.vexcode/sdk/cpp/V5/V5_20240802_15_00_00/vexv5/libv5rt.a(vex_motor.cpp.obj)
                0x000000000380be58                vex::motor::setVelocity(double, vex::velocityUnits)
 .text._ZN3vex5motor16setRotationUnitsENS_13rotationUnitsE
                0x000000000380beac       0x1c /Users/lucaschen/Library/Application Support/Code/User/globalStorage/vexrobotics.vexcode/sdk/cpp/V5/V5_20240802_15_00_00/vexv5/libv5rt.a(vex_motor.cpp.obj)
                0x000000000380beac                vex::motor::setRotationUnits(vex::rotationUnits)
 .text._ZN3vex5motor11setPositionEdNS_13rotationUnitsE
                0x000000000380bec8       0x44 /Users/lucaschen/Library/Application Support/Code/User/globalStorage/vexrobotics.vexcode/sdk/cpp/V5/V5_20240802_15_00_00/vexv5/libv5rt.a(vex_motor.cpp.obj)
                0x000000000380bec8                vex::motor::setPosition(double, vex::rotationUnits)
 .text._ZN3vex5motor8positionENS_13rotationUnitsE
                0x000000000380bf0c       0x44 /Users/lucaschen/Library/Application Support/Code/User/globalStorage/vexrobotics.vexcode/sdk/cpp/V5/V5_20240802_15_00_00/vexv5/libv5rt.a(vex_motor.cpp.obj)
                0x000000000380bf0c                vex::motor::position(vex::rotationUnits)
 .text._ZN3vex8inertial11getTurnTypeEv
                0x000000000380bf50        0x8 /Users/lucaschen/Library/Application Support/Code/User/globalStorage/vexrobotics.vexcode/sdk/cpp/V5/V5_20240802_15_00_00/vexv5/libv5rt.a(vex_imu.cpp.obj)
                0x000000000380bf50                vex::inertial::getTurnType()
 .text._ZThn16_N3vex8inertial11getTurnTypeEv
                0x000000000380bf58        0x8 /Users/lucaschen/Library/Application Support/Code/User/globalStorage/vexrobotics.vexcode/sdk/cpp/V5/V5_20240802_15_00_00/vexv5/libv5rt.a(vex_imu.cpp.obj)
                0x000000000380bf58                non-virtual thunk to vex::inertial::getTurnType()
 .text._ZN3vex8inertial10setHeadingEdNS_13rotationUnitsE
                0x000000000380bf60       0x58 /Users/lucaschen/Library/Application Support/Code/User/globalStorage/vexrobotics.vexcode/sdk/cpp/V5/V5_20240802_15_00_00/vexv5/libv5rt.a(vex_imu.cpp.obj)
                0x000000000380bf60                vex::inertial::setHeading(double, vex::rotationUnits)
 .text._ZThn16_N3vex8inertial10setHeadingEdNS_13rotationUnitsE
                0x000000000380bfb8        0x8 /Users/lucaschen/Library/Application Support/Code/User/globalStorage/vexrobotics.vexcode/sdk/cpp/V5/V5_20240802_15_00_00/vexv5/libv5rt.a(vex_imu.cpp.obj)
                0x000000000380bfb8                non-virtual thunk to vex::inertial::setHeading(double, vex::rotationUnits)
 .text._ZN3vex8inertial11setRotationEdNS_13rotationUnitsE
                0x000000000380bfc0       0x58 /Users/lucaschen/Library/Application Support/Code/User/globalStorage/vexrobotics.vexcode/sdk/cpp/V5/V5_20240802_15_00_00/vexv5/libv5rt.a(vex_imu.cpp.obj)
                0x000000000380bfc0                vex::inertial::setRotation(double, vex::rotationUnits)
 .text._ZThn16_N3vex8inertial11setRotationEdNS_13rotationUnitsE
                0x000000000380c018        0x8 /Users/lucaschen/Library/Application Support/Code/User/globalStorage/vexrobotics.vexcode/sdk/cpp/V5/V5_20240802_15_00_00/vexv5/libv5rt.a(vex_imu.cpp.obj)
                0x000000000380c018                non-virtual thunk to vex::inertial::setRotation(double, vex::rotationUnits)
 .text._ZN3vex8inertialD2Ev
                0x000000000380c020       0x20 /Users/lucaschen/Library/Application Support/Code/User/globalStorage/vexrobotics.vexcode/sdk/cpp/V5/V5_20240802_15_00_00/vexv5/libv5rt.a(vex_imu.cpp.obj)
                0x000000000380c020                vex::inertial::~inertial()
                0x000000000380c020                vex::inertial::~inertial()
 .text._ZThn16_N3vex8inertialD1Ev
                0x000000000380c040        0x8 /Users/lucaschen/Library/Application Support/Code/User/globalStorage/vexrobotics.vexcode/sdk/cpp/V5/V5_20240802_15_00_00/vexv5/libv5rt.a(vex_imu.cpp.obj)
                0x000000000380c040                non-virtual thunk to vex::inertial::~inertial()
 .text._ZN3vex8inertialD0Ev
                0x000000000380c048       0x1c /Users/lucaschen/Library/Application Support/Code/User/globalStorage/vexrobotics.vexcode/sdk/cpp/V5/V5_20240802_15_00_00/vexv5/libv5rt.a(vex_imu.cpp.obj)
                0x000000000380c048                vex::inertial::~inertial()
 .text._ZThn16_N3vex8inertialD0Ev
                0x000000000380c064        0x8 /Users/lucaschen/Library/Application Support/Code/User/globalStorage/vexrobotics.vexcode/sdk/cpp/V5/V5_20240802_15_00_00/vexv5/libv5rt.a(vex_imu.cpp.obj)
                0x000000000380c064                non-virtual thunk to vex::inertial::~inertial()
 .text._ZN3vex8inertial9installedEv
                0x000000000380c06c       0x18 /Users/lucaschen/Library/Application Support/Code/User/globalStorage/vexrobotics.vexcode/sdk/cpp/V5/V5_20240802_15_00_00/vexv5/libv5rt.a(vex_imu.cpp.obj)
                0x000000000380c06c                vex::inertial::installed()
 .text._ZN3vex8inertial5angleENS_13rotationUnitsE
                0x000000000380c084       0x6c /Users/lucaschen/Library/Application Support/Code/User/globalStorage/vexrobotics.vexcode/sdk/cpp/V5/V5_20240802_15_00_00/vexv5/libv5rt.a(vex_imu.cpp.obj)
                0x000000000380c084                vex::inertial::angle(vex::rotationUnits)
 .text._ZThn16_N3vex8inertial5angleENS_13rotationUnitsE
                0x000000000380c0f0        0x8 /Users/lucaschen/Library/Application Support/Code/User/globalStorage/vexrobotics.vexcode/sdk/cpp/V5/V5_20240802_15_00_00/vexv5/libv5rt.a(vex_imu.cpp.obj)
                0x000000000380c0f0                non-virtual thunk to vex::inertial::angle(vex::rotationUnits)
 .text._ZN3vex8inertial7headingENS_13rotationUnitsE
                0x000000000380c0f8        0x4 /Users/lucaschen/Library/Application Support/Code/User/globalStorage/vexrobotics.vexcode/sdk/cpp/V5/V5_20240802_15_00_00/vexv5/libv5rt.a(vex_imu.cpp.obj)
                0x000000000380c0f8                vex::inertial::heading(vex::rotationUnits)
 .text._ZThn16_N3vex8inertial7headingENS_13rotationUnitsE
                0x000000000380c0fc        0x8 /Users/lucaschen/Library/Application Support/Code/User/globalStorage/vexrobotics.vexcode/sdk/cpp/V5/V5_20240802_15_00_00/vexv5/libv5rt.a(vex_imu.cpp.obj)
                0x000000000380c0fc                non-virtual thunk to vex::inertial::heading(vex::rotationUnits)
 .text._ZN3vex8inertial5valueEv
                0x000000000380c104       0x1c /Users/lucaschen/Library/Application Support/Code/User/globalStorage/vexrobotics.vexcode/sdk/cpp/V5/V5_20240802_15_00_00/vexv5/libv5rt.a(vex_imu.cpp.obj)
                0x000000000380c104                vex::inertial::value()
 .text._ZN3vex8inertial8rotationENS_13rotationUnitsE
                0x000000000380c120       0x48 /Users/lucaschen/Library/Application Support/Code/User/globalStorage/vexrobotics.vexcode/sdk/cpp/V5/V5_20240802_15_00_00/vexv5/libv5rt.a(vex_imu.cpp.obj)
                0x000000000380c120                vex::inertial::rotation(vex::rotationUnits)
 .text._ZThn16_N3vex8inertial8rotationENS_13rotationUnitsE
                0x000000000380c168        0x8 /Users/lucaschen/Library/Application Support/Code/User/globalStorage/vexrobotics.vexcode/sdk/cpp/V5/V5_20240802_15_00_00/vexv5/libv5rt.a(vex_imu.cpp.obj)
                0x000000000380c168                non-virtual thunk to vex::inertial::rotation(vex::rotationUnits)
 .text._ZN3vex8inertial13isCalibratingEv
                0x000000000380c170       0x38 /Users/lucaschen/Library/Application Support/Code/User/globalStorage/vexrobotics.vexcode/sdk/cpp/V5/V5_20240802_15_00_00/vexv5/libv5rt.a(vex_imu.cpp.obj)
                0x000000000380c170                vex::inertial::isCalibrating()
 .text._ZThn16_N3vex8inertial13isCalibratingEv
                0x000000000380c1a8        0x8 /Users/lucaschen/Library/Application Support/Code/User/globalStorage/vexrobotics.vexcode/sdk/cpp/V5/V5_20240802_15_00_00/vexv5/libv5rt.a(vex_imu.cpp.obj)
                0x000000000380c1a8                non-virtual thunk to vex::inertial::isCalibrating()
 .text._ZN3vex8inertial22_collisionEventHandlerEPv
                0x000000000380c1b0       0x68 /Users/lucaschen/Library/Application Support/Code/User/globalStorage/vexrobotics.vexcode/sdk/cpp/V5/V5_20240802_15_00_00/vexv5/libv5rt.a(vex_imu.cpp.obj)
                0x000000000380c1b0                vex::inertial::_collisionEventHandler(void*)
 .text._ZN3vex8inertialC2ElNS_8turnTypeE
                0x000000000380c218       0x4c /Users/lucaschen/Library/Application Support/Code/User/globalStorage/vexrobotics.vexcode/sdk/cpp/V5/V5_20240802_15_00_00/vexv5/libv5rt.a(vex_imu.cpp.obj)
                0x000000000380c218                vex::inertial::inertial(long, vex::turnType)
                0x000000000380c218                vex::inertial::inertial(long, vex::turnType)
 .text._ZN3vex8inertial13resetRotationEv
                0x000000000380c264       0x20 /Users/lucaschen/Library/Application Support/Code/User/globalStorage/vexrobotics.vexcode/sdk/cpp/V5/V5_20240802_15_00_00/vexv5/libv5rt.a(vex_imu.cpp.obj)
                0x000000000380c264                vex::inertial::resetRotation()
 .text._ZN3vex8inertial16startCalibrationEl
                0x000000000380c284       0x20 /Users/lucaschen/Library/Application Support/Code/User/globalStorage/vexrobotics.vexcode/sdk/cpp/V5/V5_20240802_15_00_00/vexv5/libv5rt.a(vex_imu.cpp.obj)
                0x000000000380c284                vex::inertial::startCalibration(long)
 .text._ZN3vex8inertial9calibrateEl
                0x000000000380c2a4        0xc /Users/lucaschen/Library/Application Support/Code/User/globalStorage/vexrobotics.vexcode/sdk/cpp/V5/V5_20240802_15_00_00/vexv5/libv5rt.a(vex_imu.cpp.obj)
                0x000000000380c2a4                vex::inertial::calibrate(long)
                0x000000000380c2a8                non-virtual thunk to vex::inertial::calibrate(long)
 .text._ZN3vex8inertial9collisionEPFvNS_8axisTypeEdddE
                0x000000000380c2b0       0x1c /Users/lucaschen/Library/Application Support/Code/User/globalStorage/vexrobotics.vexcode/sdk/cpp/V5/V5_20240802_15_00_00/vexv5/libv5rt.a(vex_imu.cpp.obj)
                0x000000000380c2b0                vex::inertial::collision(void (*)(vex::axisType, double, double, double))
 .text._ZN3vex8rotationD2Ev
                0x000000000380c2cc       0x20 /Users/lucaschen/Library/Application Support/Code/User/globalStorage/vexrobotics.vexcode/sdk/cpp/V5/V5_20240802_15_00_00/vexv5/libv5rt.a(vex_rotation.cpp.obj)
                0x000000000380c2cc                vex::rotation::~rotation()
                0x000000000380c2cc                vex::rotation::~rotation()
 .text._ZN3vex8rotationD0Ev
                0x000000000380c2ec       0x1c /Users/lucaschen/Library/Application Support/Code/User/globalStorage/vexrobotics.vexcode/sdk/cpp/V5/V5_20240802_15_00_00/vexv5/libv5rt.a(vex_rotation.cpp.obj)
                0x000000000380c2ec                vex::rotation::~rotation()
 .text._ZN3vex8rotation9installedEv
                0x000000000380c308       0x18 /Users/lucaschen/Library/Application Support/Code/User/globalStorage/vexrobotics.vexcode/sdk/cpp/V5/V5_20240802_15_00_00/vexv5/libv5rt.a(vex_rotation.cpp.obj)
                0x000000000380c308                vex::rotation::installed()
 .text._ZN3vex8rotation5valueEv
                0x000000000380c320        0x8 /Users/lucaschen/Library/Application Support/Code/User/globalStorage/vexrobotics.vexcode/sdk/cpp/V5/V5_20240802_15_00_00/vexv5/libv5rt.a(vex_rotation.cpp.obj)
                0x000000000380c320                vex::rotation::value()
 .text._ZN3vex8rotationC2Elb
                0x000000000380c328       0x30 /Users/lucaschen/Library/Application Support/Code/User/globalStorage/vexrobotics.vexcode/sdk/cpp/V5/V5_20240802_15_00_00/vexv5/libv5rt.a(vex_rotation.cpp.obj)
                0x000000000380c328                vex::rotation::rotation(long, bool)
                0x000000000380c328                vex::rotation::rotation(long, bool)
 .text._ZN3vex8rotation11setPositionEdNS_13rotationUnitsE
                0x000000000380c358       0x48 /Users/lucaschen/Library/Application Support/Code/User/globalStorage/vexrobotics.vexcode/sdk/cpp/V5/V5_20240802_15_00_00/vexv5/libv5rt.a(vex_rotation.cpp.obj)
                0x000000000380c358                vex::rotation::setPosition(double, vex::rotationUnits)
 .text._ZN3vex8rotation8positionENS_13rotationUnitsE
                0x000000000380c3a0       0x50 /Users/lucaschen/Library/Application Support/Code/User/globalStorage/vexrobotics.vexcode/sdk/cpp/V5/V5_20240802_15_00_00/vexv5/libv5rt.a(vex_rotation.cpp.obj)
                0x000000000380c3a0                vex::rotation::position(vex::rotationUnits)
 .text._ZN3vex7opticalD2Ev
                0x000000000380c3f0       0x20 /Users/lucaschen/Library/Application Support/Code/User/globalStorage/vexrobotics.vexcode/sdk/cpp/V5/V5_20240802_15_00_00/vexv5/libv5rt.a(vex_optical.cpp.obj)
                0x000000000380c3f0                vex::optical::~optical()
                0x000000000380c3f0                vex::optical::~optical()
 .text._ZN3vex7opticalD0Ev
                0x000000000380c410       0x1c /Users/lucaschen/Library/Application Support/Code/User/globalStorage/vexrobotics.vexcode/sdk/cpp/V5/V5_20240802_15_00_00/vexv5/libv5rt.a(vex_optical.cpp.obj)
                0x000000000380c410                vex::optical::~optical()
 .text._ZN3vex7optical9installedEv
                0x000000000380c42c       0x18 /Users/lucaschen/Library/Application Support/Code/User/globalStorage/vexrobotics.vexcode/sdk/cpp/V5/V5_20240802_15_00_00/vexv5/libv5rt.a(vex_optical.cpp.obj)
                0x000000000380c42c                vex::optical::installed()
 .text._ZN3vex7optical3hueEv
                0x000000000380c444        0x8 /Users/lucaschen/Library/Application Support/Code/User/globalStorage/vexrobotics.vexcode/sdk/cpp/V5/V5_20240802_15_00_00/vexv5/libv5rt.a(vex_optical.cpp.obj)
                0x000000000380c444                vex::optical::hue()
 .text._ZN3vex7optical5valueEv
                0x000000000380c44c       0x18 /Users/lucaschen/Library/Application Support/Code/User/globalStorage/vexrobotics.vexcode/sdk/cpp/V5/V5_20240802_15_00_00/vexv5/libv5rt.a(vex_optical.cpp.obj)
                0x000000000380c44c                vex::optical::value()
 .text._ZN3vex7optical8setLightENS_8ledStateE
                0x000000000380c464       0x18 /Users/lucaschen/Library/Application Support/Code/User/globalStorage/vexrobotics.vexcode/sdk/cpp/V5/V5_20240802_15_00_00/vexv5/libv5rt.a(vex_optical.cpp.obj)
                0x000000000380c464                vex::optical::setLight(vex::ledState)
 .text._ZN3vex7optical13setLightPowerElNS_12percentUnitsE
                0x000000000380c47c       0x2c /Users/lucaschen/Library/Application Support/Code/User/globalStorage/vexrobotics.vexcode/sdk/cpp/V5/V5_20240802_15_00_00/vexv5/libv5rt.a(vex_optical.cpp.obj)
                0x000000000380c47c                vex::optical::setLightPower(long, vex::percentUnits)
 .text._ZN3vex7optical13gestureEnableEv
                0x000000000380c4a8        0x8 /Users/lucaschen/Library/Application Support/Code/User/globalStorage/vexrobotics.vexcode/sdk/cpp/V5/V5_20240802_15_00_00/vexv5/libv5rt.a(vex_optical.cpp.obj)
                0x000000000380c4a8                vex::optical::gestureEnable()
 .text._ZN3vex7optical14gestureDisableEv
                0x000000000380c4b0        0x8 /Users/lucaschen/Library/Application Support/Code/User/globalStorage/vexrobotics.vexcode/sdk/cpp/V5/V5_20240802_15_00_00/vexv5/libv5rt.a(vex_optical.cpp.obj)
                0x000000000380c4b0                vex::optical::gestureDisable()
 .text._ZN3vex7opticalC2Elb
                0x000000000380c4b8       0x54 /Users/lucaschen/Library/Application Support/Code/User/globalStorage/vexrobotics.vexcode/sdk/cpp/V5/V5_20240802_15_00_00/vexv5/libv5rt.a(vex_optical.cpp.obj)
                0x000000000380c4b8                vex::optical::optical(long, bool)
                0x000000000380c4b8                vex::optical::optical(long, bool)
 .text._ZN3vex7optical15integrationTimeEd
                0x000000000380c50c        0x8 /Users/lucaschen/Library/Application Support/Code/User/globalStorage/vexrobotics.vexcode/sdk/cpp/V5/V5_20240802_15_00_00/vexv5/libv5rt.a(vex_optical.cpp.obj)
                0x000000000380c50c                vex::optical::integrationTime(double)
 .text._ZN3vex8distanceD2Ev
                0x000000000380c514       0x20 /Users/lucaschen/Library/Application Support/Code/User/globalStorage/vexrobotics.vexcode/sdk/cpp/V5/V5_20240802_15_00_00/vexv5/libv5rt.a(vex_distance.cpp.obj)
                0x000000000380c514                vex::distance::~distance()
                0x000000000380c514                vex::distance::~distance()
 .text._ZN3vex8distanceD0Ev
                0x000000000380c534       0x1c /Users/lucaschen/Library/Application Support/Code/User/globalStorage/vexrobotics.vexcode/sdk/cpp/V5/V5_20240802_15_00_00/vexv5/libv5rt.a(vex_distance.cpp.obj)
                0x000000000380c534                vex::distance::~distance()
 .text._ZN3vex8distance9installedEv
                0x000000000380c550       0x18 /Users/lucaschen/Library/Application Support/Code/User/globalStorage/vexrobotics.vexcode/sdk/cpp/V5/V5_20240802_15_00_00/vexv5/libv5rt.a(vex_distance.cpp.obj)
                0x000000000380c550                vex::distance::installed()
 .text._ZN3vex8distance5valueEv
                0x000000000380c568        0x8 /Users/lucaschen/Library/Application Support/Code/User/globalStorage/vexrobotics.vexcode/sdk/cpp/V5/V5_20240802_15_00_00/vexv5/libv5rt.a(vex_distance.cpp.obj)
                0x000000000380c568                vex::distance::value()
 .text._ZN3vex8distanceC2El
                0x000000000380c570       0x20 /Users/lucaschen/Library/Application Support/Code/User/globalStorage/vexrobotics.vexcode/sdk/cpp/V5/V5_20240802_15_00_00/vexv5/libv5rt.a(vex_distance.cpp.obj)
                0x000000000380c570                vex::distance::distance(long)
                0x000000000380c570                vex::distance::distance(long)
 .text._ZN3vex8distance14objectDistanceENS_13distanceUnitsE
                0x000000000380c590       0x48 /Users/lucaschen/Library/Application Support/Code/User/globalStorage/vexrobotics.vexcode/sdk/cpp/V5/V5_20240802_15_00_00/vexv5/libv5rt.a(vex_distance.cpp.obj)
                0x000000000380c590                vex::distance::objectDistance(vex::distanceUnits)
 .text._ZN3vex10controllerD2Ev
                0x000000000380c5d8        0x4 /Users/lucaschen/Library/Application Support/Code/User/globalStorage/vexrobotics.vexcode/sdk/cpp/V5/V5_20240802_15_00_00/vexv5/libv5rt.a(vex_controller.cpp.obj)
                0x000000000380c5d8                vex::controller::~controller()
                0x000000000380c5d8                vex::controller::~controller()
 .text._ZN3vex10controller5valueE19_V5_ControllerIndex
                0x000000000380c5dc        0x8 /Users/lucaschen/Library/Application Support/Code/User/globalStorage/vexrobotics.vexcode/sdk/cpp/V5/V5_20240802_15_00_00/vexv5/libv5rt.a(vex_controller.cpp.obj)
                0x000000000380c5dc                vex::controller::value(_V5_ControllerIndex)
 .text._ZN3vex10controller6rumbleEPKc
                0x000000000380c5e4       0x4c /Users/lucaschen/Library/Application Support/Code/User/globalStorage/vexrobotics.vexcode/sdk/cpp/V5/V5_20240802_15_00_00/vexv5/libv5rt.a(vex_controller.cpp.obj)
                0x000000000380c5e4                vex::controller::rumble(char const*)
 .text._ZNK3vex10controller6button8pressingEv
                0x000000000380c630       0xc8 /Users/lucaschen/Library/Application Support/Code/User/globalStorage/vexrobotics.vexcode/sdk/cpp/V5/V5_20240802_15_00_00/vexv5/libv5rt.a(vex_controller.cpp.obj)
                0x000000000380c630                vex::controller::button::pressing() const
 .text._ZNK3vex10controller6button21_buttonToPressedEventEv
                0x000000000380c6f8       0x20 /Users/lucaschen/Library/Application Support/Code/User/globalStorage/vexrobotics.vexcode/sdk/cpp/V5/V5_20240802_15_00_00/vexv5/libv5rt.a(vex_controller.cpp.obj)
                0x000000000380c6f8                vex::controller::button::_buttonToPressedEvent() const
 .text._ZNK3vex10controller6button22_buttonToReleasedEventEv
                0x000000000380c718       0x20 /Users/lucaschen/Library/Application Support/Code/User/globalStorage/vexrobotics.vexcode/sdk/cpp/V5/V5_20240802_15_00_00/vexv5/libv5rt.a(vex_controller.cpp.obj)
                0x000000000380c718                vex::controller::button::_buttonToReleasedEvent() const
 .text._ZN3vex10controller6buttonC2ENS0_11tButtonTypeEPS0_
                0x000000000380c738       0x48 /Users/lucaschen/Library/Application Support/Code/User/globalStorage/vexrobotics.vexcode/sdk/cpp/V5/V5_20240802_15_00_00/vexv5/libv5rt.a(vex_controller.cpp.obj)
                0x000000000380c738                vex::controller::button::button(vex::controller::tButtonType, vex::controller*)
                0x000000000380c738                vex::controller::button::button(vex::controller::tButtonType, vex::controller*)
 .text._ZNK3vex10controller4axis5valueEv
                0x000000000380c780       0x58 /Users/lucaschen/Library/Application Support/Code/User/globalStorage/vexrobotics.vexcode/sdk/cpp/V5/V5_20240802_15_00_00/vexv5/libv5rt.a(vex_controller.cpp.obj)
                0x000000000380c780                vex::controller::axis::value() const
 .text._ZNK3vex10controller4axis8positionENS_12percentUnitsE
                0x000000000380c7d8       0x1c /Users/lucaschen/Library/Application Support/Code/User/globalStorage/vexrobotics.vexcode/sdk/cpp/V5/V5_20240802_15_00_00/vexv5/libv5rt.a(vex_controller.cpp.obj)
                0x000000000380c7d8                vex::controller::axis::position(vex::percentUnits) const
 .text._ZNK3vex10controller4axis23_joystickToChangedEventEv
                0x000000000380c7f4       0x20 /Users/lucaschen/Library/Application Support/Code/User/globalStorage/vexrobotics.vexcode/sdk/cpp/V5/V5_20240802_15_00_00/vexv5/libv5rt.a(vex_controller.cpp.obj)
                0x000000000380c7f4                vex::controller::axis::_joystickToChangedEvent() const
 .text._ZN3vex10controller4axisC2ENS0_9tAxisTypeEPS0_
                0x000000000380c814       0x2c /Users/lucaschen/Library/Application Support/Code/User/globalStorage/vexrobotics.vexcode/sdk/cpp/V5/V5_20240802_15_00_00/vexv5/libv5rt.a(vex_controller.cpp.obj)
                0x000000000380c814                vex::controller::axis::axis(vex::controller::tAxisType, vex::controller*)
                0x000000000380c814                vex::controller::axis::axis(vex::controller::tAxisType, vex::controller*)
 .text._ZN3vex10controllerC2ENS_14controllerTypeE
                0x000000000380c840      0x16c /Users/lucaschen/Library/Application Support/Code/User/globalStorage/vexrobotics.vexcode/sdk/cpp/V5/V5_20240802_15_00_00/vexv5/libv5rt.a(vex_controller.cpp.obj)
                0x000000000380c840                vex::controller::controller(vex::controllerType)
                0x000000000380c840                vex::controller::controller(vex::controllerType)
 .text._ZN3vex10controller3lcd15getControllerIdEv
                0x000000000380c9ac       0x10 /Users/lucaschen/Library/Application Support/Code/User/globalStorage/vexrobotics.vexcode/sdk/cpp/V5/V5_20240802_15_00_00/vexv5/libv5rt.a(vex_controller.cpp.obj)
                0x000000000380c9ac                vex::controller::lcd::getControllerId()
 .text._ZN3vex10controller3lcd9setCursorEll
                0x000000000380c9bc       0x40 /Users/lucaschen/Library/Application Support/Code/User/globalStorage/vexrobotics.vexcode/sdk/cpp/V5/V5_20240802_15_00_00/vexv5/libv5rt.a(vex_controller.cpp.obj)
                0x000000000380c9bc                vex::controller::lcd::setCursor(long, long)
 .text._ZN3vex10controller3lcd5printEPKcz
                0x000000000380c9fc       0x80 /Users/lucaschen/Library/Application Support/Code/User/globalStorage/vexrobotics.vexcode/sdk/cpp/V5/V5_20240802_15_00_00/vexv5/libv5rt.a(vex_controller.cpp.obj)
                0x000000000380c9fc                vex::controller::lcd::print(char const*, ...)
 .text._ZN3vex10controller3lcd9clearLineEi
                0x000000000380ca7c       0x80 /Users/lucaschen/Library/Application Support/Code/User/globalStorage/vexrobotics.vexcode/sdk/cpp/V5/V5_20240802_15_00_00/vexv5/libv5rt.a(vex_controller.cpp.obj)
                0x000000000380ca7c                vex::controller::lcd::clearLine(int)
 .text._ZN3vex10controller3lcd11clearScreenEv
                0x000000000380cafc       0x5c /Users/lucaschen/Library/Application Support/Code/User/globalStorage/vexrobotics.vexcode/sdk/cpp/V5/V5_20240802_15_00_00/vexv5/libv5rt.a(vex_controller.cpp.obj)
                0x000000000380cafc                vex::controller::lcd::clearScreen()
 .text._ZN3vex4taskC2EPFivE
                0x000000000380cb58       0x5c /Users/lucaschen/Library/Application Support/Code/User/globalStorage/vexrobotics.vexcode/sdk/cpp/V5/V5_20240802_15_00_00/vexv5/libv5rt.a(vex_task.cpp.obj)
                0x000000000380cb58                vex::task::task(int (*)())
                0x000000000380cb58                vex::task::task(int (*)())
 .text._ZN3vex4taskD2Ev
                0x000000000380cbb4        0x4 /Users/lucaschen/Library/Application Support/Code/User/globalStorage/vexrobotics.vexcode/sdk/cpp/V5/V5_20240802_15_00_00/vexv5/libv5rt.a(vex_task.cpp.obj)
                0x000000000380cbb4                vex::task::~task()
                0x000000000380cbb4                vex::task::~task()
 .text._ZN3vex4task4stopEPvi
                0x000000000380cbb8       0x1c /Users/lucaschen/Library/Application Support/Code/User/globalStorage/vexrobotics.vexcode/sdk/cpp/V5/V5_20240802_15_00_00/vexv5/libv5rt.a(vex_task.cpp.obj)
                0x000000000380cbb8                vex::task::stop(void*, int)
 .text._ZN3vex4task6_indexEPFivE
                0x000000000380cbd4       0x14 /Users/lucaschen/Library/Application Support/Code/User/globalStorage/vexrobotics.vexcode/sdk/cpp/V5/V5_20240802_15_00_00/vexv5/libv5rt.a(vex_task.cpp.obj)
                0x000000000380cbd4                vex::task::_index(int (*)())
 .text._ZN3vex4task8_stopAllEv
                0x000000000380cbe8       0x3c /Users/lucaschen/Library/Application Support/Code/User/globalStorage/vexrobotics.vexcode/sdk/cpp/V5/V5_20240802_15_00_00/vexv5/libv5rt.a(vex_task.cpp.obj)
                0x000000000380cbe8                vex::task::_stopAll()
 .text._ZN3vex11this_thread9sleep_forEm
                0x000000000380cc24        0x4 /Users/lucaschen/Library/Application Support/Code/User/globalStorage/vexrobotics.vexcode/sdk/cpp/V5/V5_20240802_15_00_00/vexv5/libv5rt.a(vex_thread.cpp.obj)
                0x000000000380cc24                vex::this_thread::sleep_for(unsigned long)
 .text._ZN3vex5event4initEmmPFvvE
                0x000000000380cc28        0x4 /Users/lucaschen/Library/Application Support/Code/User/globalStorage/vexrobotics.vexcode/sdk/cpp/V5/V5_20240802_15_00_00/vexv5/libv5rt.a(vex_event.cpp.obj)
                0x000000000380cc28                vex::event::init(unsigned long, unsigned long, void (*)())
 .text._ZN3vex5event4initEmmPFvPvES1_
                0x000000000380cc2c        0x4 /Users/lucaschen/Library/Application Support/Code/User/globalStorage/vexrobotics.vexcode/sdk/cpp/V5/V5_20240802_15_00_00/vexv5/libv5rt.a(vex_event.cpp.obj)
                0x000000000380cc2c                vex::event::init(unsigned long, unsigned long, void (*)(void*), void*)
 .text._ZN3vex5event9userindexEv
                0x000000000380cc30        0x4 /Users/lucaschen/Library/Application Support/Code/User/globalStorage/vexrobotics.vexcode/sdk/cpp/V5/V5_20240802_15_00_00/vexv5/libv5rt.a(vex_event.cpp.obj)
                0x000000000380cc30                vex::event::userindex()
 .text._ZZN3vex6meventC4EmmENUlvE_4_FUNEv
                0x000000000380cc34        0x4 /Users/lucaschen/Library/Application Support/Code/User/globalStorage/vexrobotics.vexcode/sdk/cpp/V5/V5_20240802_15_00_00/vexv5/libv5rt.a(vex_mevent.cpp.obj)
 .text._ZN3vex6meventC2Emm
                0x000000000380cc38       0x70 /Users/lucaschen/Library/Application Support/Code/User/globalStorage/vexrobotics.vexcode/sdk/cpp/V5/V5_20240802_15_00_00/vexv5/libv5rt.a(vex_mevent.cpp.obj)
                0x000000000380cc38                vex::mevent::mevent(unsigned long, unsigned long)
                0x000000000380cc38                vex::mevent::mevent(unsigned long, unsigned long)
 .text._ZN3vex5brain9_getIndexEv
                0x000000000380cca8       0x10 /Users/lucaschen/Library/Application Support/Code/User/globalStorage/vexrobotics.vexcode/sdk/cpp/V5/V5_20240802_15_00_00/vexv5/libv5rt.a(vex_brain.cpp.obj)
                0x000000000380cca8                vex::brain::_getIndex()
 .text._ZN3vex5brain5timerENS_9timeUnitsE
                0x000000000380ccb8        0x8 /Users/lucaschen/Library/Application Support/Code/User/globalStorage/vexrobotics.vexcode/sdk/cpp/V5/V5_20240802_15_00_00/vexv5/libv5rt.a(vex_brain.cpp.obj)
                0x000000000380ccb8                vex::brain::timer(vex::timeUnits)
 .text._ZN3vex5brain3lcd9setCursorEll
                0x000000000380ccc0       0x44 /Users/lucaschen/Library/Application Support/Code/User/globalStorage/vexrobotics.vexcode/sdk/cpp/V5/V5_20240802_15_00_00/vexv5/libv5rt.a(vex_brain.cpp.obj)
                0x000000000380ccc0                vex::brain::lcd::setCursor(long, long)
 .text._ZN3vex5brain3lcd7setFontENS_8fontTypeE
                0x000000000380cd04      0x23c /Users/lucaschen/Library/Application Support/Code/User/globalStorage/vexrobotics.vexcode/sdk/cpp/V5/V5_20240802_15_00_00/vexv5/libv5rt.a(vex_brain.cpp.obj)
                0x000000000380cd04                vex::brain::lcd::setFont(vex::fontType)
 .text._ZN3vex5brain3lcdC2Ev
                0x000000000380cf40       0x94 /Users/lucaschen/Library/Application Support/Code/User/globalStorage/vexrobotics.vexcode/sdk/cpp/V5/V5_20240802_15_00_00/vexv5/libv5rt.a(vex_brain.cpp.obj)
                0x000000000380cf40                vex::brain::lcd::lcd()
                0x000000000380cf40                vex::brain::lcd::lcd()
 .text._ZN3vex5brainC2Ev
                0x000000000380cfd4       0x3c /Users/lucaschen/Library/Application Support/Code/User/globalStorage/vexrobotics.vexcode/sdk/cpp/V5/V5_20240802_15_00_00/vexv5/libv5rt.a(vex_brain.cpp.obj)
                0x000000000380cfd4                vex::brain::brain()
                0x000000000380cfd4                vex::brain::brain()
 .text._ZN3vex5brain3lcd7printAtEllPKcz
                0x000000000380d010       0x54 /Users/lucaschen/Library/Application Support/Code/User/globalStorage/vexrobotics.vexcode/sdk/cpp/V5/V5_20240802_15_00_00/vexv5/libv5rt.a(vex_brain.cpp.obj)
                0x000000000380d010                vex::brain::lcd::printAt(long, long, char const*, ...)
 .text._ZN3vex5brainD2Ev
                0x000000000380d064       0x20 /Users/lucaschen/Library/Application Support/Code/User/globalStorage/vexrobotics.vexcode/sdk/cpp/V5/V5_20240802_15_00_00/vexv5/libv5rt.a(vex_brain.cpp.obj)
                0x000000000380d064                vex::brain::~brain()
                0x000000000380d064                vex::brain::~brain()
 .text._ZN3vex11competition8_disableEPv
                0x000000000380d084       0xa4 /Users/lucaschen/Library/Application Support/Code/User/globalStorage/vexrobotics.vexcode/sdk/cpp/V5/V5_20240802_15_00_00/vexv5/libv5rt.a(vex_competition.cpp.obj)
                0x000000000380d084                vex::competition::_disable(void*)
 .text._ZN3vex11competition11_autonomousEv
                0x000000000380d128       0x80 /Users/lucaschen/Library/Application Support/Code/User/globalStorage/vexrobotics.vexcode/sdk/cpp/V5/V5_20240802_15_00_00/vexv5/libv5rt.a(vex_competition.cpp.obj)
                0x000000000380d128                vex::competition::_autonomous()
 .text._ZN3vex11competition14_drivercontrolEv
                0x000000000380d1a8       0x80 /Users/lucaschen/Library/Application Support/Code/User/globalStorage/vexrobotics.vexcode/sdk/cpp/V5/V5_20240802_15_00_00/vexv5/libv5rt.a(vex_competition.cpp.obj)
                0x000000000380d1a8                vex::competition::_drivercontrol()
 .text._ZN3vex11competitionC2Ev
                0x000000000380d228      0x13c /Users/lucaschen/Library/Application Support/Code/User/globalStorage/vexrobotics.vexcode/sdk/cpp/V5/V5_20240802_15_00_00/vexv5/libv5rt.a(vex_competition.cpp.obj)
                0x000000000380d228                vex::competition::competition()
                0x000000000380d228                vex::competition::competition()
 .text._ZN3vex11competitionD2Ev
                0x000000000380d364        0x4 /Users/lucaschen/Library/Application Support/Code/User/globalStorage/vexrobotics.vexcode/sdk/cpp/V5/V5_20240802_15_00_00/vexv5/libv5rt.a(vex_competition.cpp.obj)
                0x000000000380d364                vex::competition::~competition()
                0x000000000380d364                vex::competition::~competition()
 .text._ZN3vex11competition10autonomousEPFvvE
                0x000000000380d368       0x44 /Users/lucaschen/Library/Application Support/Code/User/globalStorage/vexrobotics.vexcode/sdk/cpp/V5/V5_20240802_15_00_00/vexv5/libv5rt.a(vex_competition.cpp.obj)
                0x000000000380d368                vex::competition::autonomous(void (*)())
 .text._ZN3vex11competition13drivercontrolEPFvvE
                0x000000000380d3ac       0x44 /Users/lucaschen/Library/Application Support/Code/User/globalStorage/vexrobotics.vexcode/sdk/cpp/V5/V5_20240802_15_00_00/vexv5/libv5rt.a(vex_competition.cpp.obj)
                0x000000000380d3ac                vex::competition::drivercontrol(void (*)())
 .text._ZN3vex11competition15isDriverControlEv
                0x000000000380d3f0       0x14 /Users/lucaschen/Library/Application Support/Code/User/globalStorage/vexrobotics.vexcode/sdk/cpp/V5/V5_20240802_15_00_00/vexv5/libv5rt.a(vex_competition.cpp.obj)
                0x000000000380d3f0                vex::competition::isDriverControl()
 .text._ZN3vex11competition12isAutonomousEv
                0x000000000380d404       0x14 /Users/lucaschen/Library/Application Support/Code/User/globalStorage/vexrobotics.vexcode/sdk/cpp/V5/V5_20240802_15_00_00/vexv5/libv5rt.a(vex_competition.cpp.obj)
                0x000000000380d404                vex::competition::isAutonomous()
 .text._ZN3vex7triportD2Ev
                0x000000000380d418       0x38 /Users/lucaschen/Library/Application Support/Code/User/globalStorage/vexrobotics.vexcode/sdk/cpp/V5/V5_20240802_15_00_00/vexv5/libv5rt.a(vex_triport.cpp.obj)
                0x000000000380d418                vex::triport::~triport()
                0x000000000380d418                vex::triport::~triport()
 .text._ZN3vex7triportD0Ev
                0x000000000380d450       0x1c /Users/lucaschen/Library/Application Support/Code/User/globalStorage/vexrobotics.vexcode/sdk/cpp/V5/V5_20240802_15_00_00/vexv5/libv5rt.a(vex_triport.cpp.obj)
                0x000000000380d450                vex::triport::~triport()
 .text._ZN3vex7triport9installedEv
                0x000000000380d46c       0x18 /Users/lucaschen/Library/Application Support/Code/User/globalStorage/vexrobotics.vexcode/sdk/cpp/V5/V5_20240802_15_00_00/vexv5/libv5rt.a(vex_triport.cpp.obj)
                0x000000000380d46c                vex::triport::installed()
 .text._ZN3vex7triport4portC2ElPS0_
                0x000000000380d484       0x74 /Users/lucaschen/Library/Application Support/Code/User/globalStorage/vexrobotics.vexcode/sdk/cpp/V5/V5_20240802_15_00_00/vexv5/libv5rt.a(vex_triport.cpp.obj)
                0x000000000380d484                vex::triport::port::port(long, vex::triport*)
                0x000000000380d484                vex::triport::port::port(long, vex::triport*)
 .text._ZN3vex7triportC2El
                0x000000000380d4f8       0xf0 /Users/lucaschen/Library/Application Support/Code/User/globalStorage/vexrobotics.vexcode/sdk/cpp/V5/V5_20240802_15_00_00/vexv5/libv5rt.a(vex_triport.cpp.obj)
                0x000000000380d4f8                vex::triport::triport(long)
                0x000000000380d4f8                vex::triport::triport(long)
 .text._ZN3vex7triport4port4typeENS_11triportTypeE
                0x000000000380d5e8       0x30 /Users/lucaschen/Library/Application Support/Code/User/globalStorage/vexrobotics.vexcode/sdk/cpp/V5/V5_20240802_15_00_00/vexv5/libv5rt.a(vex_triport.cpp.obj)
                0x000000000380d5e8                vex::triport::port::type(vex::triportType)
 .text._ZN3vex7triport4port4typeEv
                0x000000000380d618       0x38 /Users/lucaschen/Library/Application Support/Code/User/globalStorage/vexrobotics.vexcode/sdk/cpp/V5/V5_20240802_15_00_00/vexv5/libv5rt.a(vex_triport.cpp.obj)
                0x000000000380d618                vex::triport::port::type()
 .text._ZN3vex7triport4port5valueEv
                0x000000000380d650       0x14 /Users/lucaschen/Library/Application Support/Code/User/globalStorage/vexrobotics.vexcode/sdk/cpp/V5/V5_20240802_15_00_00/vexv5/libv5rt.a(vex_triport.cpp.obj)
                0x000000000380d650                vex::triport::port::value()
 .text._ZN3vex7triport4port5valueEl
                0x000000000380d664       0x18 /Users/lucaschen/Library/Application Support/Code/User/globalStorage/vexrobotics.vexcode/sdk/cpp/V5/V5_20240802_15_00_00/vexv5/libv5rt.a(vex_triport.cpp.obj)
                0x000000000380d664                vex::triport::port::value(long)
 .text._ZN3vex11__trideviceC2ERNS_7triport4portENS_11triportTypeE
                0x000000000380d67c       0x5c /Users/lucaschen/Library/Application Support/Code/User/globalStorage/vexrobotics.vexcode/sdk/cpp/V5/V5_20240802_15_00_00/vexv5/libv5rt.a(vex_triport.cpp.obj)
                0x000000000380d67c                vex::__tridevice::__tridevice(vex::triport::port&, vex::triportType)
                0x000000000380d67c                vex::__tridevice::__tridevice(vex::triport::port&, vex::triportType)
 .text._ZN3vex11digital_outC2ERNS_7triport4portE
                0x000000000380d6d8       0x18 /Users/lucaschen/Library/Application Support/Code/User/globalStorage/vexrobotics.vexcode/sdk/cpp/V5/V5_20240802_15_00_00/vexv5/libv5rt.a(vex_triport.cpp.obj)
                0x000000000380d6d8                vex::digital_out::digital_out(vex::triport::port&)
                0x000000000380d6d8                vex::digital_out::digital_out(vex::triport::port&)
 .text._ZN3vex11digital_outD2Ev
                0x000000000380d6f0        0x4 /Users/lucaschen/Library/Application Support/Code/User/globalStorage/vexrobotics.vexcode/sdk/cpp/V5/V5_20240802_15_00_00/vexv5/libv5rt.a(vex_triport.cpp.obj)
                0x000000000380d6f0                vex::digital_out::~digital_out()
                0x000000000380d6f0                vex::digital_out::~digital_out()
 .text._ZN3vex11digital_out5valueEv
                0x000000000380d6f4        0x8 /Users/lucaschen/Library/Application Support/Code/User/globalStorage/vexrobotics.vexcode/sdk/cpp/V5/V5_20240802_15_00_00/vexv5/libv5rt.a(vex_triport.cpp.obj)
                0x000000000380d6f4                vex::digital_out::value()
 .text._ZN3vex11digital_out3setEb
                0x000000000380d6fc        0x8 /Users/lucaschen/Library/Application Support/Code/User/globalStorage/vexrobotics.vexcode/sdk/cpp/V5/V5_20240802_15_00_00/vexv5/libv5rt.a(vex_triport.cpp.obj)
                0x000000000380d6fc                vex::digital_out::set(bool)
 .text._ZN3vex5colorD2Ev
                0x000000000380d704        0x4 /Users/lucaschen/Library/Application Support/Code/User/globalStorage/vexrobotics.vexcode/sdk/cpp/V5/V5_20240802_15_00_00/vexv5/libv5rt.a(vex_color.cpp.obj)
                0x000000000380d704                vex::color::~color()
                0x000000000380d704                vex::color::~color()
 .text.startup._GLOBAL__sub_I__ZN3vex5color5blackE
                0x000000000380d708      0x164 /Users/lucaschen/Library/Application Support/Code/User/globalStorage/vexrobotics.vexcode/sdk/cpp/V5/V5_20240802_15_00_00/vexv5/libv5rt.a(vex_color.cpp.obj)
 .text._ZN3vex5timerD2Ev
                0x000000000380d86c        0x4 /Users/lucaschen/Library/Application Support/Code/User/globalStorage/vexrobotics.vexcode/sdk/cpp/V5/V5_20240802_15_00_00/vexv5/libv5rt.a(vex_timer.cpp.obj)
                0x000000000380d86c                vex::timer::~timer()
                0x000000000380d86c                vex::timer::~timer()
 .text._ZN3vex5timer5clearEv
                0x000000000380d870       0x1c /Users/lucaschen/Library/Application Support/Code/User/globalStorage/vexrobotics.vexcode/sdk/cpp/V5/V5_20240802_15_00_00/vexv5/libv5rt.a(vex_timer.cpp.obj)
                0x000000000380d870                vex::timer::clear()
 .text._ZN3vex5timerC2Ev
                0x000000000380d88c       0x14 /Users/lucaschen/Library/Application Support/Code/User/globalStorage/vexrobotics.vexcode/sdk/cpp/V5/V5_20240802_15_00_00/vexv5/libv5rt.a(vex_timer.cpp.obj)
                0x000000000380d88c                vex::timer::timer()
                0x000000000380d88c                vex::timer::timer()
 .text._ZNK3vex5timer4timeENS_9timeUnitsE
                0x000000000380d8a0       0x40 /Users/lucaschen/Library/Application Support/Code/User/globalStorage/vexrobotics.vexcode/sdk/cpp/V5/V5_20240802_15_00_00/vexv5/libv5rt.a(vex_timer.cpp.obj)
                0x000000000380d8a0                vex::timer::time(vex::timeUnits) const
 .text._ZN3vex5timer6systemEv
                0x000000000380d8e0        0x4 /Users/lucaschen/Library/Application Support/Code/User/globalStorage/vexrobotics.vexcode/sdk/cpp/V5/V5_20240802_15_00_00/vexv5/libv5rt.a(vex_timer.cpp.obj)
                0x000000000380d8e0                vex::timer::system()
 .text._ZN3vex11motor_group18motor_group_motorsC2Ev
                0x000000000380d8e4       0x28 /Users/lucaschen/Library/Application Support/Code/User/globalStorage/vexrobotics.vexcode/sdk/cpp/V5/V5_20240802_15_00_00/vexv5/libv5rt.a(vex_motorgroup.cpp.obj)
                0x000000000380d8e4                vex::motor_group::motor_group_motors::motor_group_motors()
                0x000000000380d8e4                vex::motor_group::motor_group_motors::motor_group_motors()
 .text._ZN3vex11motor_groupC2Ev
                0x000000000380d90c       0x1c /Users/lucaschen/Library/Application Support/Code/User/globalStorage/vexrobotics.vexcode/sdk/cpp/V5/V5_20240802_15_00_00/vexv5/libv5rt.a(vex_motorgroup.cpp.obj)
                0x000000000380d90c                vex::motor_group::motor_group()
                0x000000000380d90c                vex::motor_group::motor_group()
 .text._ZN3vex11motor_groupD2Ev
                0x000000000380d928        0x4 /Users/lucaschen/Library/Application Support/Code/User/globalStorage/vexrobotics.vexcode/sdk/cpp/V5/V5_20240802_15_00_00/vexv5/libv5rt.a(vex_motorgroup.cpp.obj)
                0x000000000380d928                vex::motor_group::~motor_group()
                0x000000000380d928                vex::motor_group::~motor_group()
 .text._ZN3vex11motor_group9_addMotorERNS_5motorE
                0x000000000380d92c       0x20 /Users/lucaschen/Library/Application Support/Code/User/globalStorage/vexrobotics.vexcode/sdk/cpp/V5/V5_20240802_15_00_00/vexv5/libv5rt.a(vex_motorgroup.cpp.obj)
                0x000000000380d92c                vex::motor_group::_addMotor(vex::motor&)
 .text._ZN3vex11motor_group11setStoppingENS_9brakeTypeE
                0x000000000380d94c       0x38 /Users/lucaschen/Library/Application Support/Code/User/globalStorage/vexrobotics.vexcode/sdk/cpp/V5/V5_20240802_15_00_00/vexv5/libv5rt.a(vex_motorgroup.cpp.obj)
                0x000000000380d94c                vex::motor_group::setStopping(vex::brakeType)
 .text._ZN3vex11motor_group4spinENS_13directionTypeEdNS_12voltageUnitsE
                0x000000000380d984       0x54 /Users/lucaschen/Library/Application Support/Code/User/globalStorage/vexrobotics.vexcode/sdk/cpp/V5/V5_20240802_15_00_00/vexv5/libv5rt.a(vex_motorgroup.cpp.obj)
                0x000000000380d984                vex::motor_group::spin(vex::directionType, double, vex::voltageUnits)
 .text._ZN3vex11motor_group4stopENS_9brakeTypeE
                0x000000000380d9d8       0x38 /Users/lucaschen/Library/Application Support/Code/User/globalStorage/vexrobotics.vexcode/sdk/cpp/V5/V5_20240802_15_00_00/vexv5/libv5rt.a(vex_motorgroup.cpp.obj)
                0x000000000380d9d8                vex::motor_group::stop(vex::brakeType)
 .text.vexAdiPortConfigSet
                0x000000000380da10       0x28 /Users/lucaschen/Library/Application Support/Code/User/globalStorage/vexrobotics.vexcode/sdk/cpp/V5/V5_20240802_15_00_00/vexv5/libv5rt.a(v5_apiuser.c.obj)
                0x000000000380da10                vexAdiPortConfigSet
 .text.vexAdiPortConfigGet